<!doctype html public "-//w3c//dtd html 4.0 transitional//en">
<html><head>
<title>Static Call Graph - [CtrBoard\CtrBoard.axf]</title></head>
<body><HR>
<H1>Static Call Graph for image CtrBoard\CtrBoard.axf</H1><HR>
<BR><P>#&#060CALLGRAPH&#062# ARM Linker, 5060750: Last Updated: Wed Sep 25 12:44:40 2024
<BR><P>
<H3>Maximum Stack Usage =        408 bytes + Unknown(Cycles, Untraceable Function Pointers)</H3><H3>
Call chain for Maximum Stack Depth:</H3>
MX_FDCAN1_Init &rArr; HAL_FDCAN_Init &rArr; HAL_FDCAN_MspInit &rArr; HAL_RCCEx_PeriphCLKConfig &rArr; RCCEx_PLL3_Config
<P>
<H3>
Mutually Recursive functions
</H3> <LI><a href="#[74]">ADC3_IRQHandler</a>&nbsp;&nbsp;&nbsp;&rArr;&nbsp;&nbsp;&nbsp;<a href="#[74]">ADC3_IRQHandler</a><BR>
 <LI><a href="#[5]">BusFault_Handler</a>&nbsp;&nbsp;&nbsp;&rArr;&nbsp;&nbsp;&nbsp;<a href="#[5]">BusFault_Handler</a><BR>
 <LI><a href="#[3]">HardFault_Handler</a>&nbsp;&nbsp;&nbsp;&rArr;&nbsp;&nbsp;&nbsp;<a href="#[3]">HardFault_Handler</a><BR>
 <LI><a href="#[4]">MemManage_Handler</a>&nbsp;&nbsp;&nbsp;&rArr;&nbsp;&nbsp;&nbsp;<a href="#[4]">MemManage_Handler</a><BR>
 <LI><a href="#[2]">NMI_Handler</a>&nbsp;&nbsp;&nbsp;&rArr;&nbsp;&nbsp;&nbsp;<a href="#[2]">NMI_Handler</a><BR>
 <LI><a href="#[6]">UsageFault_Handler</a>&nbsp;&nbsp;&nbsp;&rArr;&nbsp;&nbsp;&nbsp;<a href="#[6]">UsageFault_Handler</a><BR>
</UL>
<P>
<H3>
Function Pointers
</H3><UL>
 <LI><a href="#[74]">ADC3_IRQHandler</a> from startup_stm32h723xx.o(.text) referenced from startup_stm32h723xx.o(RESET)
 <LI><a href="#[1d]">ADC_IRQHandler</a> from startup_stm32h723xx.o(.text) referenced from startup_stm32h723xx.o(RESET)
 <LI><a href="#[76]">BDMA_Channel0_IRQHandler</a> from startup_stm32h723xx.o(.text) referenced from startup_stm32h723xx.o(RESET)
 <LI><a href="#[77]">BDMA_Channel1_IRQHandler</a> from startup_stm32h723xx.o(.text) referenced from startup_stm32h723xx.o(RESET)
 <LI><a href="#[78]">BDMA_Channel2_IRQHandler</a> from startup_stm32h723xx.o(.text) referenced from startup_stm32h723xx.o(RESET)
 <LI><a href="#[79]">BDMA_Channel3_IRQHandler</a> from startup_stm32h723xx.o(.text) referenced from startup_stm32h723xx.o(RESET)
 <LI><a href="#[7a]">BDMA_Channel4_IRQHandler</a> from startup_stm32h723xx.o(.text) referenced from startup_stm32h723xx.o(RESET)
 <LI><a href="#[7b]">BDMA_Channel5_IRQHandler</a> from startup_stm32h723xx.o(.text) referenced from startup_stm32h723xx.o(RESET)
 <LI><a href="#[7c]">BDMA_Channel6_IRQHandler</a> from startup_stm32h723xx.o(.text) referenced from startup_stm32h723xx.o(RESET)
 <LI><a href="#[7d]">BDMA_Channel7_IRQHandler</a> from startup_stm32h723xx.o(.text) referenced from startup_stm32h723xx.o(RESET)
 <LI><a href="#[5]">BusFault_Handler</a> from stm32h7xx_it.o(i.BusFault_Handler) referenced from startup_stm32h723xx.o(RESET)
 <LI><a href="#[62]">CEC_IRQHandler</a> from startup_stm32h723xx.o(.text) referenced from startup_stm32h723xx.o(RESET)
 <LI><a href="#[7e]">COMP1_IRQHandler</a> from startup_stm32h723xx.o(.text) referenced from startup_stm32h723xx.o(RESET)
 <LI><a href="#[8b]">CORDIC_IRQHandler</a> from startup_stm32h723xx.o(.text) referenced from startup_stm32h723xx.o(RESET)
 <LI><a href="#[9d]">CO_HBcons_receive</a> from co_hbconsumer.o(i.CO_HBcons_receive) referenced from co_hbconsumer.o(i.CO_HBconsumer_initEntry)
 <LI><a href="#[9e]">CO_LSSslave_receive</a> from co_lssslave.o(i.CO_LSSslave_receive) referenced from co_lssslave.o(i.CO_LSSslave_init)
 <LI><a href="#[a0]">CO_NMT_receive</a> from co_nmt_heartbeat.o(i.CO_NMT_receive) referenced from co_nmt_heartbeat.o(i.CO_NMT_init)
 <LI><a href="#[a1]">CO_PDO_receive</a> from co_pdo.o(i.CO_PDO_receive) referenced from co_pdo.o(i.CO_RPDO_init)
 <LI><a href="#[a1]">CO_PDO_receive</a> from co_pdo.o(i.CO_PDO_receive) referenced from co_pdo.o(i.OD_write_14xx)
 <LI><a href="#[a7]">CO_SDO_receive</a> from co_sdoserver.o(i.CO_SDO_receive) referenced from co_sdoserver.o(i.CO_SDOserver_init_canRxTx)
 <LI><a href="#[a5]">CO_SDOclient_receive</a> from co_sdoclient.o(i.CO_SDOclient_receive) referenced from co_sdoclient.o(i.CO_SDOclient_setup)
 <LI><a href="#[aa]">CO_SYNC_receive</a> from co_sync.o(i.CO_SYNC_receive) referenced from co_sync.o(i.CO_SYNC_init)
 <LI><a href="#[aa]">CO_SYNC_receive</a> from co_sync.o(i.CO_SYNC_receive) referenced from co_sync.o(i.OD_write_1005)
 <LI><a href="#[ac]">CO_TIME_receive</a> from co_time.o(i.CO_TIME_receive) referenced from co_time.o(i.CO_TIME_init)
 <LI><a href="#[84]">CRS_IRQHandler</a> from startup_stm32h723xx.o(.text) referenced from startup_stm32h723xx.o(RESET)
 <LI><a href="#[54]">DCMI_PSSI_IRQHandler</a> from startup_stm32h723xx.o(.text) referenced from startup_stm32h723xx.o(RESET)
 <LI><a href="#[67]">DFSDM1_FLT0_IRQHandler</a> from startup_stm32h723xx.o(.text) referenced from startup_stm32h723xx.o(RESET)
 <LI><a href="#[68]">DFSDM1_FLT1_IRQHandler</a> from startup_stm32h723xx.o(.text) referenced from startup_stm32h723xx.o(RESET)
 <LI><a href="#[69]">DFSDM1_FLT2_IRQHandler</a> from startup_stm32h723xx.o(.text) referenced from startup_stm32h723xx.o(RESET)
 <LI><a href="#[6a]">DFSDM1_FLT3_IRQHandler</a> from startup_stm32h723xx.o(.text) referenced from startup_stm32h723xx.o(RESET)
 <LI><a href="#[16]">DMA1_Stream0_IRQHandler</a> from startup_stm32h723xx.o(.text) referenced from startup_stm32h723xx.o(RESET)
 <LI><a href="#[17]">DMA1_Stream1_IRQHandler</a> from startup_stm32h723xx.o(.text) referenced from startup_stm32h723xx.o(RESET)
 <LI><a href="#[18]">DMA1_Stream2_IRQHandler</a> from startup_stm32h723xx.o(.text) referenced from startup_stm32h723xx.o(RESET)
 <LI><a href="#[19]">DMA1_Stream3_IRQHandler</a> from startup_stm32h723xx.o(.text) referenced from startup_stm32h723xx.o(RESET)
 <LI><a href="#[1a]">DMA1_Stream4_IRQHandler</a> from startup_stm32h723xx.o(.text) referenced from startup_stm32h723xx.o(RESET)
 <LI><a href="#[1b]">DMA1_Stream5_IRQHandler</a> from startup_stm32h723xx.o(.text) referenced from startup_stm32h723xx.o(RESET)
 <LI><a href="#[1c]">DMA1_Stream6_IRQHandler</a> from startup_stm32h723xx.o(.text) referenced from startup_stm32h723xx.o(RESET)
 <LI><a href="#[39]">DMA1_Stream7_IRQHandler</a> from startup_stm32h723xx.o(.text) referenced from startup_stm32h723xx.o(RESET)
 <LI><a href="#[5f]">DMA2D_IRQHandler</a> from startup_stm32h723xx.o(.text) referenced from startup_stm32h723xx.o(RESET)
 <LI><a href="#[42]">DMA2_Stream0_IRQHandler</a> from startup_stm32h723xx.o(.text) referenced from startup_stm32h723xx.o(RESET)
 <LI><a href="#[43]">DMA2_Stream1_IRQHandler</a> from startup_stm32h723xx.o(.text) referenced from startup_stm32h723xx.o(RESET)
 <LI><a href="#[44]">DMA2_Stream2_IRQHandler</a> from startup_stm32h723xx.o(.text) referenced from startup_stm32h723xx.o(RESET)
 <LI><a href="#[45]">DMA2_Stream3_IRQHandler</a> from startup_stm32h723xx.o(.text) referenced from startup_stm32h723xx.o(RESET)
 <LI><a href="#[46]">DMA2_Stream4_IRQHandler</a> from startup_stm32h723xx.o(.text) referenced from startup_stm32h723xx.o(RESET)
 <LI><a href="#[4a]">DMA2_Stream5_IRQHandler</a> from startup_stm32h723xx.o(.text) referenced from startup_stm32h723xx.o(RESET)
 <LI><a href="#[4b]">DMA2_Stream6_IRQHandler</a> from startup_stm32h723xx.o(.text) referenced from startup_stm32h723xx.o(RESET)
 <LI><a href="#[4c]">DMA2_Stream7_IRQHandler</a> from startup_stm32h723xx.o(.text) referenced from startup_stm32h723xx.o(RESET)
 <LI><a href="#[66]">DMAMUX1_OVR_IRQHandler</a> from startup_stm32h723xx.o(.text) referenced from startup_stm32h723xx.o(RESET)
 <LI><a href="#[75]">DMAMUX2_OVR_IRQHandler</a> from startup_stm32h723xx.o(.text) referenced from startup_stm32h723xx.o(RESET)
 <LI><a href="#[87]">DTS_IRQHandler</a> from startup_stm32h723xx.o(.text) referenced from startup_stm32h723xx.o(RESET)
 <LI><a href="#[8]">DebugMon_Handler</a> from stm32h7xx_it.o(i.DebugMon_Handler) referenced from startup_stm32h723xx.o(RESET)
 <LI><a href="#[85]">ECC_IRQHandler</a> from startup_stm32h723xx.o(.text) referenced from startup_stm32h723xx.o(RESET)
 <LI><a href="#[47]">ETH_IRQHandler</a> from startup_stm32h723xx.o(.text) referenced from startup_stm32h723xx.o(RESET)
 <LI><a href="#[48]">ETH_WKUP_IRQHandler</a> from startup_stm32h723xx.o(.text) referenced from startup_stm32h723xx.o(RESET)
 <LI><a href="#[11]">EXTI0_IRQHandler</a> from startup_stm32h723xx.o(.text) referenced from startup_stm32h723xx.o(RESET)
 <LI><a href="#[33]">EXTI15_10_IRQHandler</a> from startup_stm32h723xx.o(.text) referenced from startup_stm32h723xx.o(RESET)
 <LI><a href="#[12]">EXTI1_IRQHandler</a> from startup_stm32h723xx.o(.text) referenced from startup_stm32h723xx.o(RESET)
 <LI><a href="#[13]">EXTI2_IRQHandler</a> from startup_stm32h723xx.o(.text) referenced from startup_stm32h723xx.o(RESET)
 <LI><a href="#[14]">EXTI3_IRQHandler</a> from startup_stm32h723xx.o(.text) referenced from startup_stm32h723xx.o(RESET)
 <LI><a href="#[15]">EXTI4_IRQHandler</a> from startup_stm32h723xx.o(.text) referenced from startup_stm32h723xx.o(RESET)
 <LI><a href="#[22]">EXTI9_5_IRQHandler</a> from startup_stm32h723xx.o(.text) referenced from startup_stm32h723xx.o(RESET)
 <LI><a href="#[1e]">FDCAN1_IT0_IRQHandler</a> from stm32h7xx_it.o(i.FDCAN1_IT0_IRQHandler) referenced from startup_stm32h723xx.o(RESET)
 <LI><a href="#[20]">FDCAN1_IT1_IRQHandler</a> from stm32h7xx_it.o(i.FDCAN1_IT1_IRQHandler) referenced from startup_stm32h723xx.o(RESET)
 <LI><a href="#[1f]">FDCAN2_IT0_IRQHandler</a> from startup_stm32h723xx.o(.text) referenced from startup_stm32h723xx.o(RESET)
 <LI><a href="#[21]">FDCAN2_IT1_IRQHandler</a> from startup_stm32h723xx.o(.text) referenced from startup_stm32h723xx.o(RESET)
 <LI><a href="#[90]">FDCAN3_IT0_IRQHandler</a> from startup_stm32h723xx.o(.text) referenced from startup_stm32h723xx.o(RESET)
 <LI><a href="#[91]">FDCAN3_IT1_IRQHandler</a> from startup_stm32h723xx.o(.text) referenced from startup_stm32h723xx.o(RESET)
 <LI><a href="#[49]">FDCAN_CAL_IRQHandler</a> from startup_stm32h723xx.o(.text) referenced from startup_stm32h723xx.o(RESET)
 <LI><a href="#[f]">FLASH_IRQHandler</a> from startup_stm32h723xx.o(.text) referenced from startup_stm32h723xx.o(RESET)
 <LI><a href="#[8a]">FMAC_IRQHandler</a> from startup_stm32h723xx.o(.text) referenced from startup_stm32h723xx.o(RESET)
 <LI><a href="#[3a]">FMC_IRQHandler</a> from startup_stm32h723xx.o(.text) referenced from startup_stm32h723xx.o(RESET)
 <LI><a href="#[56]">FPU_IRQHandler</a> from startup_stm32h723xx.o(.text) referenced from startup_stm32h723xx.o(RESET)
 <LI><a href="#[73]">HSEM1_IRQHandler</a> from startup_stm32h723xx.o(.text) referenced from startup_stm32h723xx.o(RESET)
 <LI><a href="#[3]">HardFault_Handler</a> from stm32h7xx_it.o(i.HardFault_Handler) referenced from startup_stm32h723xx.o(RESET)
 <LI><a href="#[2b]">I2C1_ER_IRQHandler</a> from startup_stm32h723xx.o(.text) referenced from startup_stm32h723xx.o(RESET)
 <LI><a href="#[2a]">I2C1_EV_IRQHandler</a> from startup_stm32h723xx.o(.text) referenced from startup_stm32h723xx.o(RESET)
 <LI><a href="#[2d]">I2C2_ER_IRQHandler</a> from startup_stm32h723xx.o(.text) referenced from startup_stm32h723xx.o(RESET)
 <LI><a href="#[2c]">I2C2_EV_IRQHandler</a> from startup_stm32h723xx.o(.text) referenced from startup_stm32h723xx.o(RESET)
 <LI><a href="#[4f]">I2C3_ER_IRQHandler</a> from startup_stm32h723xx.o(.text) referenced from startup_stm32h723xx.o(RESET)
 <LI><a href="#[4e]">I2C3_EV_IRQHandler</a> from startup_stm32h723xx.o(.text) referenced from startup_stm32h723xx.o(RESET)
 <LI><a href="#[64]">I2C4_ER_IRQHandler</a> from startup_stm32h723xx.o(.text) referenced from startup_stm32h723xx.o(RESET)
 <LI><a href="#[63]">I2C4_EV_IRQHandler</a> from startup_stm32h723xx.o(.text) referenced from startup_stm32h723xx.o(RESET)
 <LI><a href="#[8f]">I2C5_ER_IRQHandler</a> from startup_stm32h723xx.o(.text) referenced from startup_stm32h723xx.o(RESET)
 <LI><a href="#[8e]">I2C5_EV_IRQHandler</a> from startup_stm32h723xx.o(.text) referenced from startup_stm32h723xx.o(RESET)
 <LI><a href="#[61]">LPTIM1_IRQHandler</a> from startup_stm32h723xx.o(.text) referenced from startup_stm32h723xx.o(RESET)
 <LI><a href="#[7f]">LPTIM2_IRQHandler</a> from startup_stm32h723xx.o(.text) referenced from startup_stm32h723xx.o(RESET)
 <LI><a href="#[80]">LPTIM3_IRQHandler</a> from startup_stm32h723xx.o(.text) referenced from startup_stm32h723xx.o(RESET)
 <LI><a href="#[81]">LPTIM4_IRQHandler</a> from startup_stm32h723xx.o(.text) referenced from startup_stm32h723xx.o(RESET)
 <LI><a href="#[82]">LPTIM5_IRQHandler</a> from startup_stm32h723xx.o(.text) referenced from startup_stm32h723xx.o(RESET)
 <LI><a href="#[83]">LPUART1_IRQHandler</a> from startup_stm32h723xx.o(.text) referenced from startup_stm32h723xx.o(RESET)
 <LI><a href="#[5e]">LTDC_ER_IRQHandler</a> from startup_stm32h723xx.o(.text) referenced from startup_stm32h723xx.o(RESET)
 <LI><a href="#[5d]">LTDC_IRQHandler</a> from startup_stm32h723xx.o(.text) referenced from startup_stm32h723xx.o(RESET)
 <LI><a href="#[70]">MDIOS_IRQHandler</a> from startup_stm32h723xx.o(.text) referenced from startup_stm32h723xx.o(RESET)
 <LI><a href="#[6f]">MDIOS_WKUP_IRQHandler</a> from startup_stm32h723xx.o(.text) referenced from startup_stm32h723xx.o(RESET)
 <LI><a href="#[71]">MDMA_IRQHandler</a> from startup_stm32h723xx.o(.text) referenced from startup_stm32h723xx.o(RESET)
 <LI><a href="#[b3]">MX_FDCAN1_Init</a> from fdcan.o(i.MX_FDCAN1_Init) referenced from co_app.o(i.canopen_init)
 <LI><a href="#[4]">MemManage_Handler</a> from stm32h7xx_it.o(i.MemManage_Handler) referenced from startup_stm32h723xx.o(RESET)
 <LI><a href="#[2]">NMI_Handler</a> from stm32h7xx_it.o(i.NMI_Handler) referenced from startup_stm32h723xx.o(RESET)
 <LI><a href="#[60]">OCTOSPI1_IRQHandler</a> from startup_stm32h723xx.o(.text) referenced from startup_stm32h723xx.o(RESET)
 <LI><a href="#[89]">OCTOSPI2_IRQHandler</a> from startup_stm32h723xx.o(.text) referenced from startup_stm32h723xx.o(RESET)
 <LI><a href="#[ae]">OD_readDisabled</a> from co_odinterface.o(i.OD_readDisabled) referenced from co_odinterface.o(i.OD_getSub)
 <LI><a href="#[9b]">OD_readOriginal</a> from co_odinterface.o(i.OD_readOriginal) referenced from co_hbconsumer.o(i.CO_HBconsumer_init)
 <LI><a href="#[9b]">OD_readOriginal</a> from co_odinterface.o(i.OD_readOriginal) referenced from co_nmt_heartbeat.o(i.CO_NMT_init)
 <LI><a href="#[9b]">OD_readOriginal</a> from co_odinterface.o(i.OD_readOriginal) referenced from co_pdo.o(i.CO_RPDO_init)
 <LI><a href="#[9b]">OD_readOriginal</a> from co_odinterface.o(i.OD_readOriginal) referenced from co_sdoserver.o(i.CO_SDOserver_init)
 <LI><a href="#[9b]">OD_readOriginal</a> from co_odinterface.o(i.OD_readOriginal) referenced from co_sync.o(i.CO_SYNC_init)
 <LI><a href="#[9b]">OD_readOriginal</a> from co_odinterface.o(i.OD_readOriginal) referenced from co_time.o(i.CO_TIME_init)
 <LI><a href="#[9b]">OD_readOriginal</a> from co_odinterface.o(i.OD_readOriginal) referenced from co_pdo.o(i.CO_TPDO_init)
 <LI><a href="#[9b]">OD_readOriginal</a> from co_odinterface.o(i.OD_readOriginal) referenced from co_odinterface.o(i.OD_getSub)
 <LI><a href="#[99]">OD_read_1003</a> from co_emergency.o(i.OD_read_1003) referenced from co_emergency.o(i.CO_EM_init)
 <LI><a href="#[97]">OD_read_1014_default</a> from co_emergency.o(i.OD_read_1014_default) referenced from co_emergency.o(i.CO_EM_init)
 <LI><a href="#[a2]">OD_read_PDO_commParam</a> from co_pdo.o(i.OD_read_PDO_commParam) referenced from co_pdo.o(i.CO_RPDO_init)
 <LI><a href="#[a2]">OD_read_PDO_commParam</a> from co_pdo.o(i.OD_read_PDO_commParam) referenced from co_pdo.o(i.CO_TPDO_init)
 <LI><a href="#[b0]">OD_read_dummy</a> from co_pdo.o(i.OD_read_dummy) referenced from co_pdo.o(i.PDOconfigMap)
 <LI><a href="#[af]">OD_writeDisabled</a> from co_odinterface.o(i.OD_writeDisabled) referenced from co_odinterface.o(i.OD_getSub)
 <LI><a href="#[98]">OD_writeOriginal</a> from co_odinterface.o(i.OD_writeOriginal) referenced from co_emergency.o(i.CO_EM_init)
 <LI><a href="#[98]">OD_writeOriginal</a> from co_odinterface.o(i.OD_writeOriginal) referenced from co_odinterface.o(i.OD_getSub)
 <LI><a href="#[9a]">OD_write_1003</a> from co_emergency.o(i.OD_write_1003) referenced from co_emergency.o(i.CO_EM_init)
 <LI><a href="#[a8]">OD_write_1005</a> from co_sync.o(i.OD_write_1005) referenced from co_sync.o(i.CO_SYNC_init)
 <LI><a href="#[ab]">OD_write_1012</a> from co_time.o(i.OD_write_1012) referenced from co_time.o(i.CO_TIME_init)
 <LI><a href="#[9c]">OD_write_1016</a> from co_hbconsumer.o(i.OD_write_1016) referenced from co_hbconsumer.o(i.CO_HBconsumer_init)
 <LI><a href="#[9f]">OD_write_1017</a> from co_nmt_heartbeat.o(i.OD_write_1017) referenced from co_nmt_heartbeat.o(i.CO_NMT_init)
 <LI><a href="#[a9]">OD_write_1019</a> from co_sync.o(i.OD_write_1019) referenced from co_sync.o(i.CO_SYNC_init)
 <LI><a href="#[a6]">OD_write_1201_additional</a> from co_sdoserver.o(i.OD_write_1201_additional) referenced from co_sdoserver.o(i.CO_SDOserver_init)
 <LI><a href="#[a3]">OD_write_14xx</a> from co_pdo.o(i.OD_write_14xx) referenced from co_pdo.o(i.CO_RPDO_init)
 <LI><a href="#[ad]">OD_write_18xx</a> from co_pdo.o(i.OD_write_18xx) referenced from co_pdo.o(i.CO_TPDO_init)
 <LI><a href="#[a4]">OD_write_PDO_mapping</a> from co_pdo.o(i.OD_write_PDO_mapping) referenced from co_pdo.o(i.CO_RPDO_init)
 <LI><a href="#[a4]">OD_write_PDO_mapping</a> from co_pdo.o(i.OD_write_PDO_mapping) referenced from co_pdo.o(i.CO_TPDO_init)
 <LI><a href="#[b1]">OD_write_dummy</a> from co_pdo.o(i.OD_write_dummy) referenced from co_pdo.o(i.PDOconfigMap)
 <LI><a href="#[51]">OTG_HS_EP1_IN_IRQHandler</a> from startup_stm32h723xx.o(.text) referenced from startup_stm32h723xx.o(RESET)
 <LI><a href="#[50]">OTG_HS_EP1_OUT_IRQHandler</a> from startup_stm32h723xx.o(.text) referenced from startup_stm32h723xx.o(RESET)
 <LI><a href="#[53]">OTG_HS_IRQHandler</a> from startup_stm32h723xx.o(.text) referenced from startup_stm32h723xx.o(RESET)
 <LI><a href="#[52]">OTG_HS_WKUP_IRQHandler</a> from startup_stm32h723xx.o(.text) referenced from startup_stm32h723xx.o(RESET)
 <LI><a href="#[c]">PVD_AVD_IRQHandler</a> from startup_stm32h723xx.o(.text) referenced from startup_stm32h723xx.o(RESET)
 <LI><a href="#[9]">PendSV_Handler</a> from stm32h7xx_it.o(i.PendSV_Handler) referenced from startup_stm32h723xx.o(RESET)
 <LI><a href="#[10]">RCC_IRQHandler</a> from startup_stm32h723xx.o(.text) referenced from startup_stm32h723xx.o(RESET)
 <LI><a href="#[55]">RNG_IRQHandler</a> from startup_stm32h723xx.o(.text) referenced from startup_stm32h723xx.o(RESET)
 <LI><a href="#[34]">RTC_Alarm_IRQHandler</a> from startup_stm32h723xx.o(.text) referenced from startup_stm32h723xx.o(RESET)
 <LI><a href="#[e]">RTC_WKUP_IRQHandler</a> from startup_stm32h723xx.o(.text) referenced from startup_stm32h723xx.o(RESET)
 <LI><a href="#[1]">Reset_Handler</a> from startup_stm32h723xx.o(.text) referenced from startup_stm32h723xx.o(RESET)
 <LI><a href="#[5c]">SAI1_IRQHandler</a> from startup_stm32h723xx.o(.text) referenced from startup_stm32h723xx.o(RESET)
 <LI><a href="#[86]">SAI4_IRQHandler</a> from startup_stm32h723xx.o(.text) referenced from startup_stm32h723xx.o(RESET)
 <LI><a href="#[3b]">SDMMC1_IRQHandler</a> from startup_stm32h723xx.o(.text) referenced from startup_stm32h723xx.o(RESET)
 <LI><a href="#[72]">SDMMC2_IRQHandler</a> from startup_stm32h723xx.o(.text) referenced from startup_stm32h723xx.o(RESET)
 <LI><a href="#[65]">SPDIF_RX_IRQHandler</a> from startup_stm32h723xx.o(.text) referenced from startup_stm32h723xx.o(RESET)
 <LI><a href="#[2e]">SPI1_IRQHandler</a> from startup_stm32h723xx.o(.text) referenced from startup_stm32h723xx.o(RESET)
 <LI><a href="#[2f]">SPI2_IRQHandler</a> from startup_stm32h723xx.o(.text) referenced from startup_stm32h723xx.o(RESET)
 <LI><a href="#[3d]">SPI3_IRQHandler</a> from startup_stm32h723xx.o(.text) referenced from startup_stm32h723xx.o(RESET)
 <LI><a href="#[59]">SPI4_IRQHandler</a> from startup_stm32h723xx.o(.text) referenced from startup_stm32h723xx.o(RESET)
 <LI><a href="#[5a]">SPI5_IRQHandler</a> from startup_stm32h723xx.o(.text) referenced from startup_stm32h723xx.o(RESET)
 <LI><a href="#[5b]">SPI6_IRQHandler</a> from startup_stm32h723xx.o(.text) referenced from startup_stm32h723xx.o(RESET)
 <LI><a href="#[7]">SVC_Handler</a> from stm32h7xx_it.o(i.SVC_Handler) referenced from startup_stm32h723xx.o(RESET)
 <LI><a href="#[6b]">SWPMI1_IRQHandler</a> from startup_stm32h723xx.o(.text) referenced from startup_stm32h723xx.o(RESET)
 <LI><a href="#[a]">SysTick_Handler</a> from stm32h7xx_it.o(i.SysTick_Handler) referenced from startup_stm32h723xx.o(RESET)
 <LI><a href="#[95]">SystemInit</a> from system_stm32h7xx.o(i.SystemInit) referenced from startup_stm32h723xx.o(.text)
 <LI><a href="#[d]">TAMP_STAMP_IRQHandler</a> from startup_stm32h723xx.o(.text) referenced from startup_stm32h723xx.o(RESET)
 <LI><a href="#[6c]">TIM15_IRQHandler</a> from startup_stm32h723xx.o(.text) referenced from startup_stm32h723xx.o(RESET)
 <LI><a href="#[6d]">TIM16_IRQHandler</a> from startup_stm32h723xx.o(.text) referenced from startup_stm32h723xx.o(RESET)
 <LI><a href="#[6e]">TIM17_IRQHandler</a> from startup_stm32h723xx.o(.text) referenced from startup_stm32h723xx.o(RESET)
 <LI><a href="#[23]">TIM1_BRK_IRQHandler</a> from startup_stm32h723xx.o(.text) referenced from startup_stm32h723xx.o(RESET)
 <LI><a href="#[26]">TIM1_CC_IRQHandler</a> from startup_stm32h723xx.o(.text) referenced from startup_stm32h723xx.o(RESET)
 <LI><a href="#[25]">TIM1_TRG_COM_IRQHandler</a> from startup_stm32h723xx.o(.text) referenced from startup_stm32h723xx.o(RESET)
 <LI><a href="#[24]">TIM1_UP_IRQHandler</a> from startup_stm32h723xx.o(.text) referenced from startup_stm32h723xx.o(RESET)
 <LI><a href="#[92]">TIM23_IRQHandler</a> from startup_stm32h723xx.o(.text) referenced from startup_stm32h723xx.o(RESET)
 <LI><a href="#[93]">TIM24_IRQHandler</a> from startup_stm32h723xx.o(.text) referenced from startup_stm32h723xx.o(RESET)
 <LI><a href="#[27]">TIM2_IRQHandler</a> from startup_stm32h723xx.o(.text) referenced from startup_stm32h723xx.o(RESET)
 <LI><a href="#[28]">TIM3_IRQHandler</a> from stm32h7xx_it.o(i.TIM3_IRQHandler) referenced from startup_stm32h723xx.o(RESET)
 <LI><a href="#[29]">TIM4_IRQHandler</a> from stm32h7xx_it.o(i.TIM4_IRQHandler) referenced from startup_stm32h723xx.o(RESET)
 <LI><a href="#[3c]">TIM5_IRQHandler</a> from startup_stm32h723xx.o(.text) referenced from startup_stm32h723xx.o(RESET)
 <LI><a href="#[40]">TIM6_DAC_IRQHandler</a> from startup_stm32h723xx.o(.text) referenced from startup_stm32h723xx.o(RESET)
 <LI><a href="#[41]">TIM7_IRQHandler</a> from startup_stm32h723xx.o(.text) referenced from startup_stm32h723xx.o(RESET)
 <LI><a href="#[35]">TIM8_BRK_TIM12_IRQHandler</a> from startup_stm32h723xx.o(.text) referenced from startup_stm32h723xx.o(RESET)
 <LI><a href="#[38]">TIM8_CC_IRQHandler</a> from startup_stm32h723xx.o(.text) referenced from startup_stm32h723xx.o(RESET)
 <LI><a href="#[37]">TIM8_TRG_COM_TIM14_IRQHandler</a> from startup_stm32h723xx.o(.text) referenced from startup_stm32h723xx.o(RESET)
 <LI><a href="#[36]">TIM8_UP_TIM13_IRQHandler</a> from startup_stm32h723xx.o(.text) referenced from startup_stm32h723xx.o(RESET)
 <LI><a href="#[3e]">UART4_IRQHandler</a> from startup_stm32h723xx.o(.text) referenced from startup_stm32h723xx.o(RESET)
 <LI><a href="#[3f]">UART5_IRQHandler</a> from startup_stm32h723xx.o(.text) referenced from startup_stm32h723xx.o(RESET)
 <LI><a href="#[57]">UART7_IRQHandler</a> from startup_stm32h723xx.o(.text) referenced from startup_stm32h723xx.o(RESET)
 <LI><a href="#[58]">UART8_IRQHandler</a> from startup_stm32h723xx.o(.text) referenced from startup_stm32h723xx.o(RESET)
 <LI><a href="#[8c]">UART9_IRQHandler</a> from startup_stm32h723xx.o(.text) referenced from startup_stm32h723xx.o(RESET)
 <LI><a href="#[8d]">USART10_IRQHandler</a> from startup_stm32h723xx.o(.text) referenced from startup_stm32h723xx.o(RESET)
 <LI><a href="#[30]">USART1_IRQHandler</a> from startup_stm32h723xx.o(.text) referenced from startup_stm32h723xx.o(RESET)
 <LI><a href="#[31]">USART2_IRQHandler</a> from startup_stm32h723xx.o(.text) referenced from startup_stm32h723xx.o(RESET)
 <LI><a href="#[32]">USART3_IRQHandler</a> from startup_stm32h723xx.o(.text) referenced from startup_stm32h723xx.o(RESET)
 <LI><a href="#[4d]">USART6_IRQHandler</a> from startup_stm32h723xx.o(.text) referenced from startup_stm32h723xx.o(RESET)
 <LI><a href="#[6]">UsageFault_Handler</a> from stm32h7xx_it.o(i.UsageFault_Handler) referenced from startup_stm32h723xx.o(RESET)
 <LI><a href="#[88]">WAKEUP_PIN_IRQHandler</a> from startup_stm32h723xx.o(.text) referenced from startup_stm32h723xx.o(RESET)
 <LI><a href="#[b]">WWDG_IRQHandler</a> from startup_stm32h723xx.o(.text) referenced from startup_stm32h723xx.o(RESET)
 <LI><a href="#[96]">__main</a> from entry.o(.ARM.Collect$$$$00000000) referenced from startup_stm32h723xx.o(.text)
 <LI><a href="#[b2]">fputc</a> from usart.o(i.fputc) referenced from printf5.o(i.__0printf$5)
 <LI><a href="#[94]">main</a> from main.o(i.main) referenced from entry9a.o(.ARM.Collect$$$$0000000B)
</UL>
<P>
<H3>
Global Symbols
</H3>
<P><STRONG><a name="[96]"></a>__main</STRONG> (Thumb, 0 bytes, Stack size unknown bytes, entry.o(.ARM.Collect$$$$00000000))
<BR>[Address Reference Count : 1]<UL><LI> startup_stm32h723xx.o(.text)
</UL>
<P><STRONG><a name="[18c]"></a>_main_stk</STRONG> (Thumb, 0 bytes, Stack size unknown bytes, entry2.o(.ARM.Collect$$$$00000001))

<P><STRONG><a name="[b4]"></a>_main_scatterload</STRONG> (Thumb, 0 bytes, Stack size unknown bytes, entry5.o(.ARM.Collect$$$$00000004))
<BR><BR>[Calls]<UL><LI><a href="#[b5]">&gt;&gt;</a>&nbsp;&nbsp;&nbsp;__scatterload
</UL>

<P><STRONG><a name="[be]"></a>__main_after_scatterload</STRONG> (Thumb, 0 bytes, Stack size unknown bytes, entry5.o(.ARM.Collect$$$$00000004))
<BR><BR>[Called By]<UL><LI><a href="#[b5]">&gt;&gt;</a>&nbsp;&nbsp;&nbsp;__scatterload
</UL>

<P><STRONG><a name="[18d]"></a>_main_clock</STRONG> (Thumb, 0 bytes, Stack size unknown bytes, entry7b.o(.ARM.Collect$$$$00000008))

<P><STRONG><a name="[18e]"></a>_main_cpp_init</STRONG> (Thumb, 0 bytes, Stack size unknown bytes, entry8b.o(.ARM.Collect$$$$0000000A))

<P><STRONG><a name="[18f]"></a>_main_init</STRONG> (Thumb, 0 bytes, Stack size unknown bytes, entry9a.o(.ARM.Collect$$$$0000000B))

<P><STRONG><a name="[190]"></a>__rt_final_cpp</STRONG> (Thumb, 0 bytes, Stack size unknown bytes, entry10a.o(.ARM.Collect$$$$0000000D))

<P><STRONG><a name="[191]"></a>__rt_final_exit</STRONG> (Thumb, 0 bytes, Stack size unknown bytes, entry11a.o(.ARM.Collect$$$$0000000F))

<P><STRONG><a name="[1]"></a>Reset_Handler</STRONG> (Thumb, 8 bytes, Stack size 0 bytes, startup_stm32h723xx.o(.text))
<BR>[Address Reference Count : 1]<UL><LI> startup_stm32h723xx.o(RESET)
</UL>
<P><STRONG><a name="[74]"></a>ADC3_IRQHandler</STRONG> (Thumb, 0 bytes, Stack size 0 bytes, startup_stm32h723xx.o(.text))
<BR><BR>[Calls]<UL><LI><a href="#[74]">&gt;&gt;</a>&nbsp;&nbsp;&nbsp;ADC3_IRQHandler
</UL>
<BR>[Called By]<UL><LI><a href="#[74]">&gt;&gt;</a>&nbsp;&nbsp;&nbsp;ADC3_IRQHandler
</UL>
<BR>[Address Reference Count : 1]<UL><LI> startup_stm32h723xx.o(RESET)
</UL>
<P><STRONG><a name="[1d]"></a>ADC_IRQHandler</STRONG> (Thumb, 0 bytes, Stack size 0 bytes, startup_stm32h723xx.o(.text))
<BR>[Address Reference Count : 1]<UL><LI> startup_stm32h723xx.o(RESET)
</UL>
<P><STRONG><a name="[76]"></a>BDMA_Channel0_IRQHandler</STRONG> (Thumb, 0 bytes, Stack size 0 bytes, startup_stm32h723xx.o(.text))
<BR>[Address Reference Count : 1]<UL><LI> startup_stm32h723xx.o(RESET)
</UL>
<P><STRONG><a name="[77]"></a>BDMA_Channel1_IRQHandler</STRONG> (Thumb, 0 bytes, Stack size 0 bytes, startup_stm32h723xx.o(.text))
<BR>[Address Reference Count : 1]<UL><LI> startup_stm32h723xx.o(RESET)
</UL>
<P><STRONG><a name="[78]"></a>BDMA_Channel2_IRQHandler</STRONG> (Thumb, 0 bytes, Stack size 0 bytes, startup_stm32h723xx.o(.text))
<BR>[Address Reference Count : 1]<UL><LI> startup_stm32h723xx.o(RESET)
</UL>
<P><STRONG><a name="[79]"></a>BDMA_Channel3_IRQHandler</STRONG> (Thumb, 0 bytes, Stack size 0 bytes, startup_stm32h723xx.o(.text))
<BR>[Address Reference Count : 1]<UL><LI> startup_stm32h723xx.o(RESET)
</UL>
<P><STRONG><a name="[7a]"></a>BDMA_Channel4_IRQHandler</STRONG> (Thumb, 0 bytes, Stack size 0 bytes, startup_stm32h723xx.o(.text))
<BR>[Address Reference Count : 1]<UL><LI> startup_stm32h723xx.o(RESET)
</UL>
<P><STRONG><a name="[7b]"></a>BDMA_Channel5_IRQHandler</STRONG> (Thumb, 0 bytes, Stack size 0 bytes, startup_stm32h723xx.o(.text))
<BR>[Address Reference Count : 1]<UL><LI> startup_stm32h723xx.o(RESET)
</UL>
<P><STRONG><a name="[7c]"></a>BDMA_Channel6_IRQHandler</STRONG> (Thumb, 0 bytes, Stack size 0 bytes, startup_stm32h723xx.o(.text))
<BR>[Address Reference Count : 1]<UL><LI> startup_stm32h723xx.o(RESET)
</UL>
<P><STRONG><a name="[7d]"></a>BDMA_Channel7_IRQHandler</STRONG> (Thumb, 0 bytes, Stack size 0 bytes, startup_stm32h723xx.o(.text))
<BR>[Address Reference Count : 1]<UL><LI> startup_stm32h723xx.o(RESET)
</UL>
<P><STRONG><a name="[62]"></a>CEC_IRQHandler</STRONG> (Thumb, 0 bytes, Stack size 0 bytes, startup_stm32h723xx.o(.text))
<BR>[Address Reference Count : 1]<UL><LI> startup_stm32h723xx.o(RESET)
</UL>
<P><STRONG><a name="[7e]"></a>COMP1_IRQHandler</STRONG> (Thumb, 0 bytes, Stack size 0 bytes, startup_stm32h723xx.o(.text))
<BR>[Address Reference Count : 1]<UL><LI> startup_stm32h723xx.o(RESET)
</UL>
<P><STRONG><a name="[8b]"></a>CORDIC_IRQHandler</STRONG> (Thumb, 0 bytes, Stack size 0 bytes, startup_stm32h723xx.o(.text))
<BR>[Address Reference Count : 1]<UL><LI> startup_stm32h723xx.o(RESET)
</UL>
<P><STRONG><a name="[84]"></a>CRS_IRQHandler</STRONG> (Thumb, 0 bytes, Stack size 0 bytes, startup_stm32h723xx.o(.text))
<BR>[Address Reference Count : 1]<UL><LI> startup_stm32h723xx.o(RESET)
</UL>
<P><STRONG><a name="[54]"></a>DCMI_PSSI_IRQHandler</STRONG> (Thumb, 0 bytes, Stack size 0 bytes, startup_stm32h723xx.o(.text))
<BR>[Address Reference Count : 1]<UL><LI> startup_stm32h723xx.o(RESET)
</UL>
<P><STRONG><a name="[67]"></a>DFSDM1_FLT0_IRQHandler</STRONG> (Thumb, 0 bytes, Stack size 0 bytes, startup_stm32h723xx.o(.text))
<BR>[Address Reference Count : 1]<UL><LI> startup_stm32h723xx.o(RESET)
</UL>
<P><STRONG><a name="[68]"></a>DFSDM1_FLT1_IRQHandler</STRONG> (Thumb, 0 bytes, Stack size 0 bytes, startup_stm32h723xx.o(.text))
<BR>[Address Reference Count : 1]<UL><LI> startup_stm32h723xx.o(RESET)
</UL>
<P><STRONG><a name="[69]"></a>DFSDM1_FLT2_IRQHandler</STRONG> (Thumb, 0 bytes, Stack size 0 bytes, startup_stm32h723xx.o(.text))
<BR>[Address Reference Count : 1]<UL><LI> startup_stm32h723xx.o(RESET)
</UL>
<P><STRONG><a name="[6a]"></a>DFSDM1_FLT3_IRQHandler</STRONG> (Thumb, 0 bytes, Stack size 0 bytes, startup_stm32h723xx.o(.text))
<BR>[Address Reference Count : 1]<UL><LI> startup_stm32h723xx.o(RESET)
</UL>
<P><STRONG><a name="[16]"></a>DMA1_Stream0_IRQHandler</STRONG> (Thumb, 0 bytes, Stack size 0 bytes, startup_stm32h723xx.o(.text))
<BR>[Address Reference Count : 1]<UL><LI> startup_stm32h723xx.o(RESET)
</UL>
<P><STRONG><a name="[17]"></a>DMA1_Stream1_IRQHandler</STRONG> (Thumb, 0 bytes, Stack size 0 bytes, startup_stm32h723xx.o(.text))
<BR>[Address Reference Count : 1]<UL><LI> startup_stm32h723xx.o(RESET)
</UL>
<P><STRONG><a name="[18]"></a>DMA1_Stream2_IRQHandler</STRONG> (Thumb, 0 bytes, Stack size 0 bytes, startup_stm32h723xx.o(.text))
<BR>[Address Reference Count : 1]<UL><LI> startup_stm32h723xx.o(RESET)
</UL>
<P><STRONG><a name="[19]"></a>DMA1_Stream3_IRQHandler</STRONG> (Thumb, 0 bytes, Stack size 0 bytes, startup_stm32h723xx.o(.text))
<BR>[Address Reference Count : 1]<UL><LI> startup_stm32h723xx.o(RESET)
</UL>
<P><STRONG><a name="[1a]"></a>DMA1_Stream4_IRQHandler</STRONG> (Thumb, 0 bytes, Stack size 0 bytes, startup_stm32h723xx.o(.text))
<BR>[Address Reference Count : 1]<UL><LI> startup_stm32h723xx.o(RESET)
</UL>
<P><STRONG><a name="[1b]"></a>DMA1_Stream5_IRQHandler</STRONG> (Thumb, 0 bytes, Stack size 0 bytes, startup_stm32h723xx.o(.text))
<BR>[Address Reference Count : 1]<UL><LI> startup_stm32h723xx.o(RESET)
</UL>
<P><STRONG><a name="[1c]"></a>DMA1_Stream6_IRQHandler</STRONG> (Thumb, 0 bytes, Stack size 0 bytes, startup_stm32h723xx.o(.text))
<BR>[Address Reference Count : 1]<UL><LI> startup_stm32h723xx.o(RESET)
</UL>
<P><STRONG><a name="[39]"></a>DMA1_Stream7_IRQHandler</STRONG> (Thumb, 0 bytes, Stack size 0 bytes, startup_stm32h723xx.o(.text))
<BR>[Address Reference Count : 1]<UL><LI> startup_stm32h723xx.o(RESET)
</UL>
<P><STRONG><a name="[5f]"></a>DMA2D_IRQHandler</STRONG> (Thumb, 0 bytes, Stack size 0 bytes, startup_stm32h723xx.o(.text))
<BR>[Address Reference Count : 1]<UL><LI> startup_stm32h723xx.o(RESET)
</UL>
<P><STRONG><a name="[42]"></a>DMA2_Stream0_IRQHandler</STRONG> (Thumb, 0 bytes, Stack size 0 bytes, startup_stm32h723xx.o(.text))
<BR>[Address Reference Count : 1]<UL><LI> startup_stm32h723xx.o(RESET)
</UL>
<P><STRONG><a name="[43]"></a>DMA2_Stream1_IRQHandler</STRONG> (Thumb, 0 bytes, Stack size 0 bytes, startup_stm32h723xx.o(.text))
<BR>[Address Reference Count : 1]<UL><LI> startup_stm32h723xx.o(RESET)
</UL>
<P><STRONG><a name="[44]"></a>DMA2_Stream2_IRQHandler</STRONG> (Thumb, 0 bytes, Stack size 0 bytes, startup_stm32h723xx.o(.text))
<BR>[Address Reference Count : 1]<UL><LI> startup_stm32h723xx.o(RESET)
</UL>
<P><STRONG><a name="[45]"></a>DMA2_Stream3_IRQHandler</STRONG> (Thumb, 0 bytes, Stack size 0 bytes, startup_stm32h723xx.o(.text))
<BR>[Address Reference Count : 1]<UL><LI> startup_stm32h723xx.o(RESET)
</UL>
<P><STRONG><a name="[46]"></a>DMA2_Stream4_IRQHandler</STRONG> (Thumb, 0 bytes, Stack size 0 bytes, startup_stm32h723xx.o(.text))
<BR>[Address Reference Count : 1]<UL><LI> startup_stm32h723xx.o(RESET)
</UL>
<P><STRONG><a name="[4a]"></a>DMA2_Stream5_IRQHandler</STRONG> (Thumb, 0 bytes, Stack size 0 bytes, startup_stm32h723xx.o(.text))
<BR>[Address Reference Count : 1]<UL><LI> startup_stm32h723xx.o(RESET)
</UL>
<P><STRONG><a name="[4b]"></a>DMA2_Stream6_IRQHandler</STRONG> (Thumb, 0 bytes, Stack size 0 bytes, startup_stm32h723xx.o(.text))
<BR>[Address Reference Count : 1]<UL><LI> startup_stm32h723xx.o(RESET)
</UL>
<P><STRONG><a name="[4c]"></a>DMA2_Stream7_IRQHandler</STRONG> (Thumb, 0 bytes, Stack size 0 bytes, startup_stm32h723xx.o(.text))
<BR>[Address Reference Count : 1]<UL><LI> startup_stm32h723xx.o(RESET)
</UL>
<P><STRONG><a name="[66]"></a>DMAMUX1_OVR_IRQHandler</STRONG> (Thumb, 0 bytes, Stack size 0 bytes, startup_stm32h723xx.o(.text))
<BR>[Address Reference Count : 1]<UL><LI> startup_stm32h723xx.o(RESET)
</UL>
<P><STRONG><a name="[75]"></a>DMAMUX2_OVR_IRQHandler</STRONG> (Thumb, 0 bytes, Stack size 0 bytes, startup_stm32h723xx.o(.text))
<BR>[Address Reference Count : 1]<UL><LI> startup_stm32h723xx.o(RESET)
</UL>
<P><STRONG><a name="[87]"></a>DTS_IRQHandler</STRONG> (Thumb, 0 bytes, Stack size 0 bytes, startup_stm32h723xx.o(.text))
<BR>[Address Reference Count : 1]<UL><LI> startup_stm32h723xx.o(RESET)
</UL>
<P><STRONG><a name="[85]"></a>ECC_IRQHandler</STRONG> (Thumb, 0 bytes, Stack size 0 bytes, startup_stm32h723xx.o(.text))
<BR>[Address Reference Count : 1]<UL><LI> startup_stm32h723xx.o(RESET)
</UL>
<P><STRONG><a name="[47]"></a>ETH_IRQHandler</STRONG> (Thumb, 0 bytes, Stack size 0 bytes, startup_stm32h723xx.o(.text))
<BR>[Address Reference Count : 1]<UL><LI> startup_stm32h723xx.o(RESET)
</UL>
<P><STRONG><a name="[48]"></a>ETH_WKUP_IRQHandler</STRONG> (Thumb, 0 bytes, Stack size 0 bytes, startup_stm32h723xx.o(.text))
<BR>[Address Reference Count : 1]<UL><LI> startup_stm32h723xx.o(RESET)
</UL>
<P><STRONG><a name="[11]"></a>EXTI0_IRQHandler</STRONG> (Thumb, 0 bytes, Stack size 0 bytes, startup_stm32h723xx.o(.text))
<BR>[Address Reference Count : 1]<UL><LI> startup_stm32h723xx.o(RESET)
</UL>
<P><STRONG><a name="[33]"></a>EXTI15_10_IRQHandler</STRONG> (Thumb, 0 bytes, Stack size 0 bytes, startup_stm32h723xx.o(.text))
<BR>[Address Reference Count : 1]<UL><LI> startup_stm32h723xx.o(RESET)
</UL>
<P><STRONG><a name="[12]"></a>EXTI1_IRQHandler</STRONG> (Thumb, 0 bytes, Stack size 0 bytes, startup_stm32h723xx.o(.text))
<BR>[Address Reference Count : 1]<UL><LI> startup_stm32h723xx.o(RESET)
</UL>
<P><STRONG><a name="[13]"></a>EXTI2_IRQHandler</STRONG> (Thumb, 0 bytes, Stack size 0 bytes, startup_stm32h723xx.o(.text))
<BR>[Address Reference Count : 1]<UL><LI> startup_stm32h723xx.o(RESET)
</UL>
<P><STRONG><a name="[14]"></a>EXTI3_IRQHandler</STRONG> (Thumb, 0 bytes, Stack size 0 bytes, startup_stm32h723xx.o(.text))
<BR>[Address Reference Count : 1]<UL><LI> startup_stm32h723xx.o(RESET)
</UL>
<P><STRONG><a name="[15]"></a>EXTI4_IRQHandler</STRONG> (Thumb, 0 bytes, Stack size 0 bytes, startup_stm32h723xx.o(.text))
<BR>[Address Reference Count : 1]<UL><LI> startup_stm32h723xx.o(RESET)
</UL>
<P><STRONG><a name="[22]"></a>EXTI9_5_IRQHandler</STRONG> (Thumb, 0 bytes, Stack size 0 bytes, startup_stm32h723xx.o(.text))
<BR>[Address Reference Count : 1]<UL><LI> startup_stm32h723xx.o(RESET)
</UL>
<P><STRONG><a name="[1f]"></a>FDCAN2_IT0_IRQHandler</STRONG> (Thumb, 0 bytes, Stack size 0 bytes, startup_stm32h723xx.o(.text))
<BR>[Address Reference Count : 1]<UL><LI> startup_stm32h723xx.o(RESET)
</UL>
<P><STRONG><a name="[21]"></a>FDCAN2_IT1_IRQHandler</STRONG> (Thumb, 0 bytes, Stack size 0 bytes, startup_stm32h723xx.o(.text))
<BR>[Address Reference Count : 1]<UL><LI> startup_stm32h723xx.o(RESET)
</UL>
<P><STRONG><a name="[90]"></a>FDCAN3_IT0_IRQHandler</STRONG> (Thumb, 0 bytes, Stack size 0 bytes, startup_stm32h723xx.o(.text))
<BR>[Address Reference Count : 1]<UL><LI> startup_stm32h723xx.o(RESET)
</UL>
<P><STRONG><a name="[91]"></a>FDCAN3_IT1_IRQHandler</STRONG> (Thumb, 0 bytes, Stack size 0 bytes, startup_stm32h723xx.o(.text))
<BR>[Address Reference Count : 1]<UL><LI> startup_stm32h723xx.o(RESET)
</UL>
<P><STRONG><a name="[49]"></a>FDCAN_CAL_IRQHandler</STRONG> (Thumb, 0 bytes, Stack size 0 bytes, startup_stm32h723xx.o(.text))
<BR>[Address Reference Count : 1]<UL><LI> startup_stm32h723xx.o(RESET)
</UL>
<P><STRONG><a name="[f]"></a>FLASH_IRQHandler</STRONG> (Thumb, 0 bytes, Stack size 0 bytes, startup_stm32h723xx.o(.text))
<BR>[Address Reference Count : 1]<UL><LI> startup_stm32h723xx.o(RESET)
</UL>
<P><STRONG><a name="[8a]"></a>FMAC_IRQHandler</STRONG> (Thumb, 0 bytes, Stack size 0 bytes, startup_stm32h723xx.o(.text))
<BR>[Address Reference Count : 1]<UL><LI> startup_stm32h723xx.o(RESET)
</UL>
<P><STRONG><a name="[3a]"></a>FMC_IRQHandler</STRONG> (Thumb, 0 bytes, Stack size 0 bytes, startup_stm32h723xx.o(.text))
<BR>[Address Reference Count : 1]<UL><LI> startup_stm32h723xx.o(RESET)
</UL>
<P><STRONG><a name="[56]"></a>FPU_IRQHandler</STRONG> (Thumb, 0 bytes, Stack size 0 bytes, startup_stm32h723xx.o(.text))
<BR>[Address Reference Count : 1]<UL><LI> startup_stm32h723xx.o(RESET)
</UL>
<P><STRONG><a name="[73]"></a>HSEM1_IRQHandler</STRONG> (Thumb, 0 bytes, Stack size 0 bytes, startup_stm32h723xx.o(.text))
<BR>[Address Reference Count : 1]<UL><LI> startup_stm32h723xx.o(RESET)
</UL>
<P><STRONG><a name="[2b]"></a>I2C1_ER_IRQHandler</STRONG> (Thumb, 0 bytes, Stack size 0 bytes, startup_stm32h723xx.o(.text))
<BR>[Address Reference Count : 1]<UL><LI> startup_stm32h723xx.o(RESET)
</UL>
<P><STRONG><a name="[2a]"></a>I2C1_EV_IRQHandler</STRONG> (Thumb, 0 bytes, Stack size 0 bytes, startup_stm32h723xx.o(.text))
<BR>[Address Reference Count : 1]<UL><LI> startup_stm32h723xx.o(RESET)
</UL>
<P><STRONG><a name="[2d]"></a>I2C2_ER_IRQHandler</STRONG> (Thumb, 0 bytes, Stack size 0 bytes, startup_stm32h723xx.o(.text))
<BR>[Address Reference Count : 1]<UL><LI> startup_stm32h723xx.o(RESET)
</UL>
<P><STRONG><a name="[2c]"></a>I2C2_EV_IRQHandler</STRONG> (Thumb, 0 bytes, Stack size 0 bytes, startup_stm32h723xx.o(.text))
<BR>[Address Reference Count : 1]<UL><LI> startup_stm32h723xx.o(RESET)
</UL>
<P><STRONG><a name="[4f]"></a>I2C3_ER_IRQHandler</STRONG> (Thumb, 0 bytes, Stack size 0 bytes, startup_stm32h723xx.o(.text))
<BR>[Address Reference Count : 1]<UL><LI> startup_stm32h723xx.o(RESET)
</UL>
<P><STRONG><a name="[4e]"></a>I2C3_EV_IRQHandler</STRONG> (Thumb, 0 bytes, Stack size 0 bytes, startup_stm32h723xx.o(.text))
<BR>[Address Reference Count : 1]<UL><LI> startup_stm32h723xx.o(RESET)
</UL>
<P><STRONG><a name="[64]"></a>I2C4_ER_IRQHandler</STRONG> (Thumb, 0 bytes, Stack size 0 bytes, startup_stm32h723xx.o(.text))
<BR>[Address Reference Count : 1]<UL><LI> startup_stm32h723xx.o(RESET)
</UL>
<P><STRONG><a name="[63]"></a>I2C4_EV_IRQHandler</STRONG> (Thumb, 0 bytes, Stack size 0 bytes, startup_stm32h723xx.o(.text))
<BR>[Address Reference Count : 1]<UL><LI> startup_stm32h723xx.o(RESET)
</UL>
<P><STRONG><a name="[8f]"></a>I2C5_ER_IRQHandler</STRONG> (Thumb, 0 bytes, Stack size 0 bytes, startup_stm32h723xx.o(.text))
<BR>[Address Reference Count : 1]<UL><LI> startup_stm32h723xx.o(RESET)
</UL>
<P><STRONG><a name="[8e]"></a>I2C5_EV_IRQHandler</STRONG> (Thumb, 0 bytes, Stack size 0 bytes, startup_stm32h723xx.o(.text))
<BR>[Address Reference Count : 1]<UL><LI> startup_stm32h723xx.o(RESET)
</UL>
<P><STRONG><a name="[61]"></a>LPTIM1_IRQHandler</STRONG> (Thumb, 0 bytes, Stack size 0 bytes, startup_stm32h723xx.o(.text))
<BR>[Address Reference Count : 1]<UL><LI> startup_stm32h723xx.o(RESET)
</UL>
<P><STRONG><a name="[7f]"></a>LPTIM2_IRQHandler</STRONG> (Thumb, 0 bytes, Stack size 0 bytes, startup_stm32h723xx.o(.text))
<BR>[Address Reference Count : 1]<UL><LI> startup_stm32h723xx.o(RESET)
</UL>
<P><STRONG><a name="[80]"></a>LPTIM3_IRQHandler</STRONG> (Thumb, 0 bytes, Stack size 0 bytes, startup_stm32h723xx.o(.text))
<BR>[Address Reference Count : 1]<UL><LI> startup_stm32h723xx.o(RESET)
</UL>
<P><STRONG><a name="[81]"></a>LPTIM4_IRQHandler</STRONG> (Thumb, 0 bytes, Stack size 0 bytes, startup_stm32h723xx.o(.text))
<BR>[Address Reference Count : 1]<UL><LI> startup_stm32h723xx.o(RESET)
</UL>
<P><STRONG><a name="[82]"></a>LPTIM5_IRQHandler</STRONG> (Thumb, 0 bytes, Stack size 0 bytes, startup_stm32h723xx.o(.text))
<BR>[Address Reference Count : 1]<UL><LI> startup_stm32h723xx.o(RESET)
</UL>
<P><STRONG><a name="[83]"></a>LPUART1_IRQHandler</STRONG> (Thumb, 0 bytes, Stack size 0 bytes, startup_stm32h723xx.o(.text))
<BR>[Address Reference Count : 1]<UL><LI> startup_stm32h723xx.o(RESET)
</UL>
<P><STRONG><a name="[5e]"></a>LTDC_ER_IRQHandler</STRONG> (Thumb, 0 bytes, Stack size 0 bytes, startup_stm32h723xx.o(.text))
<BR>[Address Reference Count : 1]<UL><LI> startup_stm32h723xx.o(RESET)
</UL>
<P><STRONG><a name="[5d]"></a>LTDC_IRQHandler</STRONG> (Thumb, 0 bytes, Stack size 0 bytes, startup_stm32h723xx.o(.text))
<BR>[Address Reference Count : 1]<UL><LI> startup_stm32h723xx.o(RESET)
</UL>
<P><STRONG><a name="[70]"></a>MDIOS_IRQHandler</STRONG> (Thumb, 0 bytes, Stack size 0 bytes, startup_stm32h723xx.o(.text))
<BR>[Address Reference Count : 1]<UL><LI> startup_stm32h723xx.o(RESET)
</UL>
<P><STRONG><a name="[6f]"></a>MDIOS_WKUP_IRQHandler</STRONG> (Thumb, 0 bytes, Stack size 0 bytes, startup_stm32h723xx.o(.text))
<BR>[Address Reference Count : 1]<UL><LI> startup_stm32h723xx.o(RESET)
</UL>
<P><STRONG><a name="[71]"></a>MDMA_IRQHandler</STRONG> (Thumb, 0 bytes, Stack size 0 bytes, startup_stm32h723xx.o(.text))
<BR>[Address Reference Count : 1]<UL><LI> startup_stm32h723xx.o(RESET)
</UL>
<P><STRONG><a name="[60]"></a>OCTOSPI1_IRQHandler</STRONG> (Thumb, 0 bytes, Stack size 0 bytes, startup_stm32h723xx.o(.text))
<BR>[Address Reference Count : 1]<UL><LI> startup_stm32h723xx.o(RESET)
</UL>
<P><STRONG><a name="[89]"></a>OCTOSPI2_IRQHandler</STRONG> (Thumb, 0 bytes, Stack size 0 bytes, startup_stm32h723xx.o(.text))
<BR>[Address Reference Count : 1]<UL><LI> startup_stm32h723xx.o(RESET)
</UL>
<P><STRONG><a name="[51]"></a>OTG_HS_EP1_IN_IRQHandler</STRONG> (Thumb, 0 bytes, Stack size 0 bytes, startup_stm32h723xx.o(.text))
<BR>[Address Reference Count : 1]<UL><LI> startup_stm32h723xx.o(RESET)
</UL>
<P><STRONG><a name="[50]"></a>OTG_HS_EP1_OUT_IRQHandler</STRONG> (Thumb, 0 bytes, Stack size 0 bytes, startup_stm32h723xx.o(.text))
<BR>[Address Reference Count : 1]<UL><LI> startup_stm32h723xx.o(RESET)
</UL>
<P><STRONG><a name="[53]"></a>OTG_HS_IRQHandler</STRONG> (Thumb, 0 bytes, Stack size 0 bytes, startup_stm32h723xx.o(.text))
<BR>[Address Reference Count : 1]<UL><LI> startup_stm32h723xx.o(RESET)
</UL>
<P><STRONG><a name="[52]"></a>OTG_HS_WKUP_IRQHandler</STRONG> (Thumb, 0 bytes, Stack size 0 bytes, startup_stm32h723xx.o(.text))
<BR>[Address Reference Count : 1]<UL><LI> startup_stm32h723xx.o(RESET)
</UL>
<P><STRONG><a name="[c]"></a>PVD_AVD_IRQHandler</STRONG> (Thumb, 0 bytes, Stack size 0 bytes, startup_stm32h723xx.o(.text))
<BR>[Address Reference Count : 1]<UL><LI> startup_stm32h723xx.o(RESET)
</UL>
<P><STRONG><a name="[10]"></a>RCC_IRQHandler</STRONG> (Thumb, 0 bytes, Stack size 0 bytes, startup_stm32h723xx.o(.text))
<BR>[Address Reference Count : 1]<UL><LI> startup_stm32h723xx.o(RESET)
</UL>
<P><STRONG><a name="[55]"></a>RNG_IRQHandler</STRONG> (Thumb, 0 bytes, Stack size 0 bytes, startup_stm32h723xx.o(.text))
<BR>[Address Reference Count : 1]<UL><LI> startup_stm32h723xx.o(RESET)
</UL>
<P><STRONG><a name="[34]"></a>RTC_Alarm_IRQHandler</STRONG> (Thumb, 0 bytes, Stack size 0 bytes, startup_stm32h723xx.o(.text))
<BR>[Address Reference Count : 1]<UL><LI> startup_stm32h723xx.o(RESET)
</UL>
<P><STRONG><a name="[e]"></a>RTC_WKUP_IRQHandler</STRONG> (Thumb, 0 bytes, Stack size 0 bytes, startup_stm32h723xx.o(.text))
<BR>[Address Reference Count : 1]<UL><LI> startup_stm32h723xx.o(RESET)
</UL>
<P><STRONG><a name="[5c]"></a>SAI1_IRQHandler</STRONG> (Thumb, 0 bytes, Stack size 0 bytes, startup_stm32h723xx.o(.text))
<BR>[Address Reference Count : 1]<UL><LI> startup_stm32h723xx.o(RESET)
</UL>
<P><STRONG><a name="[86]"></a>SAI4_IRQHandler</STRONG> (Thumb, 0 bytes, Stack size 0 bytes, startup_stm32h723xx.o(.text))
<BR>[Address Reference Count : 1]<UL><LI> startup_stm32h723xx.o(RESET)
</UL>
<P><STRONG><a name="[3b]"></a>SDMMC1_IRQHandler</STRONG> (Thumb, 0 bytes, Stack size 0 bytes, startup_stm32h723xx.o(.text))
<BR>[Address Reference Count : 1]<UL><LI> startup_stm32h723xx.o(RESET)
</UL>
<P><STRONG><a name="[72]"></a>SDMMC2_IRQHandler</STRONG> (Thumb, 0 bytes, Stack size 0 bytes, startup_stm32h723xx.o(.text))
<BR>[Address Reference Count : 1]<UL><LI> startup_stm32h723xx.o(RESET)
</UL>
<P><STRONG><a name="[65]"></a>SPDIF_RX_IRQHandler</STRONG> (Thumb, 0 bytes, Stack size 0 bytes, startup_stm32h723xx.o(.text))
<BR>[Address Reference Count : 1]<UL><LI> startup_stm32h723xx.o(RESET)
</UL>
<P><STRONG><a name="[2e]"></a>SPI1_IRQHandler</STRONG> (Thumb, 0 bytes, Stack size 0 bytes, startup_stm32h723xx.o(.text))
<BR>[Address Reference Count : 1]<UL><LI> startup_stm32h723xx.o(RESET)
</UL>
<P><STRONG><a name="[2f]"></a>SPI2_IRQHandler</STRONG> (Thumb, 0 bytes, Stack size 0 bytes, startup_stm32h723xx.o(.text))
<BR>[Address Reference Count : 1]<UL><LI> startup_stm32h723xx.o(RESET)
</UL>
<P><STRONG><a name="[3d]"></a>SPI3_IRQHandler</STRONG> (Thumb, 0 bytes, Stack size 0 bytes, startup_stm32h723xx.o(.text))
<BR>[Address Reference Count : 1]<UL><LI> startup_stm32h723xx.o(RESET)
</UL>
<P><STRONG><a name="[59]"></a>SPI4_IRQHandler</STRONG> (Thumb, 0 bytes, Stack size 0 bytes, startup_stm32h723xx.o(.text))
<BR>[Address Reference Count : 1]<UL><LI> startup_stm32h723xx.o(RESET)
</UL>
<P><STRONG><a name="[5a]"></a>SPI5_IRQHandler</STRONG> (Thumb, 0 bytes, Stack size 0 bytes, startup_stm32h723xx.o(.text))
<BR>[Address Reference Count : 1]<UL><LI> startup_stm32h723xx.o(RESET)
</UL>
<P><STRONG><a name="[5b]"></a>SPI6_IRQHandler</STRONG> (Thumb, 0 bytes, Stack size 0 bytes, startup_stm32h723xx.o(.text))
<BR>[Address Reference Count : 1]<UL><LI> startup_stm32h723xx.o(RESET)
</UL>
<P><STRONG><a name="[6b]"></a>SWPMI1_IRQHandler</STRONG> (Thumb, 0 bytes, Stack size 0 bytes, startup_stm32h723xx.o(.text))
<BR>[Address Reference Count : 1]<UL><LI> startup_stm32h723xx.o(RESET)
</UL>
<P><STRONG><a name="[d]"></a>TAMP_STAMP_IRQHandler</STRONG> (Thumb, 0 bytes, Stack size 0 bytes, startup_stm32h723xx.o(.text))
<BR>[Address Reference Count : 1]<UL><LI> startup_stm32h723xx.o(RESET)
</UL>
<P><STRONG><a name="[6c]"></a>TIM15_IRQHandler</STRONG> (Thumb, 0 bytes, Stack size 0 bytes, startup_stm32h723xx.o(.text))
<BR>[Address Reference Count : 1]<UL><LI> startup_stm32h723xx.o(RESET)
</UL>
<P><STRONG><a name="[6d]"></a>TIM16_IRQHandler</STRONG> (Thumb, 0 bytes, Stack size 0 bytes, startup_stm32h723xx.o(.text))
<BR>[Address Reference Count : 1]<UL><LI> startup_stm32h723xx.o(RESET)
</UL>
<P><STRONG><a name="[6e]"></a>TIM17_IRQHandler</STRONG> (Thumb, 0 bytes, Stack size 0 bytes, startup_stm32h723xx.o(.text))
<BR>[Address Reference Count : 1]<UL><LI> startup_stm32h723xx.o(RESET)
</UL>
<P><STRONG><a name="[23]"></a>TIM1_BRK_IRQHandler</STRONG> (Thumb, 0 bytes, Stack size 0 bytes, startup_stm32h723xx.o(.text))
<BR>[Address Reference Count : 1]<UL><LI> startup_stm32h723xx.o(RESET)
</UL>
<P><STRONG><a name="[26]"></a>TIM1_CC_IRQHandler</STRONG> (Thumb, 0 bytes, Stack size 0 bytes, startup_stm32h723xx.o(.text))
<BR>[Address Reference Count : 1]<UL><LI> startup_stm32h723xx.o(RESET)
</UL>
<P><STRONG><a name="[25]"></a>TIM1_TRG_COM_IRQHandler</STRONG> (Thumb, 0 bytes, Stack size 0 bytes, startup_stm32h723xx.o(.text))
<BR>[Address Reference Count : 1]<UL><LI> startup_stm32h723xx.o(RESET)
</UL>
<P><STRONG><a name="[24]"></a>TIM1_UP_IRQHandler</STRONG> (Thumb, 0 bytes, Stack size 0 bytes, startup_stm32h723xx.o(.text))
<BR>[Address Reference Count : 1]<UL><LI> startup_stm32h723xx.o(RESET)
</UL>
<P><STRONG><a name="[92]"></a>TIM23_IRQHandler</STRONG> (Thumb, 0 bytes, Stack size 0 bytes, startup_stm32h723xx.o(.text))
<BR>[Address Reference Count : 1]<UL><LI> startup_stm32h723xx.o(RESET)
</UL>
<P><STRONG><a name="[93]"></a>TIM24_IRQHandler</STRONG> (Thumb, 0 bytes, Stack size 0 bytes, startup_stm32h723xx.o(.text))
<BR>[Address Reference Count : 1]<UL><LI> startup_stm32h723xx.o(RESET)
</UL>
<P><STRONG><a name="[27]"></a>TIM2_IRQHandler</STRONG> (Thumb, 0 bytes, Stack size 0 bytes, startup_stm32h723xx.o(.text))
<BR>[Address Reference Count : 1]<UL><LI> startup_stm32h723xx.o(RESET)
</UL>
<P><STRONG><a name="[3c]"></a>TIM5_IRQHandler</STRONG> (Thumb, 0 bytes, Stack size 0 bytes, startup_stm32h723xx.o(.text))
<BR>[Address Reference Count : 1]<UL><LI> startup_stm32h723xx.o(RESET)
</UL>
<P><STRONG><a name="[40]"></a>TIM6_DAC_IRQHandler</STRONG> (Thumb, 0 bytes, Stack size 0 bytes, startup_stm32h723xx.o(.text))
<BR>[Address Reference Count : 1]<UL><LI> startup_stm32h723xx.o(RESET)
</UL>
<P><STRONG><a name="[41]"></a>TIM7_IRQHandler</STRONG> (Thumb, 0 bytes, Stack size 0 bytes, startup_stm32h723xx.o(.text))
<BR>[Address Reference Count : 1]<UL><LI> startup_stm32h723xx.o(RESET)
</UL>
<P><STRONG><a name="[35]"></a>TIM8_BRK_TIM12_IRQHandler</STRONG> (Thumb, 0 bytes, Stack size 0 bytes, startup_stm32h723xx.o(.text))
<BR>[Address Reference Count : 1]<UL><LI> startup_stm32h723xx.o(RESET)
</UL>
<P><STRONG><a name="[38]"></a>TIM8_CC_IRQHandler</STRONG> (Thumb, 0 bytes, Stack size 0 bytes, startup_stm32h723xx.o(.text))
<BR>[Address Reference Count : 1]<UL><LI> startup_stm32h723xx.o(RESET)
</UL>
<P><STRONG><a name="[37]"></a>TIM8_TRG_COM_TIM14_IRQHandler</STRONG> (Thumb, 0 bytes, Stack size 0 bytes, startup_stm32h723xx.o(.text))
<BR>[Address Reference Count : 1]<UL><LI> startup_stm32h723xx.o(RESET)
</UL>
<P><STRONG><a name="[36]"></a>TIM8_UP_TIM13_IRQHandler</STRONG> (Thumb, 0 bytes, Stack size 0 bytes, startup_stm32h723xx.o(.text))
<BR>[Address Reference Count : 1]<UL><LI> startup_stm32h723xx.o(RESET)
</UL>
<P><STRONG><a name="[3e]"></a>UART4_IRQHandler</STRONG> (Thumb, 0 bytes, Stack size 0 bytes, startup_stm32h723xx.o(.text))
<BR>[Address Reference Count : 1]<UL><LI> startup_stm32h723xx.o(RESET)
</UL>
<P><STRONG><a name="[3f]"></a>UART5_IRQHandler</STRONG> (Thumb, 0 bytes, Stack size 0 bytes, startup_stm32h723xx.o(.text))
<BR>[Address Reference Count : 1]<UL><LI> startup_stm32h723xx.o(RESET)
</UL>
<P><STRONG><a name="[57]"></a>UART7_IRQHandler</STRONG> (Thumb, 0 bytes, Stack size 0 bytes, startup_stm32h723xx.o(.text))
<BR>[Address Reference Count : 1]<UL><LI> startup_stm32h723xx.o(RESET)
</UL>
<P><STRONG><a name="[58]"></a>UART8_IRQHandler</STRONG> (Thumb, 0 bytes, Stack size 0 bytes, startup_stm32h723xx.o(.text))
<BR>[Address Reference Count : 1]<UL><LI> startup_stm32h723xx.o(RESET)
</UL>
<P><STRONG><a name="[8c]"></a>UART9_IRQHandler</STRONG> (Thumb, 0 bytes, Stack size 0 bytes, startup_stm32h723xx.o(.text))
<BR>[Address Reference Count : 1]<UL><LI> startup_stm32h723xx.o(RESET)
</UL>
<P><STRONG><a name="[8d]"></a>USART10_IRQHandler</STRONG> (Thumb, 0 bytes, Stack size 0 bytes, startup_stm32h723xx.o(.text))
<BR>[Address Reference Count : 1]<UL><LI> startup_stm32h723xx.o(RESET)
</UL>
<P><STRONG><a name="[30]"></a>USART1_IRQHandler</STRONG> (Thumb, 0 bytes, Stack size 0 bytes, startup_stm32h723xx.o(.text))
<BR>[Address Reference Count : 1]<UL><LI> startup_stm32h723xx.o(RESET)
</UL>
<P><STRONG><a name="[31]"></a>USART2_IRQHandler</STRONG> (Thumb, 0 bytes, Stack size 0 bytes, startup_stm32h723xx.o(.text))
<BR>[Address Reference Count : 1]<UL><LI> startup_stm32h723xx.o(RESET)
</UL>
<P><STRONG><a name="[32]"></a>USART3_IRQHandler</STRONG> (Thumb, 0 bytes, Stack size 0 bytes, startup_stm32h723xx.o(.text))
<BR>[Address Reference Count : 1]<UL><LI> startup_stm32h723xx.o(RESET)
</UL>
<P><STRONG><a name="[4d]"></a>USART6_IRQHandler</STRONG> (Thumb, 0 bytes, Stack size 0 bytes, startup_stm32h723xx.o(.text))
<BR>[Address Reference Count : 1]<UL><LI> startup_stm32h723xx.o(RESET)
</UL>
<P><STRONG><a name="[88]"></a>WAKEUP_PIN_IRQHandler</STRONG> (Thumb, 0 bytes, Stack size 0 bytes, startup_stm32h723xx.o(.text))
<BR>[Address Reference Count : 1]<UL><LI> startup_stm32h723xx.o(RESET)
</UL>
<P><STRONG><a name="[b]"></a>WWDG_IRQHandler</STRONG> (Thumb, 0 bytes, Stack size 0 bytes, startup_stm32h723xx.o(.text))
<BR>[Address Reference Count : 1]<UL><LI> startup_stm32h723xx.o(RESET)
</UL>
<P><STRONG><a name="[b6]"></a>__aeabi_uldivmod</STRONG> (Thumb, 98 bytes, Stack size 40 bytes, uldiv.o(.text))
<BR><BR>[Stack]<UL><LI>Max Depth = 40<LI>Call Chain = __aeabi_uldivmod
</UL>
<BR>[Calls]<UL><LI><a href="#[b7]">&gt;&gt;</a>&nbsp;&nbsp;&nbsp;__aeabi_llsr
<LI><a href="#[b8]">&gt;&gt;</a>&nbsp;&nbsp;&nbsp;__aeabi_llsl
</UL>
<BR>[Called By]<UL><LI><a href="#[177]">&gt;&gt;</a>&nbsp;&nbsp;&nbsp;_printf_core
<LI><a href="#[164]">&gt;&gt;</a>&nbsp;&nbsp;&nbsp;UART_SetConfig
</UL>

<P><STRONG><a name="[192]"></a>___aeabi_memcpy8$move</STRONG> (Thumb, 0 bytes, Stack size 8 bytes, memmovea.o(.text), UNUSED)

<P><STRONG><a name="[ee]"></a>__aeabi_memcpy</STRONG> (Thumb, 64 bytes, Stack size 8 bytes, memmovea.o(.text))
<BR><BR>[Stack]<UL><LI>Max Depth = 8<LI>Call Chain = __aeabi_memcpy
</UL>
<BR>[Called By]<UL><LI><a href="#[ad]">&gt;&gt;</a>&nbsp;&nbsp;&nbsp;OD_write_18xx
<LI><a href="#[a3]">&gt;&gt;</a>&nbsp;&nbsp;&nbsp;OD_write_14xx
<LI><a href="#[10a]">&gt;&gt;</a>&nbsp;&nbsp;&nbsp;CO_TPDOsend
<LI><a href="#[9b]">&gt;&gt;</a>&nbsp;&nbsp;&nbsp;OD_readOriginal
<LI><a href="#[98]">&gt;&gt;</a>&nbsp;&nbsp;&nbsp;OD_writeOriginal
<LI><a href="#[fd]">&gt;&gt;</a>&nbsp;&nbsp;&nbsp;CO_SDOserver_process
<LI><a href="#[a7]">&gt;&gt;</a>&nbsp;&nbsp;&nbsp;CO_SDO_receive
<LI><a href="#[ed]">&gt;&gt;</a>&nbsp;&nbsp;&nbsp;CO_RPDO_process
</UL>

<P><STRONG><a name="[102]"></a>__aeabi_memcpy4</STRONG> (Thumb, 0 bytes, Stack size 8 bytes, memmovea.o(.text))
<BR><BR>[Stack]<UL><LI>Max Depth = 8<LI>Call Chain = __aeabi_memcpy4
</UL>
<BR>[Called By]<UL><LI><a href="#[131]">&gt;&gt;</a>&nbsp;&nbsp;&nbsp;HAL_FDCAN_Init
<LI><a href="#[170]">&gt;&gt;</a>&nbsp;&nbsp;&nbsp;PDOconfigMap
<LI><a href="#[fd]">&gt;&gt;</a>&nbsp;&nbsp;&nbsp;CO_SDOserver_process
</UL>

<P><STRONG><a name="[108]"></a>__aeabi_memmove</STRONG> (Thumb, 0 bytes, Stack size 8 bytes, memmovea.o(.text))
<BR><BR>[Stack]<UL><LI>Max Depth = 8<LI>Call Chain = __aeabi_memmove
</UL>
<BR>[Called By]<UL><LI><a href="#[ad]">&gt;&gt;</a>&nbsp;&nbsp;&nbsp;OD_write_18xx
<LI><a href="#[a3]">&gt;&gt;</a>&nbsp;&nbsp;&nbsp;OD_write_14xx
<LI><a href="#[a2]">&gt;&gt;</a>&nbsp;&nbsp;&nbsp;OD_read_PDO_commParam
<LI><a href="#[110]">&gt;&gt;</a>&nbsp;&nbsp;&nbsp;CO_getUint8
<LI><a href="#[10e]">&gt;&gt;</a>&nbsp;&nbsp;&nbsp;CO_getUint32
<LI><a href="#[10d]">&gt;&gt;</a>&nbsp;&nbsp;&nbsp;CO_getUint16
<LI><a href="#[9f]">&gt;&gt;</a>&nbsp;&nbsp;&nbsp;OD_write_1017
<LI><a href="#[9c]">&gt;&gt;</a>&nbsp;&nbsp;&nbsp;OD_write_1016
<LI><a href="#[9a]">&gt;&gt;</a>&nbsp;&nbsp;&nbsp;OD_write_1003
<LI><a href="#[97]">&gt;&gt;</a>&nbsp;&nbsp;&nbsp;OD_read_1014_default
<LI><a href="#[99]">&gt;&gt;</a>&nbsp;&nbsp;&nbsp;OD_read_1003
<LI><a href="#[106]">&gt;&gt;</a>&nbsp;&nbsp;&nbsp;CO_TIME_process
<LI><a href="#[107]">&gt;&gt;</a>&nbsp;&nbsp;&nbsp;CO_getUint32
<LI><a href="#[a9]">&gt;&gt;</a>&nbsp;&nbsp;&nbsp;OD_write_1019
<LI><a href="#[a8]">&gt;&gt;</a>&nbsp;&nbsp;&nbsp;OD_write_1005
<LI><a href="#[101]">&gt;&gt;</a>&nbsp;&nbsp;&nbsp;readFromOd
<LI><a href="#[a6]">&gt;&gt;</a>&nbsp;&nbsp;&nbsp;OD_write_1201_additional
<LI><a href="#[10f]">&gt;&gt;</a>&nbsp;&nbsp;&nbsp;CO_getUint32
</UL>

<P><STRONG><a name="[193]"></a>__aeabi_memmove4</STRONG> (Thumb, 0 bytes, Stack size 8 bytes, memmovea.o(.text), UNUSED)

<P><STRONG><a name="[194]"></a>__aeabi_memmove8</STRONG> (Thumb, 0 bytes, Stack size 8 bytes, memmovea.o(.text), UNUSED)

<P><STRONG><a name="[ba]"></a>__aeabi_memset</STRONG> (Thumb, 14 bytes, Stack size 0 bytes, memseta.o(.text))
<BR><BR>[Called By]<UL><LI><a href="#[bb]">&gt;&gt;</a>&nbsp;&nbsp;&nbsp;_memset$wrapper
<LI><a href="#[b9]">&gt;&gt;</a>&nbsp;&nbsp;&nbsp;__aeabi_memclr
</UL>

<P><STRONG><a name="[195]"></a>__aeabi_memset4</STRONG> (Thumb, 0 bytes, Stack size 0 bytes, memseta.o(.text), UNUSED)

<P><STRONG><a name="[196]"></a>__aeabi_memset8</STRONG> (Thumb, 0 bytes, Stack size 0 bytes, memseta.o(.text), UNUSED)

<P><STRONG><a name="[b9]"></a>__aeabi_memclr</STRONG> (Thumb, 4 bytes, Stack size 0 bytes, memseta.o(.text))
<BR><BR>[Calls]<UL><LI><a href="#[ba]">&gt;&gt;</a>&nbsp;&nbsp;&nbsp;__aeabi_memset
</UL>
<BR>[Called By]<UL><LI><a href="#[b0]">&gt;&gt;</a>&nbsp;&nbsp;&nbsp;OD_read_dummy
</UL>

<P><STRONG><a name="[d6]"></a>__aeabi_memclr4</STRONG> (Thumb, 0 bytes, Stack size 0 bytes, memseta.o(.text))
<BR><BR>[Called By]<UL><LI><a href="#[162]">&gt;&gt;</a>&nbsp;&nbsp;&nbsp;HAL_UART_MspInit
<LI><a href="#[132]">&gt;&gt;</a>&nbsp;&nbsp;&nbsp;HAL_FDCAN_MspInit
<LI><a href="#[168]">&gt;&gt;</a>&nbsp;&nbsp;&nbsp;MX_GPIO_Init
<LI><a href="#[172]">&gt;&gt;</a>&nbsp;&nbsp;&nbsp;SystemClock_Config
<LI><a href="#[170]">&gt;&gt;</a>&nbsp;&nbsp;&nbsp;PDOconfigMap
<LI><a href="#[c9]">&gt;&gt;</a>&nbsp;&nbsp;&nbsp;CO_NMT_init
<LI><a href="#[ca]">&gt;&gt;</a>&nbsp;&nbsp;&nbsp;CO_HBconsumer_init
<LI><a href="#[c8]">&gt;&gt;</a>&nbsp;&nbsp;&nbsp;CO_EM_init
<LI><a href="#[e2]">&gt;&gt;</a>&nbsp;&nbsp;&nbsp;CO_LSSslave_init
<LI><a href="#[cd]">&gt;&gt;</a>&nbsp;&nbsp;&nbsp;CO_TIME_init
<LI><a href="#[ce]">&gt;&gt;</a>&nbsp;&nbsp;&nbsp;CO_SYNC_init
<LI><a href="#[d1]">&gt;&gt;</a>&nbsp;&nbsp;&nbsp;CO_TPDO_init
<LI><a href="#[d0]">&gt;&gt;</a>&nbsp;&nbsp;&nbsp;CO_RPDO_init
</UL>

<P><STRONG><a name="[197]"></a>__aeabi_memclr8</STRONG> (Thumb, 0 bytes, Stack size 0 bytes, memseta.o(.text), UNUSED)

<P><STRONG><a name="[bb]"></a>_memset$wrapper</STRONG> (Thumb, 18 bytes, Stack size 8 bytes, memseta.o(.text), UNUSED)
<BR><BR>[Calls]<UL><LI><a href="#[ba]">&gt;&gt;</a>&nbsp;&nbsp;&nbsp;__aeabi_memset
</UL>

<P><STRONG><a name="[189]"></a>strlen</STRONG> (Thumb, 14 bytes, Stack size 0 bytes, strlen.o(.text))
<BR><BR>[Called By]<UL><LI><a href="#[101]">&gt;&gt;</a>&nbsp;&nbsp;&nbsp;readFromOd
</UL>

<P><STRONG><a name="[bc]"></a>calloc</STRONG> (Thumb, 28 bytes, Stack size 8 bytes, calloc.o(.text))
<BR><BR>[Stack]<UL><LI>Max Depth = 28<LI>Call Chain = calloc &rArr; malloc
</UL>
<BR>[Calls]<UL><LI><a href="#[bd]">&gt;&gt;</a>&nbsp;&nbsp;&nbsp;malloc
</UL>
<BR>[Called By]<UL><LI><a href="#[111]">&gt;&gt;</a>&nbsp;&nbsp;&nbsp;CO_new
</UL>

<P><STRONG><a name="[b8]"></a>__aeabi_llsl</STRONG> (Thumb, 30 bytes, Stack size 0 bytes, llshl.o(.text))
<BR><BR>[Called By]<UL><LI><a href="#[b6]">&gt;&gt;</a>&nbsp;&nbsp;&nbsp;__aeabi_uldivmod
</UL>

<P><STRONG><a name="[198]"></a>_ll_shift_l</STRONG> (Thumb, 0 bytes, Stack size 0 bytes, llshl.o(.text), UNUSED)

<P><STRONG><a name="[b7]"></a>__aeabi_llsr</STRONG> (Thumb, 32 bytes, Stack size 0 bytes, llushr.o(.text))
<BR><BR>[Called By]<UL><LI><a href="#[b6]">&gt;&gt;</a>&nbsp;&nbsp;&nbsp;__aeabi_uldivmod
</UL>

<P><STRONG><a name="[199]"></a>_ll_ushift_r</STRONG> (Thumb, 0 bytes, Stack size 0 bytes, llushr.o(.text), UNUSED)

<P><STRONG><a name="[b5]"></a>__scatterload</STRONG> (Thumb, 28 bytes, Stack size 0 bytes, init.o(.text))
<BR><BR>[Calls]<UL><LI><a href="#[be]">&gt;&gt;</a>&nbsp;&nbsp;&nbsp;__main_after_scatterload
</UL>
<BR>[Called By]<UL><LI><a href="#[b4]">&gt;&gt;</a>&nbsp;&nbsp;&nbsp;_main_scatterload
</UL>

<P><STRONG><a name="[19a]"></a>__scatterload_rt2</STRONG> (Thumb, 0 bytes, Stack size 0 bytes, init.o(.text), UNUSED)

<P><STRONG><a name="[19b]"></a>__decompress</STRONG> (Thumb, 0 bytes, Stack size unknown bytes, __dczerorl2.o(.text), UNUSED)

<P><STRONG><a name="[19c]"></a>__decompress1</STRONG> (Thumb, 86 bytes, Stack size unknown bytes, __dczerorl2.o(.text), UNUSED)

<P><STRONG><a name="[5]"></a>BusFault_Handler</STRONG> (Thumb, 2 bytes, Stack size 0 bytes, stm32h7xx_it.o(i.BusFault_Handler))
<BR><BR>[Calls]<UL><LI><a href="#[5]">&gt;&gt;</a>&nbsp;&nbsp;&nbsp;BusFault_Handler
</UL>
<BR>[Called By]<UL><LI><a href="#[5]">&gt;&gt;</a>&nbsp;&nbsp;&nbsp;BusFault_Handler
</UL>
<BR>[Address Reference Count : 1]<UL><LI> startup_stm32h723xx.o(RESET)
</UL>
<P><STRONG><a name="[119]"></a>CO_CANclearPendingSyncPDOs</STRONG> (Thumb, 102 bytes, Stack size 20 bytes, co_drv.o(i.CO_CANclearPendingSyncPDOs))
<BR><BR>[Stack]<UL><LI>Max Depth = 20<LI>Call Chain = CO_CANclearPendingSyncPDOs
</UL>
<BR>[Called By]<UL><LI><a href="#[118]">&gt;&gt;</a>&nbsp;&nbsp;&nbsp;CO_process_SYNC
</UL>

<P><STRONG><a name="[bf]"></a>CO_CANinit</STRONG> (Thumb, 50 bytes, Stack size 32 bytes, canopen.o(i.CO_CANinit))
<BR><BR>[Stack]<UL><LI>Max Depth = 76<LI>Call Chain = CO_CANinit &rArr; CO_CANmodule_init &rArr; HAL_FDCAN_ConfigGlobalFilter
</UL>
<BR>[Calls]<UL><LI><a href="#[c0]">&gt;&gt;</a>&nbsp;&nbsp;&nbsp;CO_CANsetConfigurationMode
<LI><a href="#[c1]">&gt;&gt;</a>&nbsp;&nbsp;&nbsp;CO_CANmodule_init
</UL>
<BR>[Called By]<UL><LI><a href="#[17a]">&gt;&gt;</a>&nbsp;&nbsp;&nbsp;canopen_app_resetCommunication
</UL>

<P><STRONG><a name="[c2]"></a>CO_CANmodule_disable</STRONG> (Thumb, 18 bytes, Stack size 0 bytes, co_drv.o(i.CO_CANmodule_disable))
<BR><BR>[Stack]<UL><LI>Max Depth = 8<LI>Call Chain = CO_CANmodule_disable &rArr; HAL_FDCAN_Stop
</UL>
<BR>[Calls]<UL><LI><a href="#[c3]">&gt;&gt;</a>&nbsp;&nbsp;&nbsp;HAL_FDCAN_Stop
</UL>
<BR>[Called By]<UL><LI><a href="#[17a]">&gt;&gt;</a>&nbsp;&nbsp;&nbsp;canopen_app_resetCommunication
<LI><a href="#[10b]">&gt;&gt;</a>&nbsp;&nbsp;&nbsp;CO_delete
</UL>

<P><STRONG><a name="[c1]"></a>CO_CANmodule_init</STRONG> (Thumb, 156 bytes, Stack size 32 bytes, co_drv.o(i.CO_CANmodule_init))
<BR><BR>[Stack]<UL><LI>Max Depth = 44<LI>Call Chain = CO_CANmodule_init &rArr; HAL_FDCAN_ConfigGlobalFilter
</UL>
<BR>[Calls]<UL><LI><a href="#[c4]">&gt;&gt;</a>&nbsp;&nbsp;&nbsp;HAL_FDCAN_ConfigGlobalFilter
<LI><a href="#[c5]">&gt;&gt;</a>&nbsp;&nbsp;&nbsp;HAL_FDCAN_ActivateNotification
</UL>
<BR>[Called By]<UL><LI><a href="#[bf]">&gt;&gt;</a>&nbsp;&nbsp;&nbsp;CO_CANinit
</UL>

<P><STRONG><a name="[114]"></a>CO_CANmodule_process</STRONG> (Thumb, 62 bytes, Stack size 0 bytes, co_drv.o(i.CO_CANmodule_process))
<BR><BR>[Called By]<UL><LI><a href="#[112]">&gt;&gt;</a>&nbsp;&nbsp;&nbsp;CO_process
</UL>

<P><STRONG><a name="[c6]"></a>CO_CANopenInit</STRONG> (Thumb, 444 bytes, Stack size 104 bytes, canopen.o(i.CO_CANopenInit))
<BR><BR>[Stack]<UL><LI>Max Depth = 260<LI>Call Chain = CO_CANopenInit &rArr; CO_SDOserver_init &rArr; OD_set_u32 &rArr; OD_set_value &rArr; OD_getSub
</UL>
<BR>[Calls]<UL><LI><a href="#[c9]">&gt;&gt;</a>&nbsp;&nbsp;&nbsp;CO_NMT_init
<LI><a href="#[ca]">&gt;&gt;</a>&nbsp;&nbsp;&nbsp;CO_HBconsumer_init
<LI><a href="#[c8]">&gt;&gt;</a>&nbsp;&nbsp;&nbsp;CO_EM_init
<LI><a href="#[c7]">&gt;&gt;</a>&nbsp;&nbsp;&nbsp;CO_LEDs_init
<LI><a href="#[cd]">&gt;&gt;</a>&nbsp;&nbsp;&nbsp;CO_TIME_init
<LI><a href="#[ce]">&gt;&gt;</a>&nbsp;&nbsp;&nbsp;CO_SYNC_init
<LI><a href="#[cb]">&gt;&gt;</a>&nbsp;&nbsp;&nbsp;CO_SDOserver_init
<LI><a href="#[cc]">&gt;&gt;</a>&nbsp;&nbsp;&nbsp;CO_SDOclient_init
</UL>
<BR>[Called By]<UL><LI><a href="#[17a]">&gt;&gt;</a>&nbsp;&nbsp;&nbsp;canopen_app_resetCommunication
</UL>

<P><STRONG><a name="[cf]"></a>CO_CANopenInitPDO</STRONG> (Thumb, 244 bytes, Stack size 80 bytes, canopen.o(i.CO_CANopenInitPDO))
<BR><BR>[Stack]<UL><LI>Max Depth = 308<LI>Call Chain = CO_CANopenInitPDO &rArr; CO_TPDO_init &rArr; PDO_initMapping &rArr; PDOconfigMap &rArr; OD_getSub
</UL>
<BR>[Calls]<UL><LI><a href="#[d1]">&gt;&gt;</a>&nbsp;&nbsp;&nbsp;CO_TPDO_init
<LI><a href="#[d0]">&gt;&gt;</a>&nbsp;&nbsp;&nbsp;CO_RPDO_init
</UL>
<BR>[Called By]<UL><LI><a href="#[17a]">&gt;&gt;</a>&nbsp;&nbsp;&nbsp;canopen_app_resetCommunication
</UL>

<P><STRONG><a name="[df]"></a>CO_CANrxBufferInit</STRONG> (Thumb, 84 bytes, Stack size 20 bytes, co_drv.o(i.CO_CANrxBufferInit))
<BR><BR>[Stack]<UL><LI>Max Depth = 20<LI>Call Chain = CO_CANrxBufferInit
</UL>
<BR>[Called By]<UL><LI><a href="#[a3]">&gt;&gt;</a>&nbsp;&nbsp;&nbsp;OD_write_14xx
<LI><a href="#[c9]">&gt;&gt;</a>&nbsp;&nbsp;&nbsp;CO_NMT_init
<LI><a href="#[de]">&gt;&gt;</a>&nbsp;&nbsp;&nbsp;CO_HBconsumer_initEntry
<LI><a href="#[e2]">&gt;&gt;</a>&nbsp;&nbsp;&nbsp;CO_LSSslave_init
<LI><a href="#[cd]">&gt;&gt;</a>&nbsp;&nbsp;&nbsp;CO_TIME_init
<LI><a href="#[ce]">&gt;&gt;</a>&nbsp;&nbsp;&nbsp;CO_SYNC_init
<LI><a href="#[a8]">&gt;&gt;</a>&nbsp;&nbsp;&nbsp;OD_write_1005
<LI><a href="#[fc]">&gt;&gt;</a>&nbsp;&nbsp;&nbsp;CO_SDOserver_init_canRxTx
<LI><a href="#[f9]">&gt;&gt;</a>&nbsp;&nbsp;&nbsp;CO_SDOclient_setup
<LI><a href="#[d0]">&gt;&gt;</a>&nbsp;&nbsp;&nbsp;CO_RPDO_init
</UL>

<P><STRONG><a name="[d2]"></a>CO_CANsend</STRONG> (Thumb, 70 bytes, Stack size 16 bytes, co_drv.o(i.CO_CANsend))
<BR><BR>[Stack]<UL><LI>Max Depth = 68<LI>Call Chain = CO_CANsend &rArr; prv_send_can_message &rArr; HAL_FDCAN_AddMessageToTxFifoQ &rArr; FDCAN_CopyMessageToRAM
</UL>
<BR>[Calls]<UL><LI><a href="#[d3]">&gt;&gt;</a>&nbsp;&nbsp;&nbsp;prv_send_can_message
</UL>
<BR>[Called By]<UL><LI><a href="#[10a]">&gt;&gt;</a>&nbsp;&nbsp;&nbsp;CO_TPDOsend
<LI><a href="#[e5]">&gt;&gt;</a>&nbsp;&nbsp;&nbsp;CO_NMT_process
<LI><a href="#[db]">&gt;&gt;</a>&nbsp;&nbsp;&nbsp;CO_EM_process
<LI><a href="#[e3]">&gt;&gt;</a>&nbsp;&nbsp;&nbsp;CO_LSSslave_process
<LI><a href="#[106]">&gt;&gt;</a>&nbsp;&nbsp;&nbsp;CO_TIME_process
<LI><a href="#[105]">&gt;&gt;</a>&nbsp;&nbsp;&nbsp;CO_SYNC_process
<LI><a href="#[fd]">&gt;&gt;</a>&nbsp;&nbsp;&nbsp;CO_SDOserver_process
<LI><a href="#[ef]">&gt;&gt;</a>&nbsp;&nbsp;&nbsp;CO_SDOclientDownload
</UL>

<P><STRONG><a name="[c0]"></a>CO_CANsetConfigurationMode</STRONG> (Thumb, 12 bytes, Stack size 0 bytes, co_drv.o(i.CO_CANsetConfigurationMode))
<BR><BR>[Stack]<UL><LI>Max Depth = 8<LI>Call Chain = CO_CANsetConfigurationMode &rArr; HAL_FDCAN_Stop
</UL>
<BR>[Calls]<UL><LI><a href="#[c3]">&gt;&gt;</a>&nbsp;&nbsp;&nbsp;HAL_FDCAN_Stop
</UL>
<BR>[Called By]<UL><LI><a href="#[17b]">&gt;&gt;</a>&nbsp;&nbsp;&nbsp;canopen_app_process
<LI><a href="#[17a]">&gt;&gt;</a>&nbsp;&nbsp;&nbsp;canopen_app_resetCommunication
<LI><a href="#[bf]">&gt;&gt;</a>&nbsp;&nbsp;&nbsp;CO_CANinit
</UL>

<P><STRONG><a name="[d4]"></a>CO_CANsetNormalMode</STRONG> (Thumb, 26 bytes, Stack size 8 bytes, co_drv.o(i.CO_CANsetNormalMode))
<BR><BR>[Stack]<UL><LI>Max Depth = 8<LI>Call Chain = CO_CANsetNormalMode
</UL>
<BR>[Calls]<UL><LI><a href="#[d5]">&gt;&gt;</a>&nbsp;&nbsp;&nbsp;HAL_FDCAN_Start
</UL>
<BR>[Called By]<UL><LI><a href="#[17a]">&gt;&gt;</a>&nbsp;&nbsp;&nbsp;canopen_app_resetCommunication
</UL>

<P><STRONG><a name="[da]"></a>CO_CANtxBufferInit</STRONG> (Thumb, 58 bytes, Stack size 20 bytes, co_drv.o(i.CO_CANtxBufferInit))
<BR><BR>[Stack]<UL><LI>Max Depth = 20<LI>Call Chain = CO_CANtxBufferInit
</UL>
<BR>[Called By]<UL><LI><a href="#[ad]">&gt;&gt;</a>&nbsp;&nbsp;&nbsp;OD_write_18xx
<LI><a href="#[c9]">&gt;&gt;</a>&nbsp;&nbsp;&nbsp;CO_NMT_init
<LI><a href="#[c8]">&gt;&gt;</a>&nbsp;&nbsp;&nbsp;CO_EM_init
<LI><a href="#[e2]">&gt;&gt;</a>&nbsp;&nbsp;&nbsp;CO_LSSslave_init
<LI><a href="#[cd]">&gt;&gt;</a>&nbsp;&nbsp;&nbsp;CO_TIME_init
<LI><a href="#[ce]">&gt;&gt;</a>&nbsp;&nbsp;&nbsp;CO_SYNC_init
<LI><a href="#[a9]">&gt;&gt;</a>&nbsp;&nbsp;&nbsp;OD_write_1019
<LI><a href="#[a8]">&gt;&gt;</a>&nbsp;&nbsp;&nbsp;OD_write_1005
<LI><a href="#[fc]">&gt;&gt;</a>&nbsp;&nbsp;&nbsp;CO_SDOserver_init_canRxTx
<LI><a href="#[f9]">&gt;&gt;</a>&nbsp;&nbsp;&nbsp;CO_SDOclient_setup
<LI><a href="#[d1]">&gt;&gt;</a>&nbsp;&nbsp;&nbsp;CO_TPDO_init
</UL>

<P><STRONG><a name="[c8]"></a>CO_EM_init</STRONG> (Thumb, 266 bytes, Stack size 72 bytes, co_emergency.o(i.CO_EM_init))
<BR><BR>[Stack]<UL><LI>Max Depth = 148<LI>Call Chain = CO_EM_init &rArr; OD_get_value &rArr; OD_getSub
</UL>
<BR>[Calls]<UL><LI><a href="#[d8]">&gt;&gt;</a>&nbsp;&nbsp;&nbsp;OD_get_value
<LI><a href="#[d7]">&gt;&gt;</a>&nbsp;&nbsp;&nbsp;OD_getPtr
<LI><a href="#[da]">&gt;&gt;</a>&nbsp;&nbsp;&nbsp;CO_CANtxBufferInit
<LI><a href="#[d9]">&gt;&gt;</a>&nbsp;&nbsp;&nbsp;OD_getIndex
<LI><a href="#[d6]">&gt;&gt;</a>&nbsp;&nbsp;&nbsp;__aeabi_memclr4
</UL>
<BR>[Called By]<UL><LI><a href="#[c6]">&gt;&gt;</a>&nbsp;&nbsp;&nbsp;CO_CANopenInit
</UL>

<P><STRONG><a name="[db]"></a>CO_EM_process</STRONG> (Thumb, 340 bytes, Stack size 32 bytes, co_emergency.o(i.CO_EM_process))
<BR><BR>[Stack]<UL><LI>Max Depth = 100<LI>Call Chain = CO_EM_process &rArr; CO_CANsend &rArr; prv_send_can_message &rArr; HAL_FDCAN_AddMessageToTxFifoQ &rArr; FDCAN_CopyMessageToRAM
</UL>
<BR>[Calls]<UL><LI><a href="#[d2]">&gt;&gt;</a>&nbsp;&nbsp;&nbsp;CO_CANsend
<LI><a href="#[dc]">&gt;&gt;</a>&nbsp;&nbsp;&nbsp;CO_error
</UL>
<BR>[Called By]<UL><LI><a href="#[112]">&gt;&gt;</a>&nbsp;&nbsp;&nbsp;CO_process
</UL>

<P><STRONG><a name="[ca]"></a>CO_HBconsumer_init</STRONG> (Thumb, 208 bytes, Stack size 48 bytes, co_hbconsumer.o(i.CO_HBconsumer_init))
<BR><BR>[Stack]<UL><LI>Max Depth = 124<LI>Call Chain = CO_HBconsumer_init &rArr; OD_get_value &rArr; OD_getSub
</UL>
<BR>[Calls]<UL><LI><a href="#[dd]">&gt;&gt;</a>&nbsp;&nbsp;&nbsp;OD_getIndex
<LI><a href="#[de]">&gt;&gt;</a>&nbsp;&nbsp;&nbsp;CO_HBconsumer_initEntry
<LI><a href="#[d8]">&gt;&gt;</a>&nbsp;&nbsp;&nbsp;OD_get_value
<LI><a href="#[d6]">&gt;&gt;</a>&nbsp;&nbsp;&nbsp;__aeabi_memclr4
</UL>
<BR>[Called By]<UL><LI><a href="#[c6]">&gt;&gt;</a>&nbsp;&nbsp;&nbsp;CO_CANopenInit
</UL>

<P><STRONG><a name="[e0]"></a>CO_HBconsumer_process</STRONG> (Thumb, 268 bytes, Stack size 56 bytes, co_hbconsumer.o(i.CO_HBconsumer_process))
<BR><BR>[Stack]<UL><LI>Max Depth = 76<LI>Call Chain = CO_HBconsumer_process &rArr; CO_error
</UL>
<BR>[Calls]<UL><LI><a href="#[dc]">&gt;&gt;</a>&nbsp;&nbsp;&nbsp;CO_error
</UL>
<BR>[Called By]<UL><LI><a href="#[112]">&gt;&gt;</a>&nbsp;&nbsp;&nbsp;CO_process
</UL>

<P><STRONG><a name="[c7]"></a>CO_LEDs_init</STRONG> (Thumb, 20 bytes, Stack size 0 bytes, co_leds.o(i.CO_LEDs_init))
<BR><BR>[Called By]<UL><LI><a href="#[c6]">&gt;&gt;</a>&nbsp;&nbsp;&nbsp;CO_CANopenInit
</UL>

<P><STRONG><a name="[116]"></a>CO_LEDs_process</STRONG> (Thumb, 424 bytes, Stack size 36 bytes, co_leds.o(i.CO_LEDs_process))
<BR><BR>[Stack]<UL><LI>Max Depth = 36<LI>Call Chain = CO_LEDs_process
</UL>
<BR>[Called By]<UL><LI><a href="#[112]">&gt;&gt;</a>&nbsp;&nbsp;&nbsp;CO_process
</UL>

<P><STRONG><a name="[e1]"></a>CO_LSSinit</STRONG> (Thumb, 52 bytes, Stack size 48 bytes, canopen.o(i.CO_LSSinit))
<BR><BR>[Stack]<UL><LI>Max Depth = 116<LI>Call Chain = CO_LSSinit &rArr; CO_LSSslave_init &rArr; CO_CANrxBufferInit
</UL>
<BR>[Calls]<UL><LI><a href="#[e2]">&gt;&gt;</a>&nbsp;&nbsp;&nbsp;CO_LSSslave_init
</UL>
<BR>[Called By]<UL><LI><a href="#[17a]">&gt;&gt;</a>&nbsp;&nbsp;&nbsp;canopen_app_resetCommunication
</UL>

<P><STRONG><a name="[e2]"></a>CO_LSSslave_init</STRONG> (Thumb, 150 bytes, Stack size 48 bytes, co_lssslave.o(i.CO_LSSslave_init))
<BR><BR>[Stack]<UL><LI>Max Depth = 68<LI>Call Chain = CO_LSSslave_init &rArr; CO_CANrxBufferInit
</UL>
<BR>[Calls]<UL><LI><a href="#[df]">&gt;&gt;</a>&nbsp;&nbsp;&nbsp;CO_CANrxBufferInit
<LI><a href="#[da]">&gt;&gt;</a>&nbsp;&nbsp;&nbsp;CO_CANtxBufferInit
<LI><a href="#[d6]">&gt;&gt;</a>&nbsp;&nbsp;&nbsp;__aeabi_memclr4
</UL>
<BR>[Called By]<UL><LI><a href="#[e1]">&gt;&gt;</a>&nbsp;&nbsp;&nbsp;CO_LSSinit
</UL>

<P><STRONG><a name="[e3]"></a>CO_LSSslave_process</STRONG> (Thumb, 362 bytes, Stack size 32 bytes, co_lssslave.o(i.CO_LSSslave_process))
<BR><BR>[Stack]<UL><LI>Max Depth = 100<LI>Call Chain = CO_LSSslave_process &rArr; CO_CANsend &rArr; prv_send_can_message &rArr; HAL_FDCAN_AddMessageToTxFifoQ &rArr; FDCAN_CopyMessageToRAM
</UL>
<BR>[Calls]<UL><LI><a href="#[d2]">&gt;&gt;</a>&nbsp;&nbsp;&nbsp;CO_CANsend
</UL>
<BR>[Called By]<UL><LI><a href="#[112]">&gt;&gt;</a>&nbsp;&nbsp;&nbsp;CO_process
</UL>

<P><STRONG><a name="[c9]"></a>CO_NMT_init</STRONG> (Thumb, 264 bytes, Stack size 72 bytes, co_nmt_heartbeat.o(i.CO_NMT_init))
<BR><BR>[Stack]<UL><LI>Max Depth = 148<LI>Call Chain = CO_NMT_init &rArr; OD_get_value &rArr; OD_getSub
</UL>
<BR>[Calls]<UL><LI><a href="#[e4]">&gt;&gt;</a>&nbsp;&nbsp;&nbsp;OD_getIndex
<LI><a href="#[df]">&gt;&gt;</a>&nbsp;&nbsp;&nbsp;CO_CANrxBufferInit
<LI><a href="#[d8]">&gt;&gt;</a>&nbsp;&nbsp;&nbsp;OD_get_value
<LI><a href="#[da]">&gt;&gt;</a>&nbsp;&nbsp;&nbsp;CO_CANtxBufferInit
<LI><a href="#[d6]">&gt;&gt;</a>&nbsp;&nbsp;&nbsp;__aeabi_memclr4
</UL>
<BR>[Called By]<UL><LI><a href="#[c6]">&gt;&gt;</a>&nbsp;&nbsp;&nbsp;CO_CANopenInit
</UL>

<P><STRONG><a name="[e5]"></a>CO_NMT_process</STRONG> (Thumb, 258 bytes, Stack size 24 bytes, co_nmt_heartbeat.o(i.CO_NMT_process))
<BR><BR>[Stack]<UL><LI>Max Depth = 92<LI>Call Chain = CO_NMT_process &rArr; CO_CANsend &rArr; prv_send_can_message &rArr; HAL_FDCAN_AddMessageToTxFifoQ &rArr; FDCAN_CopyMessageToRAM
</UL>
<BR>[Calls]<UL><LI><a href="#[e6]">&gt;&gt;</a>&nbsp;&nbsp;&nbsp;CO_isError
<LI><a href="#[d2]">&gt;&gt;</a>&nbsp;&nbsp;&nbsp;CO_CANsend
</UL>
<BR>[Called By]<UL><LI><a href="#[112]">&gt;&gt;</a>&nbsp;&nbsp;&nbsp;CO_process
</UL>

<P><STRONG><a name="[d0]"></a>CO_RPDO_init</STRONG> (Thumb, 408 bytes, Stack size 80 bytes, co_pdo.o(i.CO_RPDO_init))
<BR><BR>[Stack]<UL><LI>Max Depth = 228<LI>Call Chain = CO_RPDO_init &rArr; PDO_initMapping &rArr; PDOconfigMap &rArr; OD_getSub
</UL>
<BR>[Calls]<UL><LI><a href="#[e7]">&gt;&gt;</a>&nbsp;&nbsp;&nbsp;PDO_initMapping
<LI><a href="#[ea]">&gt;&gt;</a>&nbsp;&nbsp;&nbsp;OD_get_u8
<LI><a href="#[e8]">&gt;&gt;</a>&nbsp;&nbsp;&nbsp;OD_get_u32
<LI><a href="#[eb]">&gt;&gt;</a>&nbsp;&nbsp;&nbsp;OD_get_u16
<LI><a href="#[e9]">&gt;&gt;</a>&nbsp;&nbsp;&nbsp;OD_getIndex
<LI><a href="#[ec]">&gt;&gt;</a>&nbsp;&nbsp;&nbsp;OD_extension_init
<LI><a href="#[df]">&gt;&gt;</a>&nbsp;&nbsp;&nbsp;CO_CANrxBufferInit
<LI><a href="#[dc]">&gt;&gt;</a>&nbsp;&nbsp;&nbsp;CO_error
<LI><a href="#[d6]">&gt;&gt;</a>&nbsp;&nbsp;&nbsp;__aeabi_memclr4
</UL>
<BR>[Called By]<UL><LI><a href="#[cf]">&gt;&gt;</a>&nbsp;&nbsp;&nbsp;CO_CANopenInitPDO
</UL>

<P><STRONG><a name="[ed]"></a>CO_RPDO_process</STRONG> (Thumb, 364 bytes, Stack size 80 bytes, co_pdo.o(i.CO_RPDO_process))
<BR><BR>[Stack]<UL><LI>Max Depth = 100<LI>Call Chain = CO_RPDO_process &rArr; CO_error
</UL>
<BR>[Calls]<UL><LI><a href="#[dc]">&gt;&gt;</a>&nbsp;&nbsp;&nbsp;CO_error
<LI><a href="#[ee]">&gt;&gt;</a>&nbsp;&nbsp;&nbsp;__aeabi_memcpy
</UL>
<BR>[Called By]<UL><LI><a href="#[117]">&gt;&gt;</a>&nbsp;&nbsp;&nbsp;CO_process_RPDO
</UL>

<P><STRONG><a name="[ef]"></a>CO_SDOclientDownload</STRONG> (Thumb, 466 bytes, Stack size 40 bytes, co_sdoclient.o(i.CO_SDOclientDownload))
<BR><BR>[Stack]<UL><LI>Max Depth = 108<LI>Call Chain = CO_SDOclientDownload &rArr; CO_CANsend &rArr; prv_send_can_message &rArr; HAL_FDCAN_AddMessageToTxFifoQ &rArr; FDCAN_CopyMessageToRAM
</UL>
<BR>[Calls]<UL><LI><a href="#[f0]">&gt;&gt;</a>&nbsp;&nbsp;&nbsp;CO_fifo_read
<LI><a href="#[d2]">&gt;&gt;</a>&nbsp;&nbsp;&nbsp;CO_CANsend
</UL>
<BR>[Called By]<UL><LI><a href="#[186]">&gt;&gt;</a>&nbsp;&nbsp;&nbsp;write_sdo
</UL>

<P><STRONG><a name="[f1]"></a>CO_SDOclientDownloadBufWrite</STRONG> (Thumb, 30 bytes, Stack size 8 bytes, co_sdoclient.o(i.CO_SDOclientDownloadBufWrite))
<BR><BR>[Stack]<UL><LI>Max Depth = 28<LI>Call Chain = CO_SDOclientDownloadBufWrite &rArr; CO_fifo_write
</UL>
<BR>[Calls]<UL><LI><a href="#[f2]">&gt;&gt;</a>&nbsp;&nbsp;&nbsp;CO_fifo_write
</UL>
<BR>[Called By]<UL><LI><a href="#[186]">&gt;&gt;</a>&nbsp;&nbsp;&nbsp;write_sdo
</UL>

<P><STRONG><a name="[f3]"></a>CO_SDOclientDownloadInitiate</STRONG> (Thumb, 60 bytes, Stack size 16 bytes, co_sdoclient.o(i.CO_SDOclientDownloadInitiate))
<BR><BR>[Stack]<UL><LI>Max Depth = 16<LI>Call Chain = CO_SDOclientDownloadInitiate
</UL>
<BR>[Calls]<UL><LI><a href="#[f4]">&gt;&gt;</a>&nbsp;&nbsp;&nbsp;CO_fifo_reset
</UL>
<BR>[Called By]<UL><LI><a href="#[186]">&gt;&gt;</a>&nbsp;&nbsp;&nbsp;write_sdo
</UL>

<P><STRONG><a name="[cc]"></a>CO_SDOclient_init</STRONG> (Thumb, 202 bytes, Stack size 56 bytes, co_sdoclient.o(i.CO_SDOclient_init))
<BR><BR>[Stack]<UL><LI>Max Depth = 140<LI>Call Chain = CO_SDOclient_init &rArr; OD_get_u8 &rArr; OD_get_value &rArr; OD_getSub
</UL>
<BR>[Calls]<UL><LI><a href="#[f6]">&gt;&gt;</a>&nbsp;&nbsp;&nbsp;CO_fifo_init
<LI><a href="#[f9]">&gt;&gt;</a>&nbsp;&nbsp;&nbsp;CO_SDOclient_setup
<LI><a href="#[f7]">&gt;&gt;</a>&nbsp;&nbsp;&nbsp;OD_get_u8
<LI><a href="#[f8]">&gt;&gt;</a>&nbsp;&nbsp;&nbsp;OD_get_u32
<LI><a href="#[f5]">&gt;&gt;</a>&nbsp;&nbsp;&nbsp;OD_getIndex
</UL>
<BR>[Called By]<UL><LI><a href="#[c6]">&gt;&gt;</a>&nbsp;&nbsp;&nbsp;CO_CANopenInit
</UL>

<P><STRONG><a name="[f9]"></a>CO_SDOclient_setup</STRONG> (Thumb, 122 bytes, Stack size 40 bytes, co_sdoclient.o(i.CO_SDOclient_setup))
<BR><BR>[Stack]<UL><LI>Max Depth = 60<LI>Call Chain = CO_SDOclient_setup &rArr; CO_CANrxBufferInit
</UL>
<BR>[Calls]<UL><LI><a href="#[df]">&gt;&gt;</a>&nbsp;&nbsp;&nbsp;CO_CANrxBufferInit
<LI><a href="#[da]">&gt;&gt;</a>&nbsp;&nbsp;&nbsp;CO_CANtxBufferInit
</UL>
<BR>[Called By]<UL><LI><a href="#[cc]">&gt;&gt;</a>&nbsp;&nbsp;&nbsp;CO_SDOclient_init
<LI><a href="#[186]">&gt;&gt;</a>&nbsp;&nbsp;&nbsp;write_sdo
</UL>

<P><STRONG><a name="[cb]"></a>CO_SDOserver_init</STRONG> (Thumb, 318 bytes, Stack size 56 bytes, co_sdoserver.o(i.CO_SDOserver_init))
<BR><BR>[Stack]<UL><LI>Max Depth = 156<LI>Call Chain = CO_SDOserver_init &rArr; OD_set_u32 &rArr; OD_set_value &rArr; OD_getSub
</UL>
<BR>[Calls]<UL><LI><a href="#[d8]">&gt;&gt;</a>&nbsp;&nbsp;&nbsp;OD_get_value
<LI><a href="#[fb]">&gt;&gt;</a>&nbsp;&nbsp;&nbsp;OD_set_u32
<LI><a href="#[fa]">&gt;&gt;</a>&nbsp;&nbsp;&nbsp;OD_get_u32
<LI><a href="#[fc]">&gt;&gt;</a>&nbsp;&nbsp;&nbsp;CO_SDOserver_init_canRxTx
</UL>
<BR>[Called By]<UL><LI><a href="#[c6]">&gt;&gt;</a>&nbsp;&nbsp;&nbsp;CO_CANopenInit
</UL>

<P><STRONG><a name="[fd]"></a>CO_SDOserver_process</STRONG> (Thumb, 1256 bytes, Stack size 56 bytes, co_sdoserver.o(i.CO_SDOserver_process))
<BR><BR>[Stack]<UL><LI>Max Depth = 124<LI>Call Chain = CO_SDOserver_process &rArr; CO_CANsend &rArr; prv_send_can_message &rArr; HAL_FDCAN_AddMessageToTxFifoQ &rArr; FDCAN_CopyMessageToRAM
</UL>
<BR>[Calls]<UL><LI><a href="#[ff]">&gt;&gt;</a>&nbsp;&nbsp;&nbsp;OD_getSub
<LI><a href="#[100]">&gt;&gt;</a>&nbsp;&nbsp;&nbsp;OD_getSDOabCode
<LI><a href="#[fe]">&gt;&gt;</a>&nbsp;&nbsp;&nbsp;OD_find
<LI><a href="#[d2]">&gt;&gt;</a>&nbsp;&nbsp;&nbsp;CO_CANsend
<LI><a href="#[103]">&gt;&gt;</a>&nbsp;&nbsp;&nbsp;validateAndWriteToOD
<LI><a href="#[101]">&gt;&gt;</a>&nbsp;&nbsp;&nbsp;readFromOd
<LI><a href="#[102]">&gt;&gt;</a>&nbsp;&nbsp;&nbsp;__aeabi_memcpy4
<LI><a href="#[ee]">&gt;&gt;</a>&nbsp;&nbsp;&nbsp;__aeabi_memcpy
</UL>
[...]
<BR>[Address Reference Count : 1]<UL><LI> co_odinterface.o(i.OD_getSub)
</UL>
<P><STRONG><a name="[af]"></a>OD_writeDisabled</STRONG> (Thumb, 4 bytes, Stack size 0 bytes, co_odinterface.o(i.OD_writeDisabled))
<BR>[Address Reference Count : 1]<UL><LI> co_odinterface.o(i.OD_getSub)
</UL>
<P><STRONG><a name="[a1]"></a>CO_PDO_receive</STRONG> (Thumb, 92 bytes, Stack size 12 bytes, co_pdo.o(i.CO_PDO_receive))
<BR><BR>[Stack]<UL><LI>Max Depth = 12<LI>Call Chain = CO_PDO_receive
</UL>
<BR>[Address Reference Count : 2]<UL><LI> co_pdo.o(i.OD_write_14xx)
<LI> co_pdo.o(i.CO_RPDO_init)
</UL>
<P><STRONG><a name="[10a]"></a>CO_TPDOsend</STRONG> (Thumb, 188 bytes, Stack size 48 bytes, co_pdo.o(i.CO_TPDOsend))
<BR><BR>[Stack]<UL><LI>Max Depth = 116<LI>Call Chain = CO_TPDOsend &rArr; CO_CANsend &rArr; prv_send_can_message &rArr; HAL_FDCAN_AddMessageToTxFifoQ &rArr; FDCAN_CopyMessageToRAM
</UL>
<BR>[Calls]<UL><LI><a href="#[d2]">&gt;&gt;</a>&nbsp;&nbsp;&nbsp;CO_CANsend
<LI><a href="#[ee]">&gt;&gt;</a>&nbsp;&nbsp;&nbsp;__aeabi_memcpy
</UL>
<BR>[Called By]<UL><LI><a href="#[109]">&gt;&gt;</a>&nbsp;&nbsp;&nbsp;CO_TPDO_process
</UL>

<P><STRONG><a name="[10d]"></a>CO_getUint16</STRONG> (Thumb, 18 bytes, Stack size 8 bytes, co_pdo.o(i.CO_getUint16))
<BR><BR>[Stack]<UL><LI>Max Depth = 16<LI>Call Chain = CO_getUint16 &rArr; __aeabi_memmove
</UL>
<BR>[Calls]<UL><LI><a href="#[108]">&gt;&gt;</a>&nbsp;&nbsp;&nbsp;__aeabi_memmove
</UL>
<BR>[Called By]<UL><LI><a href="#[ad]">&gt;&gt;</a>&nbsp;&nbsp;&nbsp;OD_write_18xx
<LI><a href="#[a3]">&gt;&gt;</a>&nbsp;&nbsp;&nbsp;OD_write_14xx
</UL>

<P><STRONG><a name="[10e]"></a>CO_getUint32</STRONG> (Thumb, 16 bytes, Stack size 8 bytes, co_pdo.o(i.CO_getUint32))
<BR><BR>[Stack]<UL><LI>Max Depth = 16<LI>Call Chain = CO_getUint32 &rArr; __aeabi_memmove
</UL>
<BR>[Calls]<UL><LI><a href="#[108]">&gt;&gt;</a>&nbsp;&nbsp;&nbsp;__aeabi_memmove
</UL>
<BR>[Called By]<UL><LI><a href="#[a4]">&gt;&gt;</a>&nbsp;&nbsp;&nbsp;OD_write_PDO_mapping
<LI><a href="#[ad]">&gt;&gt;</a>&nbsp;&nbsp;&nbsp;OD_write_18xx
<LI><a href="#[a3]">&gt;&gt;</a>&nbsp;&nbsp;&nbsp;OD_write_14xx
<LI><a href="#[a2]">&gt;&gt;</a>&nbsp;&nbsp;&nbsp;OD_read_PDO_commParam
</UL>

<P><STRONG><a name="[110]"></a>CO_getUint8</STRONG> (Thumb, 18 bytes, Stack size 8 bytes, co_pdo.o(i.CO_getUint8))
<BR><BR>[Stack]<UL><LI>Max Depth = 16<LI>Call Chain = CO_getUint8 &rArr; __aeabi_memmove
</UL>
<BR>[Calls]<UL><LI><a href="#[108]">&gt;&gt;</a>&nbsp;&nbsp;&nbsp;__aeabi_memmove
</UL>
<BR>[Called By]<UL><LI><a href="#[a4]">&gt;&gt;</a>&nbsp;&nbsp;&nbsp;OD_write_PDO_mapping
<LI><a href="#[ad]">&gt;&gt;</a>&nbsp;&nbsp;&nbsp;OD_write_18xx
<LI><a href="#[a3]">&gt;&gt;</a>&nbsp;&nbsp;&nbsp;OD_write_14xx
</UL>

<P><STRONG><a name="[ec]"></a>OD_extension_init</STRONG> (Thumb, 12 bytes, Stack size 0 bytes, co_pdo.o(i.OD_extension_init))
<BR><BR>[Called By]<UL><LI><a href="#[d1]">&gt;&gt;</a>&nbsp;&nbsp;&nbsp;CO_TPDO_init
<LI><a href="#[d0]">&gt;&gt;</a>&nbsp;&nbsp;&nbsp;CO_RPDO_init
</UL>

<P><STRONG><a name="[e9]"></a>OD_getIndex</STRONG> (Thumb, 8 bytes, Stack size 0 bytes, co_pdo.o(i.OD_getIndex))
<BR><BR>[Called By]<UL><LI><a href="#[e7]">&gt;&gt;</a>&nbsp;&nbsp;&nbsp;PDO_initMapping
<LI><a href="#[d1]">&gt;&gt;</a>&nbsp;&nbsp;&nbsp;CO_TPDO_init
<LI><a href="#[d0]">&gt;&gt;</a>&nbsp;&nbsp;&nbsp;CO_RPDO_init
</UL>

<P><STRONG><a name="[eb]"></a>OD_get_u16</STRONG> (Thumb, 12 bytes, Stack size 8 bytes, co_pdo.o(i.OD_get_u16))
<BR><BR>[Stack]<UL><LI>Max Depth = 84<LI>Call Chain = OD_get_u16 &rArr; OD_get_value &rArr; OD_getSub
</UL>
<BR>[Calls]<UL><LI><a href="#[d8]">&gt;&gt;</a>&nbsp;&nbsp;&nbsp;OD_get_value
</UL>
<BR>[Called By]<UL><LI><a href="#[d1]">&gt;&gt;</a>&nbsp;&nbsp;&nbsp;CO_TPDO_init
<LI><a href="#[d0]">&gt;&gt;</a>&nbsp;&nbsp;&nbsp;CO_RPDO_init
</UL>

<P><STRONG><a name="[e8]"></a>OD_get_u32</STRONG> (Thumb, 12 bytes, Stack size 8 bytes, co_pdo.o(i.OD_get_u32))
<BR><BR>[Stack]<UL><LI>Max Depth = 84<LI>Call Chain = OD_get_u32 &rArr; OD_get_value &rArr; OD_getSub
</UL>
<BR>[Calls]<UL><LI><a href="#[d8]">&gt;&gt;</a>&nbsp;&nbsp;&nbsp;OD_get_value
</UL>
<BR>[Called By]<UL><LI><a href="#[e7]">&gt;&gt;</a>&nbsp;&nbsp;&nbsp;PDO_initMapping
<LI><a href="#[d1]">&gt;&gt;</a>&nbsp;&nbsp;&nbsp;CO_TPDO_init
<LI><a href="#[d0]">&gt;&gt;</a>&nbsp;&nbsp;&nbsp;CO_RPDO_init
</UL>

<P><STRONG><a name="[ea]"></a>OD_get_u8</STRONG> (Thumb, 12 bytes, Stack size 8 bytes, co_pdo.o(i.OD_get_u8))
<BR><BR>[Stack]<UL><LI>Max Depth = 84<LI>Call Chain = OD_get_u8 &rArr; OD_get_value &rArr; OD_getSub
</UL>
<BR>[Calls]<UL><LI><a href="#[d8]">&gt;&gt;</a>&nbsp;&nbsp;&nbsp;OD_get_value
</UL>
<BR>[Called By]<UL><LI><a href="#[e7]">&gt;&gt;</a>&nbsp;&nbsp;&nbsp;PDO_initMapping
<LI><a href="#[d1]">&gt;&gt;</a>&nbsp;&nbsp;&nbsp;CO_TPDO_init
<LI><a href="#[d0]">&gt;&gt;</a>&nbsp;&nbsp;&nbsp;CO_RPDO_init
</UL>

<P><STRONG><a name="[a2]"></a>OD_read_PDO_commParam</STRONG> (Thumb, 84 bytes, Stack size 24 bytes, co_pdo.o(i.OD_read_PDO_commParam))
<BR><BR>[Stack]<UL><LI>Max Depth = 56<LI>Call Chain = OD_read_PDO_commParam &rArr; OD_readOriginal &rArr; __aeabi_memcpy
</UL>
<BR>[Calls]<UL><LI><a href="#[10e]">&gt;&gt;</a>&nbsp;&nbsp;&nbsp;CO_getUint32
<LI><a href="#[9b]">&gt;&gt;</a>&nbsp;&nbsp;&nbsp;OD_readOriginal
<LI><a href="#[108]">&gt;&gt;</a>&nbsp;&nbsp;&nbsp;__aeabi_memmove
</UL>
<BR>[Address Reference Count : 2]<UL><LI> co_pdo.o(i.CO_RPDO_init)
<LI> co_pdo.o(i.CO_TPDO_init)
</UL>
<P><STRONG><a name="[b0]"></a>OD_read_dummy</STRONG> (Thumb, 40 bytes, Stack size 16 bytes, co_pdo.o(i.OD_read_dummy))
<BR><BR>[Stack]<UL><LI>Max Depth = 16<LI>Call Chain = OD_read_dummy
</UL>
<BR>[Calls]<UL><LI><a href="#[b9]">&gt;&gt;</a>&nbsp;&nbsp;&nbsp;__aeabi_memclr
</UL>
<BR>[Address Reference Count : 1]<UL><LI> co_pdo.o(i.PDOconfigMap)
</UL>
<P><STRONG><a name="[a3]"></a>OD_write_14xx</STRONG> (Thumb, 324 bytes, Stack size 56 bytes, co_pdo.o(i.OD_write_14xx))
<BR><BR>[Stack]<UL><LI>Max Depth = 88<LI>Call Chain = OD_write_14xx &rArr; OD_writeOriginal &rArr; __aeabi_memcpy
</UL>
<BR>[Calls]<UL><LI><a href="#[110]">&gt;&gt;</a>&nbsp;&nbsp;&nbsp;CO_getUint8
<LI><a href="#[10e]">&gt;&gt;</a>&nbsp;&nbsp;&nbsp;CO_getUint32
<LI><a href="#[10d]">&gt;&gt;</a>&nbsp;&nbsp;&nbsp;CO_getUint16
<LI><a href="#[df]">&gt;&gt;</a>&nbsp;&nbsp;&nbsp;CO_CANrxBufferInit
<LI><a href="#[98]">&gt;&gt;</a>&nbsp;&nbsp;&nbsp;OD_writeOriginal
<LI><a href="#[108]">&gt;&gt;</a>&nbsp;&nbsp;&nbsp;__aeabi_memmove
<LI><a href="#[ee]">&gt;&gt;</a>&nbsp;&nbsp;&nbsp;__aeabi_memcpy
</UL>
<BR>[Address Reference Count : 1]<UL><LI> co_pdo.o(i.CO_RPDO_init)
</UL>
<P><STRONG><a name="[ad]"></a>OD_write_18xx</STRONG> (Thumb, 376 bytes, Stack size 48 bytes, co_pdo.o(i.OD_write_18xx))
<BR><BR>[Stack]<UL><LI>Max Depth = 80<LI>Call Chain = OD_write_18xx &rArr; OD_writeOriginal &rArr; __aeabi_memcpy
</UL>
<BR>[Calls]<UL><LI><a href="#[110]">&gt;&gt;</a>&nbsp;&nbsp;&nbsp;CO_getUint8
<LI><a href="#[10e]">&gt;&gt;</a>&nbsp;&nbsp;&nbsp;CO_getUint32
<LI><a href="#[10d]">&gt;&gt;</a>&nbsp;&nbsp;&nbsp;CO_getUint16
<LI><a href="#[98]">&gt;&gt;</a>&nbsp;&nbsp;&nbsp;OD_writeOriginal
<LI><a href="#[da]">&gt;&gt;</a>&nbsp;&nbsp;&nbsp;CO_CANtxBufferInit
<LI><a href="#[108]">&gt;&gt;</a>&nbsp;&nbsp;&nbsp;__aeabi_memmove
<LI><a href="#[ee]">&gt;&gt;</a>&nbsp;&nbsp;&nbsp;__aeabi_memcpy
</UL>
<BR>[Address Reference Count : 1]<UL><LI> co_pdo.o(i.CO_TPDO_init)
</UL>
<P><STRONG><a name="[a4]"></a>OD_write_PDO_mapping</STRONG> (Thumb, 170 bytes, Stack size 32 bytes, co_pdo.o(i.OD_write_PDO_mapping))
<BR><BR>[Stack]<UL><LI>Max Depth = 116<LI>Call Chain = OD_write_PDO_mapping &rArr; PDOconfigMap &rArr; OD_getSub
</UL>
<BR>[Calls]<UL><LI><a href="#[170]">&gt;&gt;</a>&nbsp;&nbsp;&nbsp;PDOconfigMap
<LI><a href="#[110]">&gt;&gt;</a>&nbsp;&nbsp;&nbsp;CO_getUint8
<LI><a href="#[10e]">&gt;&gt;</a>&nbsp;&nbsp;&nbsp;CO_getUint32
<LI><a href="#[98]">&gt;&gt;</a>&nbsp;&nbsp;&nbsp;OD_writeOriginal
</UL>
<BR>[Address Reference Count : 2]<UL><LI> co_pdo.o(i.CO_RPDO_init)
<LI> co_pdo.o(i.CO_TPDO_init)
</UL>
<P><STRONG><a name="[b1]"></a>OD_write_dummy</STRONG> (Thumb, 8 bytes, Stack size 0 bytes, co_pdo.o(i.OD_write_dummy))
<BR>[Address Reference Count : 1]<UL><LI> co_pdo.o(i.PDOconfigMap)
</UL>
<P><STRONG><a name="[e7]"></a>PDO_initMapping</STRONG> (Thumb, 216 bytes, Stack size 64 bytes, co_pdo.o(i.PDO_initMapping))
<BR><BR>[Stack]<UL><LI>Max Depth = 148<LI>Call Chain = PDO_initMapping &rArr; PDOconfigMap &rArr; OD_getSub
</UL>
<BR>[Calls]<UL><LI><a href="#[170]">&gt;&gt;</a>&nbsp;&nbsp;&nbsp;PDOconfigMap
<LI><a href="#[ea]">&gt;&gt;</a>&nbsp;&nbsp;&nbsp;OD_get_u8
<LI><a href="#[e8]">&gt;&gt;</a>&nbsp;&nbsp;&nbsp;OD_get_u32
<LI><a href="#[e9]">&gt;&gt;</a>&nbsp;&nbsp;&nbsp;OD_getIndex
</UL>
<BR>[Called By]<UL><LI><a href="#[d1]">&gt;&gt;</a>&nbsp;&nbsp;&nbsp;CO_TPDO_init
<LI><a href="#[d0]">&gt;&gt;</a>&nbsp;&nbsp;&nbsp;CO_RPDO_init
</UL>

<P><STRONG><a name="[170]"></a>PDOconfigMap</STRONG> (Thumb, 210 bytes, Stack size 64 bytes, co_pdo.o(i.PDOconfigMap))
<BR><BR>[Stack]<UL><LI>Max Depth = 84<LI>Call Chain = PDOconfigMap &rArr; OD_getSub
</UL>
<BR>[Calls]<UL><LI><a href="#[ff]">&gt;&gt;</a>&nbsp;&nbsp;&nbsp;OD_getSub
<LI><a href="#[fe]">&gt;&gt;</a>&nbsp;&nbsp;&nbsp;OD_find
<LI><a href="#[d6]">&gt;&gt;</a>&nbsp;&nbsp;&nbsp;__aeabi_memclr4
<LI><a href="#[102]">&gt;&gt;</a>&nbsp;&nbsp;&nbsp;__aeabi_memcpy4
</UL>
<BR>[Called By]<UL><LI><a href="#[e7]">&gt;&gt;</a>&nbsp;&nbsp;&nbsp;PDO_initMapping
<LI><a href="#[a4]">&gt;&gt;</a>&nbsp;&nbsp;&nbsp;OD_write_PDO_mapping
</UL>

<P><STRONG><a name="[a5]"></a>CO_SDOclient_receive</STRONG> (Thumb, 40 bytes, Stack size 0 bytes, co_sdoclient.o(i.CO_SDOclient_receive))
<BR>[Address Reference Count : 1]<UL><LI> co_sdoclient.o(i.CO_SDOclient_setup)
</UL>
<P><STRONG><a name="[f4]"></a>CO_fifo_reset</STRONG> (Thumb, 12 bytes, Stack size 0 bytes, co_sdoclient.o(i.CO_fifo_reset))
<BR><BR>[Called By]<UL><LI><a href="#[f3]">&gt;&gt;</a>&nbsp;&nbsp;&nbsp;CO_SDOclientDownloadInitiate
</UL>

<P><STRONG><a name="[f5]"></a>OD_getIndex</STRONG> (Thumb, 8 bytes, Stack size 0 bytes, co_sdoclient.o(i.OD_getIndex))
<BR><BR>[Called By]<UL><LI><a href="#[cc]">&gt;&gt;</a>&nbsp;&nbsp;&nbsp;CO_SDOclient_init
</UL>

<P><STRONG><a name="[f8]"></a>OD_get_u32</STRONG> (Thumb, 12 bytes, Stack size 8 bytes, co_sdoclient.o(i.OD_get_u32))
<BR><BR>[Stack]<UL><LI>Max Depth = 84<LI>Call Chain = OD_get_u32 &rArr; OD_get_value &rArr; OD_getSub
</UL>
<BR>[Calls]<UL><LI><a href="#[d8]">&gt;&gt;</a>&nbsp;&nbsp;&nbsp;OD_get_value
</UL>
<BR>[Called By]<UL><LI><a href="#[cc]">&gt;&gt;</a>&nbsp;&nbsp;&nbsp;CO_SDOclient_init
</UL>

<P><STRONG><a name="[f7]"></a>OD_get_u8</STRONG> (Thumb, 12 bytes, Stack size 8 bytes, co_sdoclient.o(i.OD_get_u8))
<BR><BR>[Stack]<UL><LI>Max Depth = 84<LI>Call Chain = OD_get_u8 &rArr; OD_get_value &rArr; OD_getSub
</UL>
<BR>[Calls]<UL><LI><a href="#[d8]">&gt;&gt;</a>&nbsp;&nbsp;&nbsp;OD_get_value
</UL>
<BR>[Called By]<UL><LI><a href="#[cc]">&gt;&gt;</a>&nbsp;&nbsp;&nbsp;CO_SDOclient_init
</UL>

<P><STRONG><a name="[a7]"></a>CO_SDO_receive</STRONG> (Thumb, 44 bytes, Stack size 8 bytes, co_sdoserver.o(i.CO_SDO_receive))
<BR><BR>[Stack]<UL><LI>Max Depth = 16<LI>Call Chain = CO_SDO_receive &rArr; __aeabi_memcpy
</UL>
<BR>[Calls]<UL><LI><a href="#[ee]">&gt;&gt;</a>&nbsp;&nbsp;&nbsp;__aeabi_memcpy
</UL>
<BR>[Address Reference Count : 1]<UL><LI> co_sdoserver.o(i.CO_SDOserver_init_canRxTx)
</UL>
<P><STRONG><a name="[fc]"></a>CO_SDOserver_init_canRxTx</STRONG> (Thumb, 130 bytes, Stack size 40 bytes, co_sdoserver.o(i.CO_SDOserver_init_canRxTx))
<BR><BR>[Stack]<UL><LI>Max Depth = 60<LI>Call Chain = CO_SDOserver_init_canRxTx &rArr; CO_CANrxBufferInit
</UL>
<BR>[Calls]<UL><LI><a href="#[df]">&gt;&gt;</a>&nbsp;&nbsp;&nbsp;CO_CANrxBufferInit
<LI><a href="#[da]">&gt;&gt;</a>&nbsp;&nbsp;&nbsp;CO_CANtxBufferInit
</UL>
<BR>[Called By]<UL><LI><a href="#[cb]">&gt;&gt;</a>&nbsp;&nbsp;&nbsp;CO_SDOserver_init
<LI><a href="#[a6]">&gt;&gt;</a>&nbsp;&nbsp;&nbsp;OD_write_1201_additional
</UL>

<P><STRONG><a name="[10f]"></a>CO_getUint32</STRONG> (Thumb, 16 bytes, Stack size 8 bytes, co_sdoserver.o(i.CO_getUint32))
<BR><BR>[Stack]<UL><LI>Max Depth = 16<LI>Call Chain = CO_getUint32 &rArr; __aeabi_memmove
</UL>
<BR>[Calls]<UL><LI><a href="#[108]">&gt;&gt;</a>&nbsp;&nbsp;&nbsp;__aeabi_memmove
</UL>
<BR>[Called By]<UL><LI><a href="#[a6]">&gt;&gt;</a>&nbsp;&nbsp;&nbsp;OD_write_1201_additional
</UL>

<P><STRONG><a name="[fa]"></a>OD_get_u32</STRONG> (Thumb, 12 bytes, Stack size 8 bytes, co_sdoserver.o(i.OD_get_u32))
<BR><BR>[Stack]<UL><LI>Max Depth = 84<LI>Call Chain = OD_get_u32 &rArr; OD_get_value &rArr; OD_getSub
</UL>
<BR>[Calls]<UL><LI><a href="#[d8]">&gt;&gt;</a>&nbsp;&nbsp;&nbsp;OD_get_value
</UL>
<BR>[Called By]<UL><LI><a href="#[cb]">&gt;&gt;</a>&nbsp;&nbsp;&nbsp;CO_SDOserver_init
</UL>

<P><STRONG><a name="[fb]"></a>OD_set_u32</STRONG> (Thumb, 18 bytes, Stack size 24 bytes, co_sdoserver.o(i.OD_set_u32))
<BR><BR>[Stack]<UL><LI>Max Depth = 100<LI>Call Chain = OD_set_u32 &rArr; OD_set_value &rArr; OD_getSub
</UL>
<BR>[Calls]<UL><LI><a href="#[16f]">&gt;&gt;</a>&nbsp;&nbsp;&nbsp;OD_set_value
</UL>
<BR>[Called By]<UL><LI><a href="#[cb]">&gt;&gt;</a>&nbsp;&nbsp;&nbsp;CO_SDOserver_init
</UL>

<P><STRONG><a name="[a6]"></a>OD_write_1201_additional</STRONG> (Thumb, 298 bytes, Stack size 48 bytes, co_sdoserver.o(i.OD_write_1201_additional))
<BR><BR>[Stack]<UL><LI>Max Depth = 108<LI>Call Chain = OD_write_1201_additional &rArr; CO_SDOserver_init_canRxTx &rArr; CO_CANrxBufferInit
</UL>
<BR>[Calls]<UL><LI><a href="#[98]">&gt;&gt;</a>&nbsp;&nbsp;&nbsp;OD_writeOriginal
<LI><a href="#[10f]">&gt;&gt;</a>&nbsp;&nbsp;&nbsp;CO_getUint32
<LI><a href="#[fc]">&gt;&gt;</a>&nbsp;&nbsp;&nbsp;CO_SDOserver_init_canRxTx
<LI><a href="#[108]">&gt;&gt;</a>&nbsp;&nbsp;&nbsp;__aeabi_memmove
</UL>
<BR>[Address Reference Count : 1]<UL><LI> co_sdoserver.o(i.CO_SDOserver_init)
</UL>
<P><STRONG><a name="[101]"></a>readFromOd</STRONG> (Thumb, 198 bytes, Stack size 40 bytes, co_sdoserver.o(i.readFromOd))
<BR><BR>[Stack]<UL><LI>Max Depth = 48<LI>Call Chain = readFromOd &rArr; __aeabi_memmove
</UL>
<BR>[Calls]<UL><LI><a href="#[100]">&gt;&gt;</a>&nbsp;&nbsp;&nbsp;OD_getSDOabCode
<LI><a href="#[189]">&gt;&gt;</a>&nbsp;&nbsp;&nbsp;strlen
<LI><a href="#[108]">&gt;&gt;</a>&nbsp;&nbsp;&nbsp;__aeabi_memmove
</UL>
<BR>[Called By]<UL><LI><a href="#[fd]">&gt;&gt;</a>&nbsp;&nbsp;&nbsp;CO_SDOserver_process
</UL>

<P><STRONG><a name="[103]"></a>validateAndWriteToOD</STRONG> (Thumb, 236 bytes, Stack size 32 bytes, co_sdoserver.o(i.validateAndWriteToOD))
<BR><BR>[Stack]<UL><LI>Max Depth = 32<LI>Call Chain = validateAndWriteToOD
</UL>
<BR>[Calls]<UL><LI><a href="#[100]">&gt;&gt;</a>&nbsp;&nbsp;&nbsp;OD_getSDOabCode
</UL>
<BR>[Called By]<UL><LI><a href="#[fd]">&gt;&gt;</a>&nbsp;&nbsp;&nbsp;CO_SDOserver_process
</UL>

<P><STRONG><a name="[aa]"></a>CO_SYNC_receive</STRONG> (Thumb, 48 bytes, Stack size 0 bytes, co_sync.o(i.CO_SYNC_receive))
<BR>[Address Reference Count : 2]<UL><LI> co_sync.o(i.CO_SYNC_init)
<LI> co_sync.o(i.OD_write_1005)
</UL>
<P><STRONG><a name="[104]"></a>OD_getIndex</STRONG> (Thumb, 8 bytes, Stack size 0 bytes, co_sync.o(i.OD_getIndex))
<BR><BR>[Called By]<UL><LI><a href="#[ce]">&gt;&gt;</a>&nbsp;&nbsp;&nbsp;CO_SYNC_init
</UL>

<P><STRONG><a name="[a8]"></a>OD_write_1005</STRONG> (Thumb, 234 bytes, Stack size 48 bytes, co_sync.o(i.OD_write_1005))
<BR><BR>[Stack]<UL><LI>Max Depth = 80<LI>Call Chain = OD_write_1005 &rArr; OD_writeOriginal &rArr; __aeabi_memcpy
</UL>
<BR>[Calls]<UL><LI><a href="#[df]">&gt;&gt;</a>&nbsp;&nbsp;&nbsp;CO_CANrxBufferInit
<LI><a href="#[98]">&gt;&gt;</a>&nbsp;&nbsp;&nbsp;OD_writeOriginal
<LI><a href="#[da]">&gt;&gt;</a>&nbsp;&nbsp;&nbsp;CO_CANtxBufferInit
<LI><a href="#[108]">&gt;&gt;</a>&nbsp;&nbsp;&nbsp;__aeabi_memmove
</UL>
<BR>[Address Reference Count : 1]<UL><LI> co_sync.o(i.CO_SYNC_init)
</UL>
<P><STRONG><a name="[a9]"></a>OD_write_1019</STRONG> (Thumb, 136 bytes, Stack size 40 bytes, co_sync.o(i.OD_write_1019))
<BR><BR>[Stack]<UL><LI>Max Depth = 72<LI>Call Chain = OD_write_1019 &rArr; OD_writeOriginal &rArr; __aeabi_memcpy
</UL>
<BR>[Calls]<UL><LI><a href="#[98]">&gt;&gt;</a>&nbsp;&nbsp;&nbsp;OD_writeOriginal
<LI><a href="#[da]">&gt;&gt;</a>&nbsp;&nbsp;&nbsp;CO_CANtxBufferInit
<LI><a href="#[108]">&gt;&gt;</a>&nbsp;&nbsp;&nbsp;__aeabi_memmove
</UL>
<BR>[Address Reference Count : 1]<UL><LI> co_sync.o(i.CO_SYNC_init)
</UL>
<P><STRONG><a name="[ac]"></a>CO_TIME_receive</STRONG> (Thumb, 22 bytes, Stack size 0 bytes, co_time.o(i.CO_TIME_receive))
<BR>[Address Reference Count : 1]<UL><LI> co_time.o(i.CO_TIME_init)
</UL>
<P><STRONG><a name="[107]"></a>CO_getUint32</STRONG> (Thumb, 16 bytes, Stack size 8 bytes, co_time.o(i.CO_getUint32))
<BR><BR>[Stack]<UL><LI>Max Depth = 16<LI>Call Chain = CO_getUint32 &rArr; __aeabi_memmove
</UL>
<BR>[Calls]<UL><LI><a href="#[108]">&gt;&gt;</a>&nbsp;&nbsp;&nbsp;__aeabi_memmove
</UL>
<BR>[Called By]<UL><LI><a href="#[106]">&gt;&gt;</a>&nbsp;&nbsp;&nbsp;CO_TIME_process
<LI><a href="#[ab]">&gt;&gt;</a>&nbsp;&nbsp;&nbsp;OD_write_1012
</UL>

<P><STRONG><a name="[ab]"></a>OD_write_1012</STRONG> (Thumb, 122 bytes, Stack size 24 bytes, co_time.o(i.OD_write_1012))
<BR><BR>[Stack]<UL><LI>Max Depth = 56<LI>Call Chain = OD_write_1012 &rArr; OD_writeOriginal &rArr; __aeabi_memcpy
</UL>
<BR>[Calls]<UL><LI><a href="#[98]">&gt;&gt;</a>&nbsp;&nbsp;&nbsp;OD_writeOriginal
<LI><a href="#[107]">&gt;&gt;</a>&nbsp;&nbsp;&nbsp;CO_getUint32
</UL>
<BR>[Address Reference Count : 1]<UL><LI> co_time.o(i.CO_TIME_init)
</UL>
<P><STRONG><a name="[9e]"></a>CO_LSSslave_receive</STRONG> (Thumb, 296 bytes, Stack size 20 bytes, co_lssslave.o(i.CO_LSSslave_receive))
<BR><BR>[Stack]<UL><LI>Max Depth = 20<LI>Call Chain = CO_LSSslave_receive
</UL>
<BR>[Address Reference Count : 1]<UL><LI> co_lssslave.o(i.CO_LSSslave_init)
</UL>
<P><STRONG><a name="[113]"></a>CO_NMT_getInternalState</STRONG> (Thumb, 10 bytes, Stack size 0 bytes, canopen.o(i.CO_NMT_getInternalState))
<BR><BR>[Called By]<UL><LI><a href="#[11a]">&gt;&gt;</a>&nbsp;&nbsp;&nbsp;CO_process_TPDO
<LI><a href="#[118]">&gt;&gt;</a>&nbsp;&nbsp;&nbsp;CO_process_SYNC
<LI><a href="#[117]">&gt;&gt;</a>&nbsp;&nbsp;&nbsp;CO_process_RPDO
<LI><a href="#[112]">&gt;&gt;</a>&nbsp;&nbsp;&nbsp;CO_process
</UL>

<P><STRONG><a name="[115]"></a>CO_isError</STRONG> (Thumb, 28 bytes, Stack size 0 bytes, canopen.o(i.CO_isError))
<BR><BR>[Called By]<UL><LI><a href="#[112]">&gt;&gt;</a>&nbsp;&nbsp;&nbsp;CO_process
</UL>

<P><STRONG><a name="[139]"></a>prv_read_can_received_msg</STRONG> (Thumb, 162 bytes, Stack size 32 bytes, co_drv.o(i.prv_read_can_received_msg))
<BR><BR>[Stack]<UL><LI>Max Depth = 52<LI>Call Chain = prv_read_can_received_msg &rArr; HAL_FDCAN_GetRxMessage
</UL>
<BR>[Calls]<UL><LI><a href="#[187]">&gt;&gt;</a>&nbsp;&nbsp;&nbsp;HAL_FDCAN_GetRxMessage
</UL>
<BR>[Called By]<UL><LI><a href="#[125]">&gt;&gt;</a>&nbsp;&nbsp;&nbsp;HAL_FDCAN_RxFifo1Callback
<LI><a href="#[124]">&gt;&gt;</a>&nbsp;&nbsp;&nbsp;HAL_FDCAN_RxFifo0Callback
</UL>

<P><STRONG><a name="[d3]"></a>prv_send_can_message</STRONG> (Thumb, 132 bytes, Stack size 16 bytes, co_drv.o(i.prv_send_can_message))
<BR><BR>[Stack]<UL><LI>Max Depth = 52<LI>Call Chain = prv_send_can_message &rArr; HAL_FDCAN_AddMessageToTxFifoQ &rArr; FDCAN_CopyMessageToRAM
</UL>
<BR>[Calls]<UL><LI><a href="#[188]">&gt;&gt;</a>&nbsp;&nbsp;&nbsp;HAL_FDCAN_GetTxFifoFreeLevel
<LI><a href="#[11e]">&gt;&gt;</a>&nbsp;&nbsp;&nbsp;HAL_FDCAN_AddMessageToTxFifoQ
</UL>
<BR>[Called By]<UL><LI><a href="#[d2]">&gt;&gt;</a>&nbsp;&nbsp;&nbsp;CO_CANsend
<LI><a href="#[127]">&gt;&gt;</a>&nbsp;&nbsp;&nbsp;HAL_FDCAN_TxBufferCompleteCallback
</UL>

<P><STRONG><a name="[177]"></a>_printf_core</STRONG> (Thumb, 658 bytes, Stack size 104 bytes, printf5.o(i._printf_core), UNUSED)
<BR><BR>[Calls]<UL><LI><a href="#[b6]">&gt;&gt;</a>&nbsp;&nbsp;&nbsp;__aeabi_uldivmod
</UL>
<BR>[Called By]<UL><LI><a href="#[176]">&gt;&gt;</a>&nbsp;&nbsp;&nbsp;__0printf$5
</UL>
<P>
<H3>
Undefined Global Symbols
</H3><HR></body></html>
