Component: ARM Compiler 5.06 update 6 (build 750) Tool: armlink [4d35ed]

==============================================================================

Section Cross References

    startup_stm32h723xx.o(RESET) refers to startup_stm32h723xx.o(STACK) for __initial_sp
    startup_stm32h723xx.o(RESET) refers to startup_stm32h723xx.o(.text) for Reset_Handler
    startup_stm32h723xx.o(RESET) refers to stm32h7xx_it.o(i.NMI_Handler) for NMI_Handler
    startup_stm32h723xx.o(RESET) refers to stm32h7xx_it.o(i.HardFault_Handler) for HardFault_Handler
    startup_stm32h723xx.o(RESET) refers to stm32h7xx_it.o(i.MemManage_Handler) for MemManage_Handler
    startup_stm32h723xx.o(RESET) refers to stm32h7xx_it.o(i.BusFault_Handler) for BusFault_Handler
    startup_stm32h723xx.o(RESET) refers to stm32h7xx_it.o(i.UsageFault_Handler) for UsageFault_Handler
    startup_stm32h723xx.o(RESET) refers to stm32h7xx_it.o(i.SVC_Handler) for SVC_Handler
    startup_stm32h723xx.o(RESET) refers to stm32h7xx_it.o(i.DebugMon_Handler) for DebugMon_Handler
    startup_stm32h723xx.o(RESET) refers to stm32h7xx_it.o(i.PendSV_Handler) for PendSV_Handler
    startup_stm32h723xx.o(RESET) refers to stm32h7xx_it.o(i.SysTick_Handler) for SysTick_Handler
    startup_stm32h723xx.o(RESET) refers to stm32h7xx_it.o(i.FDCAN1_IT0_IRQHandler) for FDCAN1_IT0_IRQHandler
    startup_stm32h723xx.o(RESET) refers to stm32h7xx_it.o(i.FDCAN1_IT1_IRQHandler) for FDCAN1_IT1_IRQHandler
    startup_stm32h723xx.o(RESET) refers to stm32h7xx_it.o(i.TIM3_IRQHandler) for TIM3_IRQHandler
    startup_stm32h723xx.o(RESET) refers to stm32h7xx_it.o(i.TIM4_IRQHandler) for TIM4_IRQHandler
    startup_stm32h723xx.o(.text) refers to system_stm32h7xx.o(i.SystemInit) for SystemInit
    startup_stm32h723xx.o(.text) refers to entry.o(.ARM.Collect$$$$00000000) for __main
    main.o(i.SystemClock_Config) refers to memseta.o(.text) for __aeabi_memclr4
    main.o(i.SystemClock_Config) refers to stm32h7xx_hal_pwr_ex.o(i.HAL_PWREx_ConfigSupply) for HAL_PWREx_ConfigSupply
    main.o(i.SystemClock_Config) refers to stm32h7xx_hal_rcc.o(i.HAL_RCC_OscConfig) for HAL_RCC_OscConfig
    main.o(i.SystemClock_Config) refers to stm32h7xx_hal_rcc.o(i.HAL_RCC_ClockConfig) for HAL_RCC_ClockConfig
    main.o(i.main) refers to stm32h7xx_hal.o(i.HAL_Init) for HAL_Init
    main.o(i.main) refers to main.o(i.SystemClock_Config) for SystemClock_Config
    main.o(i.main) refers to gpio.o(i.MX_GPIO_Init) for MX_GPIO_Init
    main.o(i.main) refers to fdcan.o(i.MX_FDCAN1_Init) for MX_FDCAN1_Init
    main.o(i.main) refers to tim.o(i.MX_TIM3_Init) for MX_TIM3_Init
    main.o(i.main) refers to usart.o(i.MX_USART1_UART_Init) for MX_USART1_UART_Init
    main.o(i.main) refers to tim.o(i.MX_TIM4_Init) for MX_TIM4_Init
    main.o(i.main) refers to co_app.o(i.canopen_init) for canopen_init
    main.o(i.main) refers to delay.o(i.delay_ms) for delay_ms
    main.o(i.main) refers to stm32h7xx_hal_gpio.o(i.HAL_GPIO_WritePin) for HAL_GPIO_WritePin
    main.o(i.main) refers to stm32h7xx_hal.o(i.HAL_Delay) for HAL_Delay
    main.o(i.main) refers to dm4310_drv.o(i.open_tpdo) for open_tpdo
    main.o(i.main) refers to co_bsp.o(i.canopen_app_process) for canopen_app_process
    main.o(i.main) refers to dm4310_drv.o(.bss) for motor
    gpio.o(i.MX_GPIO_Init) refers to memseta.o(.text) for __aeabi_memclr4
    gpio.o(i.MX_GPIO_Init) refers to stm32h7xx_hal_gpio.o(i.HAL_GPIO_WritePin) for HAL_GPIO_WritePin
    gpio.o(i.MX_GPIO_Init) refers to stm32h7xx_hal_gpio.o(i.HAL_GPIO_Init) for HAL_GPIO_Init
    fdcan.o(i.HAL_FDCAN_MspDeInit) refers to stm32h7xx_hal_gpio.o(i.HAL_GPIO_DeInit) for HAL_GPIO_DeInit
    fdcan.o(i.HAL_FDCAN_MspDeInit) refers to stm32h7xx_hal_cortex.o(i.HAL_NVIC_DisableIRQ) for HAL_NVIC_DisableIRQ
    fdcan.o(i.HAL_FDCAN_MspInit) refers to memseta.o(.text) for __aeabi_memclr4
    fdcan.o(i.HAL_FDCAN_MspInit) refers to stm32h7xx_hal_rcc_ex.o(i.HAL_RCCEx_PeriphCLKConfig) for HAL_RCCEx_PeriphCLKConfig
    fdcan.o(i.HAL_FDCAN_MspInit) refers to main.o(i.Error_Handler) for Error_Handler
    fdcan.o(i.HAL_FDCAN_MspInit) refers to stm32h7xx_hal_gpio.o(i.HAL_GPIO_Init) for HAL_GPIO_Init
    fdcan.o(i.HAL_FDCAN_MspInit) refers to stm32h7xx_hal_cortex.o(i.HAL_NVIC_SetPriority) for HAL_NVIC_SetPriority
    fdcan.o(i.HAL_FDCAN_MspInit) refers to stm32h7xx_hal_cortex.o(i.HAL_NVIC_EnableIRQ) for HAL_NVIC_EnableIRQ
    fdcan.o(i.MX_FDCAN1_Init) refers to stm32h7xx_hal_fdcan.o(i.HAL_FDCAN_Init) for HAL_FDCAN_Init
    fdcan.o(i.MX_FDCAN1_Init) refers to main.o(i.Error_Handler) for Error_Handler
    fdcan.o(i.MX_FDCAN1_Init) refers to fdcan.o(.bss) for .bss
    tim.o(i.HAL_TIM_Base_MspDeInit) refers to stm32h7xx_hal_cortex.o(i.HAL_NVIC_DisableIRQ) for HAL_NVIC_DisableIRQ
    tim.o(i.HAL_TIM_Base_MspInit) refers to stm32h7xx_hal_cortex.o(i.HAL_NVIC_SetPriority) for HAL_NVIC_SetPriority
    tim.o(i.HAL_TIM_Base_MspInit) refers to stm32h7xx_hal_cortex.o(i.HAL_NVIC_EnableIRQ) for HAL_NVIC_EnableIRQ
[...]
    i.UART_SetConfig                         0x08007550   Section        0  stm32h7xx_hal_uart.o(i.UART_SetConfig)
    i.UART_WaitOnFlagUntilTimeout            0x0800793c   Section        0  stm32h7xx_hal_uart.o(i.UART_WaitOnFlagUntilTimeout)
    i.UsageFault_Handler                     0x080079ce   Section        0  stm32h7xx_it.o(i.UsageFault_Handler)
    i.__0printf$5                            0x080079d0   Section        0  printf5.o(i.__0printf$5)
    i.__NVIC_SetPriority                     0x080079f0   Section        0  stm32h7xx_hal_cortex.o(i.__NVIC_SetPriority)
    __NVIC_SetPriority                       0x080079f1   Thumb Code    32  stm32h7xx_hal_cortex.o(i.__NVIC_SetPriority)
    i.__scatterload_copy                     0x08007a10   Section       14  handlers.o(i.__scatterload_copy)
    i.__scatterload_null                     0x08007a1e   Section        2  handlers.o(i.__scatterload_null)
    i.__scatterload_zeroinit                 0x08007a20   Section       14  handlers.o(i.__scatterload_zeroinit)
    i._printf_core                           0x08007a30   Section        0  printf5.o(i._printf_core)
    _printf_core                             0x08007a31   Thumb Code   658  printf5.o(i._printf_core)
    i.canopen_app_init                       0x08007cf0   Section        0  co_bsp.o(i.canopen_app_init)
    i.canopen_app_interrupt                  0x08007d70   Section        0  co_bsp.o(i.canopen_app_interrupt)
    i.canopen_app_process                    0x08007dc0   Section        0  co_bsp.o(i.canopen_app_process)
    i.canopen_app_resetCommunication         0x08007e78   Section        0  co_bsp.o(i.canopen_app_resetCommunication)
    i.canopen_init                           0x080080e8   Section        0  co_app.o(i.canopen_init)
    i.delay_ms                               0x08008154   Section        0  delay.o(i.delay_ms)
    i.delay_us                               0x0800816c   Section        0  delay.o(i.delay_us)
    i.dm4310_ctrl_send                       0x080081a0   Section        0  dm4310_drv.o(i.dm4310_ctrl_send)
    i.dm4310_fbdata                          0x08008200   Section        0  dm4310_drv.o(i.dm4310_fbdata)
    i.fputc                                  0x08008240   Section        0  usart.o(i.fputc)
    i.free                                   0x08008258   Section        0  malloc.o(i.free)
    i.get_od_16addr                          0x080082a8   Section        0  dm4310_drv.o(i.get_od_16addr)
    i.get_od_addr                            0x080082e0   Section        0  dm4310_drv.o(i.get_od_addr)
    i.main                                   0x08008324   Section        0  main.o(i.main)
    i.malloc                                 0x08008370   Section        0  malloc.o(i.malloc)
    i.open_tpdo                              0x080083dc   Section        0  dm4310_drv.o(i.open_tpdo)
    i.prv_read_can_received_msg              0x08008410   Section        0  co_drv.o(i.prv_read_can_received_msg)
    prv_read_can_received_msg                0x08008411   Thumb Code   162  co_drv.o(i.prv_read_can_received_msg)
    i.prv_send_can_message                   0x080084bc   Section        0  co_drv.o(i.prv_send_can_message)
    prv_send_can_message                     0x080084bd   Thumb Code   132  co_drv.o(i.prv_send_can_message)
    i.readFromOd                             0x08008544   Section        0  co_sdoserver.o(i.readFromOd)
    readFromOd                               0x08008545   Thumb Code   198  co_sdoserver.o(i.readFromOd)
    i.read_od_16                             0x08008610   Section        0  dm4310_drv.o(i.read_od_16)
    i.read_od_f                              0x0800861c   Section        0  dm4310_drv.o(i.read_od_f)
    i.validateAndWriteToOD                   0x08008628   Section        0  co_sdoserver.o(i.validateAndWriteToOD)
    validateAndWriteToOD                     0x08008629   Thumb Code   236  co_sdoserver.o(i.validateAndWriteToOD)
    i.write_od_16                            0x08008718   Section        0  dm4310_drv.o(i.write_od_16)
    i.write_od_f                             0x08008724   Section        0  dm4310_drv.o(i.write_od_f)
    i.write_sdo                              0x08008730   Section        0  co_app.o(i.write_sdo)
    .constdata                               0x080087c8   Section       92  stm32h7xx_hal_fdcan.o(.constdata)
    DLCtoBytes                               0x080087c8   Data          16  stm32h7xx_hal_fdcan.o(.constdata)
    .constdata                               0x08008824   Section       24  stm32h7xx_hal_uart.o(.constdata)
    .constdata                               0x0800883c   Section       16  stm32h7xx_hal_uart_ex.o(.constdata)
    numerator                                0x0800883c   Data           8  stm32h7xx_hal_uart_ex.o(.constdata)
    denominator                              0x08008844   Data           8  stm32h7xx_hal_uart_ex.o(.constdata)
    .constdata                               0x0800884c   Section       16  system_stm32h7xx.o(.constdata)
    .constdata                               0x0800885c   Section      104  co_odinterface.o(.constdata)
    abortCodes                               0x0800885c   Data         104  co_odinterface.o(.constdata)
    .constdata                               0x080088c4   Section       20  co_lssslave.o(.constdata)
    CO_LSS_bitTimingTableLookup              0x080088c4   Data          20  co_lssslave.o(.constdata)
    .constdata                               0x080088d8   Section     1820  od.o(.constdata)
    ODObjs                                   0x080088d8   Data        1820  od.o(.constdata)
    .data                                    0x24000000   Section       12  stm32h7xx_hal.o(.data)
    .data                                    0x2400000c   Section        8  system_stm32h7xx.o(.data)
    .data                                    0x24000014   Section       20  co_bsp.o(.data)
    .data                                    0x24000028   Section        4  co_drv.o(.data)
    CANModule_local                          0x24000028   Data           4  co_drv.o(.data)
    .data                                    0x2400002c   Section      508  od.o(.data)
    .data                                    0x24000228   Section       88  od.o(.data)
    .data                                    0x24000280   Section      420  od.o(.data)
    ODList                                   0x24000280   Data         420  od.o(.data)
    .data                                    0x24000424   Section        8  od.o(.data)
    _OD                                      0x24000424   Data           8  od.o(.data)
    .data                                    0x2400042c   Section        4  od.o(.data)
    .data                                    0x24000430   Section        4  delay.o(.data)
    fac_us                                   0x24000430   Data           4  delay.o(.data)
    .data                                    0x24000434   Section        8  dm4310_drv.o(.data)
    nullvar16                                0x24000434   Data           2  dm4310_drv.o(.data)
    nullvar                                  0x24000438   Data           4  dm4310_drv.o(.data)
    .data                                    0x2400043c   Section        4  stdout.o(.data)
    .data                                    0x24000440   Section        4  mvars.o(.data)
    .data                                    0x24000444   Section        4  mvars.o(.data)
    .bss                                     0x24000448   Section      160  fdcan.o(.bss)
    .bss                                     0x240004e8   Section      152  tim.o(.bss)
    .bss                                     0x24000580   Section      148  usart.o(.bss)
    .bss                                     0x24000614   Section       24  co_app.o(.bss)
    .bss                                     0x2400062c   Section       76  co_drv.o(.bss)
    tx_hdr                                   0x2400062c   Data          36  co_drv.o(.bss)
    rx_hdr                                   0x24000650   Data          40  co_drv.o(.bss)
    .bss                                     0x24000678   Section      240  dm4310_drv.o(.bss)
    HEAP                                     0x24000768   Section     8192  startup_stm32h723xx.o(HEAP)
    STACK                                    0x24002768   Section     1024  startup_stm32h723xx.o(STACK)

    Global Symbols

    Symbol Name                              Value     Ov Type        Size  Object(Section)

    BuildAttributes$$THM_ISAv4$E$P$D$K$B$S$7EM$VFPv5_D16$PE$PLD8$A:L22UL41UL21$X:L11$S22US41US21$IEEE1$IW$USESV6$~STKCKD$USESV7$~SHL$OSPACE$ROPI$EBA8$MICROLIB$REQ8$PRES8$EABIv2 0x00000000   Number         0  anon$$obj.o ABSOLUTE
    __ARM_use_no_argv                        0x00000000   Number         0  main.o ABSOLUTE
    _printf_a                                0x00000000   Number         0  stubs.o ABSOLUTE
    _printf_c                                0x00000000   Number         0  stubs.o ABSOLUTE
    _printf_charcount                        0x00000000   Number         0  stubs.o ABSOLUTE
    _printf_d                                0x00000000   Number         0  stubs.o ABSOLUTE
    _printf_e                                0x00000000   Number         0  stubs.o ABSOLUTE
    _printf_f                                0x00000000   Number         0  stubs.o ABSOLUTE
    _printf_flags                            0x00000000   Number         0  stubs.o ABSOLUTE
    _printf_fp_dec                           0x00000000   Number         0  stubs.o ABSOLUTE
    _printf_fp_hex                           0x00000000   Number         0  stubs.o ABSOLUTE
    _printf_g                                0x00000000   Number         0  stubs.o ABSOLUTE
    _printf_i                                0x00000000   Number         0  stubs.o ABSOLUTE
    _printf_int_dec                          0x00000000   Number         0  stubs.o ABSOLUTE
    _printf_l                                0x00000000   Number         0  stubs.o ABSOLUTE
    _printf_lc                               0x00000000   Number         0  stubs.o ABSOLUTE
    _printf_ll                               0x00000000   Number         0  stubs.o ABSOLUTE
    _printf_lld                              0x00000000   Number         0  stubs.o ABSOLUTE
    _printf_lli                              0x00000000   Number         0  stubs.o ABSOLUTE
    _printf_llo                              0x00000000   Number         0  stubs.o ABSOLUTE
    _printf_llu                              0x00000000   Number         0  stubs.o ABSOLUTE
    _printf_llx                              0x00000000   Number         0  stubs.o ABSOLUTE
    _printf_longlong_dec                     0x00000000   Number         0  stubs.o ABSOLUTE
    _printf_longlong_hex                     0x00000000   Number         0  stubs.o ABSOLUTE
    _printf_longlong_oct                     0x00000000   Number         0  stubs.o ABSOLUTE
    _printf_ls                               0x00000000   Number         0  stubs.o ABSOLUTE
    _printf_mbtowc                           0x00000000   Number         0  stubs.o ABSOLUTE
    _printf_n                                0x00000000   Number         0  stubs.o ABSOLUTE
    _printf_o                                0x00000000   Number         0  stubs.o ABSOLUTE
    _printf_p                                0x00000000   Number         0  stubs.o ABSOLUTE
    _printf_percent                          0x00000000   Number         0  stubs.o ABSOLUTE
    _printf_pre_padding                      0x00000000   Number         0  stubs.o ABSOLUTE
    _printf_return_value                     0x00000000   Number         0  stubs.o ABSOLUTE
    _printf_s                                0x00000000   Number         0  stubs.o ABSOLUTE
    _printf_sizespec                         0x00000000   Number         0  stubs.o ABSOLUTE
    _printf_str                              0x00000000   Number         0  stubs.o ABSOLUTE
    _printf_truncate_signed                  0x00000000   Number         0  stubs.o ABSOLUTE
    _printf_truncate_unsigned                0x00000000   Number         0  stubs.o ABSOLUTE
    _printf_u                                0x00000000   Number         0  stubs.o ABSOLUTE
    _printf_wc                               0x00000000   Number         0  stubs.o ABSOLUTE
    _printf_wctomb                           0x00000000   Number         0  stubs.o ABSOLUTE
    _printf_widthprec                        0x00000000   Number         0  stubs.o ABSOLUTE
    _printf_x                                0x00000000   Number         0  stubs.o ABSOLUTE
    __cpp_initialize__aeabi_                  - Undefined Weak Reference
    __cxa_finalize                            - Undefined Weak Reference
    _clock_init                               - Undefined Weak Reference
    _microlib_exit                            - Undefined Weak Reference
    __Vectors_Size                           0x000002cc   Number         0  startup_stm32h723xx.o ABSOLUTE
    __Vectors                                0x08000000   Data           4  startup_stm32h723xx.o(RESET)
    __Vectors_End                            0x080002cc   Data           0  startup_stm32h723xx.o(RESET)
    __main                                   0x080002cd   Thumb Code     0  entry.o(.ARM.Collect$$$$00000000)
    _main_stk                                0x080002cd   Thumb Code     0  entry2.o(.ARM.Collect$$$$00000001)
    _main_scatterload                        0x080002d1   Thumb Code     0  entry5.o(.ARM.Collect$$$$00000004)
    __main_after_scatterload                 0x080002d5   Thumb Code     0  entry5.o(.ARM.Collect$$$$00000004)
    _main_clock                              0x080002d5   Thumb Code     0  entry7b.o(.ARM.Collect$$$$00000008)
    _main_cpp_init                           0x080002d5   Thumb Code     0  entry8b.o(.ARM.Collect$$$$0000000A)
    _main_init                               0x080002d5   Thumb Code     0  entry9a.o(.ARM.Collect$$$$0000000B)
    __rt_final_cpp                           0x080002dd   Thumb Code     0  entry10a.o(.ARM.Collect$$$$0000000D)
    __rt_final_exit                          0x080002dd   Thumb Code     0  entry11a.o(.ARM.Collect$$$$0000000F)
    Reset_Handler                            0x080002e1   Thumb Code     8  startup_stm32h723xx.o(.text)
    ADC3_IRQHandler                          0x080002fb   Thumb Code     0  startup_stm32h723xx.o(.text)
    ADC_IRQHandler                           0x080002fb   Thumb Code     0  startup_stm32h723xx.o(.text)
    BDMA_Channel0_IRQHandler                 0x080002fb   Thumb Code     0  startup_stm32h723xx.o(.text)
    BDMA_Channel1_IRQHandler                 0x080002fb   Thumb Code     0  startup_stm32h723xx.o(.text)
    BDMA_Channel2_IRQHandler                 0x080002fb   Thumb Code     0  startup_stm32h723xx.o(.text)
    BDMA_Channel3_IRQHandler                 0x080002fb   Thumb Code     0  startup_stm32h723xx.o(.text)
    BDMA_Channel4_IRQHandler                 0x080002fb   Thumb Code     0  startup_stm32h723xx.o(.text)
    BDMA_Channel5_IRQHandler                 0x080002fb   Thumb Code     0  startup_stm32h723xx.o(.text)
    BDMA_Channel6_IRQHandler                 0x080002fb   Thumb Code     0  startup_stm32h723xx.o(.text)
    BDMA_Channel7_IRQHandler                 0x080002fb   Thumb Code     0  startup_stm32h723xx.o(.text)
    CEC_IRQHandler                           0x080002fb   Thumb Code     0  startup_stm32h723xx.o(.text)
    COMP1_IRQHandler                         0x080002fb   Thumb Code     0  startup_stm32h723xx.o(.text)
    CORDIC_IRQHandler                        0x080002fb   Thumb Code     0  startup_stm32h723xx.o(.text)
    CRS_IRQHandler                           0x080002fb   Thumb Code     0  startup_stm32h723xx.o(.text)
    DCMI_PSSI_IRQHandler                     0x080002fb   Thumb Code     0  startup_stm32h723xx.o(.text)
    DFSDM1_FLT0_IRQHandler                   0x080002fb   Thumb Code     0  startup_stm32h723xx.o(.text)
    DFSDM1_FLT1_IRQHandler                   0x080002fb   Thumb Code     0  startup_stm32h723xx.o(.text)
    DFSDM1_FLT2_IRQHandler                   0x080002fb   Thumb Code     0  startup_stm32h723xx.o(.text)
    DFSDM1_FLT3_IRQHandler                   0x080002fb   Thumb Code     0  startup_stm32h723xx.o(.text)
    DMA1_Stream0_IRQHandler                  0x080002fb   Thumb Code     0  startup_stm32h723xx.o(.text)
    DMA1_Stream1_IRQHandler                  0x080002fb   Thumb Code     0  startup_stm32h723xx.o(.text)
    DMA1_Stream2_IRQHandler                  0x080002fb   Thumb Code     0  startup_stm32h723xx.o(.text)
    DMA1_Stream3_IRQHandler                  0x080002fb   Thumb Code     0  startup_stm32h723xx.o(.text)
    DMA1_Stream4_IRQHandler                  0x080002fb   Thumb Code     0  startup_stm32h723xx.o(.text)
    DMA1_Stream5_IRQHandler                  0x080002fb   Thumb Code     0  startup_stm32h723xx.o(.text)
    DMA1_Stream6_IRQHandler                  0x080002fb   Thumb Code     0  startup_stm32h723xx.o(.text)
    DMA1_Stream7_IRQHandler                  0x080002fb   Thumb Code     0  startup_stm32h723xx.o(.text)
    DMA2D_IRQHandler                         0x080002fb   Thumb Code     0  startup_stm32h723xx.o(.text)
    DMA2_Stream0_IRQHandler                  0x080002fb   Thumb Code     0  startup_stm32h723xx.o(.text)
    DMA2_Stream1_IRQHandler                  0x080002fb   Thumb Code     0  startup_stm32h723xx.o(.text)
    DMA2_Stream2_IRQHandler                  0x080002fb   Thumb Code     0  startup_stm32h723xx.o(.text)
    DMA2_Stream3_IRQHandler                  0x080002fb   Thumb Code     0  startup_stm32h723xx.o(.text)
    DMA2_Stream4_IRQHandler                  0x080002fb   Thumb Code     0  startup_stm32h723xx.o(.text)
    DMA2_Stream5_IRQHandler                  0x080002fb   Thumb Code     0  startup_stm32h723xx.o(.text)
    DMA2_Stream6_IRQHandler                  0x080002fb   Thumb Code     0  startup_stm32h723xx.o(.text)
    DMA2_Stream7_IRQHandler                  0x080002fb   Thumb Code     0  startup_stm32h723xx.o(.text)
    DMAMUX1_OVR_IRQHandler                   0x080002fb   Thumb Code     0  startup_stm32h723xx.o(.text)
    DMAMUX2_OVR_IRQHandler                   0x080002fb   Thumb Code     0  startup_stm32h723xx.o(.text)
    DTS_IRQHandler                           0x080002fb   Thumb Code     0  startup_stm32h723xx.o(.text)
    ECC_IRQHandler                           0x080002fb   Thumb Code     0  startup_stm32h723xx.o(.text)
    ETH_IRQHandler                           0x080002fb   Thumb Code     0  startup_stm32h723xx.o(.text)
    ETH_WKUP_IRQHandler                      0x080002fb   Thumb Code     0  startup_stm32h723xx.o(.text)
    EXTI0_IRQHandler                         0x080002fb   Thumb Code     0  startup_stm32h723xx.o(.text)
    EXTI15_10_IRQHandler                     0x080002fb   Thumb Code     0  startup_stm32h723xx.o(.text)
    EXTI1_IRQHandler                         0x080002fb   Thumb Code     0  startup_stm32h723xx.o(.text)
    EXTI2_IRQHandler                         0x080002fb   Thumb Code     0  startup_stm32h723xx.o(.text)
    EXTI3_IRQHandler                         0x080002fb   Thumb Code     0  startup_stm32h723xx.o(.text)
    EXTI4_IRQHandler                         0x080002fb   Thumb Code     0  startup_stm32h723xx.o(.text)
    EXTI9_5_IRQHandler                       0x080002fb   Thumb Code     0  startup_stm32h723xx.o(.text)
    FDCAN2_IT0_IRQHandler                    0x080002fb   Thumb Code     0  startup_stm32h723xx.o(.text)
    FDCAN2_IT1_IRQHandler                    0x080002fb   Thumb Code     0  startup_stm32h723xx.o(.text)
    FDCAN3_IT0_IRQHandler                    0x080002fb   Thumb Code     0  startup_stm32h723xx.o(.text)
    FDCAN3_IT1_IRQHandler                    0x080002fb   Thumb Code     0  startup_stm32h723xx.o(.text)
    FDCAN_CAL_IRQHandler                     0x080002fb   Thumb Code     0  startup_stm32h723xx.o(.text)
    FLASH_IRQHandler                         0x080002fb   Thumb Code     0  startup_stm32h723xx.o(.text)
    FMAC_IRQHandler                          0x080002fb   Thumb Code     0  startup_stm32h723xx.o(.text)
    FMC_IRQHandler                           0x080002fb   Thumb Code     0  startup_stm32h723xx.o(.text)
    FPU_IRQHandler                           0x080002fb   Thumb Code     0  startup_stm32h723xx.o(.text)
    HSEM1_IRQHandler                         0x080002fb   Thumb Code     0  startup_stm32h723xx.o(.text)
    I2C1_ER_IRQHandler                       0x080002fb   Thumb Code     0  startup_stm32h723xx.o(.text)
    I2C1_EV_IRQHandler                       0x080002fb   Thumb Code     0  startup_stm32h723xx.o(.text)
    I2C2_ER_IRQHandler                       0x080002fb   Thumb Code     0  startup_stm32h723xx.o(.text)
    I2C2_EV_IRQHandler                       0x080002fb   Thumb Code     0  startup_stm32h723xx.o(.text)
    I2C3_ER_IRQHandler                       0x080002fb   Thumb Code     0  startup_stm32h723xx.o(.text)
    I2C3_EV_IRQHandler                       0x080002fb   Thumb Code     0  startup_stm32h723xx.o(.text)
    I2C4_ER_IRQHandler                       0x080002fb   Thumb Code     0  startup_stm32h723xx.o(.text)
    I2C4_EV_IRQHandler                       0x080002fb   Thumb Code     0  startup_stm32h723xx.o(.text)
    I2C5_ER_IRQHandler                       0x080002fb   Thumb Code     0  startup_stm32h723xx.o(.text)
    I2C5_EV_IRQHandler                       0x080002fb   Thumb Code     0  startup_stm32h723xx.o(.text)
    LPTIM1_IRQHandler                        0x080002fb   Thumb Code     0  startup_stm32h723xx.o(.text)
    LPTIM2_IRQHandler                        0x080002fb   Thumb Code     0  startup_stm32h723xx.o(.text)
    LPTIM3_IRQHandler                        0x080002fb   Thumb Code     0  startup_stm32h723xx.o(.text)
    LPTIM4_IRQHandler                        0x080002fb   Thumb Code     0  startup_stm32h723xx.o(.text)
    LPTIM5_IRQHandler                        0x080002fb   Thumb Code     0  startup_stm32h723xx.o(.text)
    LPUART1_IRQHandler                       0x080002fb   Thumb Code     0  startup_stm32h723xx.o(.text)
    LTDC_ER_IRQHandler                       0x080002fb   Thumb Code     0  startup_stm32h723xx.o(.text)
    LTDC_IRQHandler                          0x080002fb   Thumb Code     0  startup_stm32h723xx.o(.text)
    MDIOS_IRQHandler                         0x080002fb   Thumb Code     0  startup_stm32h723xx.o(.text)
    MDIOS_WKUP_IRQHandler                    0x080002fb   Thumb Code     0  startup_stm32h723xx.o(.text)
    MDMA_IRQHandler                          0x080002fb   Thumb Code     0  startup_stm32h723xx.o(.text)
    OCTOSPI1_IRQHandler                      0x080002fb   Thumb Code     0  startup_stm32h723xx.o(.text)
    OCTOSPI2_IRQHandler                      0x080002fb   Thumb Code     0  startup_stm32h723xx.o(.text)
    OTG_HS_EP1_IN_IRQHandler                 0x080002fb   Thumb Code     0  startup_stm32h723xx.o(.text)
    OTG_HS_EP1_OUT_IRQHandler                0x080002fb   Thumb Code     0  startup_stm32h723xx.o(.text)
    OTG_HS_IRQHandler                        0x080002fb   Thumb Code     0  startup_stm32h723xx.o(.text)
    OTG_HS_WKUP_IRQHandler                   0x080002fb   Thumb Code     0  startup_stm32h723xx.o(.text)
    PVD_AVD_IRQHandler                       0x080002fb   Thumb Code     0  startup_stm32h723xx.o(.text)
    RCC_IRQHandler                           0x080002fb   Thumb Code     0  startup_stm32h723xx.o(.text)
    RNG_IRQHandler                           0x080002fb   Thumb Code     0  startup_stm32h723xx.o(.text)
    RTC_Alarm_IRQHandler                     0x080002fb   Thumb Code     0  startup_stm32h723xx.o(.text)
    RTC_WKUP_IRQHandler                      0x080002fb   Thumb Code     0  startup_stm32h723xx.o(.text)
    SAI1_IRQHandler                          0x080002fb   Thumb Code     0  startup_stm32h723xx.o(.text)
    SAI4_IRQHandler                          0x080002fb   Thumb Code     0  startup_stm32h723xx.o(.text)
    SDMMC1_IRQHandler                        0x080002fb   Thumb Code     0  startup_stm32h723xx.o(.text)
    SDMMC2_IRQHandler                        0x080002fb   Thumb Code     0  startup_stm32h723xx.o(.text)
    SPDIF_RX_IRQHandler                      0x080002fb   Thumb Code     0  startup_stm32h723xx.o(.text)
    SPI1_IRQHandler                          0x080002fb   Thumb Code     0  startup_stm32h723xx.o(.text)
    SPI2_IRQHandler                          0x080002fb   Thumb Code     0  startup_stm32h723xx.o(.text)
    SPI3_IRQHandler                          0x080002fb   Thumb Code     0  startup_stm32h723xx.o(.text)
    SPI4_IRQHandler                          0x080002fb   Thumb Code     0  startup_stm32h723xx.o(.text)
    SPI5_IRQHandler                          0x080002fb   Thumb Code     0  startup_stm32h723xx.o(.text)
    SPI6_IRQHandler                          0x080002fb   Thumb Code     0  startup_stm32h723xx.o(.text)
    SWPMI1_IRQHandler                        0x080002fb   Thumb Code     0  startup_stm32h723xx.o(.text)
    TAMP_STAMP_IRQHandler                    0x080002fb   Thumb Code     0  startup_stm32h723xx.o(.text)
    TIM15_IRQHandler                         0x080002fb   Thumb Code     0  startup_stm32h723xx.o(.text)
    TIM16_IRQHandler                         0x080002fb   Thumb Code     0  startup_stm32h723xx.o(.text)
    TIM17_IRQHandler                         0x080002fb   Thumb Code     0  startup_stm32h723xx.o(.text)
    TIM1_BRK_IRQHandler                      0x080002fb   Thumb Code     0  startup_stm32h723xx.o(.text)
    TIM1_CC_IRQHandler                       0x080002fb   Thumb Code     0  startup_stm32h723xx.o(.text)
    TIM1_TRG_COM_IRQHandler                  0x080002fb   Thumb Code     0  startup_stm32h723xx.o(.text)
    TIM1_UP_IRQHandler                       0x080002fb   Thumb Code     0  startup_stm32h723xx.o(.text)
    TIM23_IRQHandler                         0x080002fb   Thumb Code     0  startup_stm32h723xx.o(.text)
    TIM24_IRQHandler                         0x080002fb   Thumb Code     0  startup_stm32h723xx.o(.text)
    TIM2_IRQHandler                          0x080002fb   Thumb Code     0  startup_stm32h723xx.o(.text)
    TIM5_IRQHandler                          0x080002fb   Thumb Code     0  startup_stm32h723xx.o(.text)
    TIM6_DAC_IRQHandler                      0x080002fb   Thumb Code     0  startup_stm32h723xx.o(.text)
    TIM7_IRQHandler                          0x080002fb   Thumb Code     0  startup_stm32h723xx.o(.text)
    TIM8_BRK_TIM12_IRQHandler                0x080002fb   Thumb Code     0  startup_stm32h723xx.o(.text)
    TIM8_CC_IRQHandler                       0x080002fb   Thumb Code     0  startup_stm32h723xx.o(.text)
    TIM8_TRG_COM_TIM14_IRQHandler            0x080002fb   Thumb Code     0  startup_stm32h723xx.o(.text)
    TIM8_UP_TIM13_IRQHandler                 0x080002fb   Thumb Code     0  startup_stm32h723xx.o(.text)
    UART4_IRQHandler                         0x080002fb   Thumb Code     0  startup_stm32h723xx.o(.text)
    UART5_IRQHandler                         0x080002fb   Thumb Code     0  startup_stm32h723xx.o(.text)
    UART7_IRQHandler                         0x080002fb   Thumb Code     0  startup_stm32h723xx.o(.text)
    UART8_IRQHandler                         0x080002fb   Thumb Code     0  startup_stm32h723xx.o(.text)
    UART9_IRQHandler                         0x080002fb   Thumb Code     0  startup_stm32h723xx.o(.text)
    USART10_IRQHandler                       0x080002fb   Thumb Code     0  startup_stm32h723xx.o(.text)
    USART1_IRQHandler                        0x080002fb   Thumb Code     0  startup_stm32h723xx.o(.text)
    USART2_IRQHandler                        0x080002fb   Thumb Code     0  startup_stm32h723xx.o(.text)
    USART3_IRQHandler                        0x080002fb   Thumb Code     0  startup_stm32h723xx.o(.text)
    USART6_IRQHandler                        0x080002fb   Thumb Code     0  startup_stm32h723xx.o(.text)
    WAKEUP_PIN_IRQHandler                    0x080002fb   Thumb Code     0  startup_stm32h723xx.o(.text)
    WWDG_IRQHandler                          0x080002fb   Thumb Code     0  startup_stm32h723xx.o(.text)
    __aeabi_uldivmod                         0x08000305   Thumb Code    98  uldiv.o(.text)
    ___aeabi_memcpy8$move                    0x08000367   Thumb Code     0  memmovea.o(.text)
    __aeabi_memcpy                           0x08000367   Thumb Code    64  memmovea.o(.text)
    __aeabi_memcpy4                          0x08000367   Thumb Code     0  memmovea.o(.text)
    __aeabi_memmove                          0x08000367   Thumb Code     0  memmovea.o(.text)
    __aeabi_memmove4                         0x08000367   Thumb Code     0  memmovea.o(.text)
    __aeabi_memmove8                         0x08000367   Thumb Code     0  memmovea.o(.text)
    __aeabi_memset                           0x080003a7   Thumb Code    14  memseta.o(.text)
    __aeabi_memset4                          0x080003a7   Thumb Code     0  memseta.o(.text)
    __aeabi_memset8                          0x080003a7   Thumb Code     0  memseta.o(.text)
    __aeabi_memclr                           0x080003b5   Thumb Code     4  memseta.o(.text)
    __aeabi_memclr4                          0x080003b5   Thumb Code     0  memseta.o(.text)
    __aeabi_memclr8                          0x080003b5   Thumb Code     0  memseta.o(.text)
    _memset$wrapper                          0x080003b9   Thumb Code    18  memseta.o(.text)
    strlen                                   0x080003cb   Thumb Code    14  strlen.o(.text)
    calloc                                   0x080003d9   Thumb Code    28  calloc.o(.text)
    __aeabi_llsl                             0x080003f5   Thumb Code    30  llshl.o(.text)
    _ll_shift_l                              0x080003f5   Thumb Code     0  llshl.o(.text)
    __aeabi_llsr                             0x08000413   Thumb Code    32  llushr.o(.text)
    _ll_ushift_r                             0x08000413   Thumb Code     0  llushr.o(.text)
    __scatterload                            0x08000435   Thumb Code    28  init.o(.text)
    __scatterload_rt2                        0x08000435   Thumb Code     0  init.o(.text)
    __decompress                             0x08000459   Thumb Code     0  __dczerorl2.o(.text)
    __decompress1                            0x08000459   Thumb Code    86  __dczerorl2.o(.text)
    BusFault_Handler                         0x080004af   Thumb Code     2  stm32h7xx_it.o(i.BusFault_Handler)
    CO_CANclearPendingSyncPDOs               0x080004b1   Thumb Code   102  co_drv.o(i.CO_CANclearPendingSyncPDOs)
    CO_CANinit                               0x08000517   Thumb Code    50  canopen.o(i.CO_CANinit)
    CO_CANmodule_disable                     0x08000549   Thumb Code    18  co_drv.o(i.CO_CANmodule_disable)
    CO_CANmodule_init                        0x0800055d   Thumb Code   156  co_drv.o(i.CO_CANmodule_init)
    CO_CANmodule_process                     0x08000601   Thumb Code    62  co_drv.o(i.CO_CANmodule_process)
    CO_CANopenInit                           0x08000641   Thumb Code   444  canopen.o(i.CO_CANopenInit)
    CO_CANopenInitPDO                        0x08000801   Thumb Code   244  canopen.o(i.CO_CANopenInitPDO)
    CO_CANrxBufferInit                       0x080008f9   Thumb Code    84  co_drv.o(i.CO_CANrxBufferInit)
    CO_CANsend                               0x0800094d   Thumb Code    70  co_drv.o(i.CO_CANsend)
    CO_CANsetConfigurationMode               0x08000993   Thumb Code    12  co_drv.o(i.CO_CANsetConfigurationMode)
    CO_CANsetNormalMode                      0x0800099f   Thumb Code    26  co_drv.o(i.CO_CANsetNormalMode)
    CO_CANtxBufferInit                       0x080009b9   Thumb Code    58  co_drv.o(i.CO_CANtxBufferInit)
    CO_EM_init                               0x080009f5   Thumb Code   266  co_emergency.o(i.CO_EM_init)
    CO_EM_process                            0x08000b15   Thumb Code   340  co_emergency.o(i.CO_EM_process)
    CO_HBconsumer_init                       0x08000c7d   Thumb Code   208  co_hbconsumer.o(i.CO_HBconsumer_init)
    CO_HBconsumer_process                    0x08000df1   Thumb Code   268  co_hbconsumer.o(i.CO_HBconsumer_process)
    CO_LEDs_init                             0x08000efd   Thumb Code    20  co_leds.o(i.CO_LEDs_init)
    CO_LEDs_process                          0x08000f11   Thumb Code   424  co_leds.o(i.CO_LEDs_process)
    CO_LSSinit                               0x080010b9   Thumb Code    52  canopen.o(i.CO_LSSinit)
    CO_LSSslave_init                         0x080010ed   Thumb Code   150  co_lssslave.o(i.CO_LSSslave_init)
    CO_LSSslave_process                      0x08001189   Thumb Code   362  co_lssslave.o(i.CO_LSSslave_process)
    CO_NMT_init                              0x0800142d   Thumb Code   264  co_nmt_heartbeat.o(i.CO_NMT_init)
    CO_NMT_process                           0x08001541   Thumb Code   258  co_nmt_heartbeat.o(i.CO_NMT_process)
    CO_RPDO_init                             0x080016b5   Thumb Code   408  co_pdo.o(i.CO_RPDO_init)
    CO_RPDO_process                          0x08001861   Thumb Code   364  co_pdo.o(i.CO_RPDO_process)
    CO_SDOclientDownload                     0x080019f9   Thumb Code   466  co_sdoclient.o(i.CO_SDOclientDownload)
    CO_SDOclientDownloadBufWrite             0x08001bdd   Thumb Code    30  co_sdoclient.o(i.CO_SDOclientDownloadBufWrite)
    CO_SDOclientDownloadInitiate             0x08001bfb   Thumb Code    60  co_sdoclient.o(i.CO_SDOclientDownloadInitiate)
    CO_SDOclient_init                        0x08001c37   Thumb Code   202  co_sdoclient.o(i.CO_SDOclient_init)
    CO_SDOclient_setup                       0x08001d29   Thumb Code   122  co_sdoclient.o(i.CO_SDOclient_setup)
    CO_SDOserver_init                        0x08001da9   Thumb Code   318  co_sdoserver.o(i.CO_SDOserver_init)
    CO_SDOserver_process                     0x08001f79   Thumb Code  1256  co_sdoserver.o(i.CO_SDOserver_process)
    CO_SYNC_init                             0x08002461   Thumb Code   350  co_sync.o(i.CO_SYNC_init)
    CO_SYNC_process                          0x080025d1   Thumb Code   302  co_sync.o(i.CO_SYNC_process)
    CO_TIME_init                             0x08002731   Thumb Code   178  co_time.o(i.CO_TIME_init)
    CO_TIME_process                          0x080027f1   Thumb Code   202  co_time.o(i.CO_TIME_process)
    CO_TPDO_init                             0x080028d9   Thumb Code   496  co_pdo.o(i.CO_TPDO_init)
    CO_TPDO_process                          0x08002ad9   Thumb Code   260  co_pdo.o(i.CO_TPDO_process)
    CO_delete                                0x08002c99   Thumb Code   120  canopen.o(i.CO_delete)
    CO_error                                 0x08002d11   Thumb Code   166  co_emergency.o(i.CO_error)
    CO_fifo_init                             0x08002db7   Thumb Code    22  co_fifo.o(i.CO_fifo_init)
    CO_fifo_read                             0x08002dcd   Thumb Code    76  co_fifo.o(i.CO_fifo_read)
    CO_fifo_write                            0x08002e25   Thumb Code    78  co_fifo.o(i.CO_fifo_write)
    CO_new                                   0x08002eff   Thumb Code   324  canopen.o(i.CO_new)
    CO_process                               0x08003043   Thumb Code   310  canopen.o(i.CO_process)
    CO_process_RPDO                          0x08003179   Thumb Code    74  canopen.o(i.CO_process_RPDO)
    CO_process_SYNC                          0x080031c3   Thumb Code    74  canopen.o(i.CO_process_SYNC)
    CO_process_TPDO                          0x0800320d   Thumb Code    70  canopen.o(i.CO_process_TPDO)
    DebugMon_Handler                         0x08003253   Thumb Code     2  stm32h7xx_it.o(i.DebugMon_Handler)
    Error_Handler                            0x08003255   Thumb Code     4  main.o(i.Error_Handler)
    FDCAN1_IT0_IRQHandler                    0x08003259   Thumb Code     6  stm32h7xx_it.o(i.FDCAN1_IT0_IRQHandler)
    FDCAN1_IT1_IRQHandler                    0x08003265   Thumb Code     6  stm32h7xx_it.o(i.FDCAN1_IT1_IRQHandler)
    HAL_Delay                                0x08003499   Thumb Code    32  stm32h7xx_hal.o(i.HAL_Delay)
    HAL_FDCAN_ActivateNotification           0x080034bd   Thumb Code   124  stm32h7xx_hal_fdcan.o(i.HAL_FDCAN_ActivateNotification)
    HAL_FDCAN_AddMessageToTxFifoQ            0x08003541   Thumb Code   102  stm32h7xx_hal_fdcan.o(i.HAL_FDCAN_AddMessageToTxFifoQ)
    HAL_FDCAN_ClockCalibrationCallback       0x080035a7   Thumb Code     2  stm32h7xx_hal_fdcan.o(i.HAL_FDCAN_ClockCalibrationCallback)
    HAL_FDCAN_ConfigGlobalFilter             0x080035a9   Thumb Code    50  stm32h7xx_hal_fdcan.o(i.HAL_FDCAN_ConfigGlobalFilter)
    HAL_FDCAN_ErrorCallback                  0x080035db   Thumb Code     2  stm32h7xx_hal_fdcan.o(i.HAL_FDCAN_ErrorCallback)
    HAL_FDCAN_ErrorStatusCallback            0x080035dd   Thumb Code     2  stm32h7xx_hal_fdcan.o(i.HAL_FDCAN_ErrorStatusCallback)
    HAL_FDCAN_GetRxMessage                   0x080035e1   Thumb Code   358  stm32h7xx_hal_fdcan.o(i.HAL_FDCAN_GetRxMessage)
    HAL_FDCAN_GetTxFifoFreeLevel             0x0800374d   Thumb Code    12  stm32h7xx_hal_fdcan.o(i.HAL_FDCAN_GetTxFifoFreeLevel)
    HAL_FDCAN_HighPriorityMessageCallback    0x08003759   Thumb Code     2  stm32h7xx_hal_fdcan.o(i.HAL_FDCAN_HighPriorityMessageCallback)
    HAL_FDCAN_IRQHandler                     0x0800375d   Thumb Code   722  stm32h7xx_hal_fdcan.o(i.HAL_FDCAN_IRQHandler)
    HAL_FDCAN_Init                           0x08003a3d   Thumb Code   570  stm32h7xx_hal_fdcan.o(i.HAL_FDCAN_Init)
    HAL_FDCAN_MspInit                        0x08003c81   Thumb Code   156  fdcan.o(i.HAL_FDCAN_MspInit)
    HAL_FDCAN_RxBufferNewMessageCallback     0x08003d29   Thumb Code     2  stm32h7xx_hal_fdcan.o(i.HAL_FDCAN_RxBufferNewMessageCallback)
    HAL_FDCAN_RxFifo0Callback                0x08003d2b   Thumb Code    14  co_drv.o(i.HAL_FDCAN_RxFifo0Callback)
    HAL_FDCAN_RxFifo1Callback                0x08003d39   Thumb Code    14  co_drv.o(i.HAL_FDCAN_RxFifo1Callback)
    HAL_FDCAN_Start                          0x08003d47   Thumb Code    50  stm32h7xx_hal_fdcan.o(i.HAL_FDCAN_Start)
    HAL_FDCAN_Stop                           0x08003d79   Thumb Code   124  stm32h7xx_hal_fdcan.o(i.HAL_FDCAN_Stop)
    HAL_FDCAN_TT_GlobalTimeCallback          0x08003df5   Thumb Code     2  stm32h7xx_hal_fdcan.o(i.HAL_FDCAN_TT_GlobalTimeCallback)
    HAL_FDCAN_TT_ScheduleSyncCallback        0x08003df7   Thumb Code     2  stm32h7xx_hal_fdcan.o(i.HAL_FDCAN_TT_ScheduleSyncCallback)
    HAL_FDCAN_TT_StopWatchCallback           0x08003df9   Thumb Code     2  stm32h7xx_hal_fdcan.o(i.HAL_FDCAN_TT_StopWatchCallback)
    HAL_FDCAN_TT_TimeMarkCallback            0x08003dfb   Thumb Code     2  stm32h7xx_hal_fdcan.o(i.HAL_FDCAN_TT_TimeMarkCallback)
    HAL_FDCAN_TimeoutOccurredCallback        0x08003dfd   Thumb Code     2  stm32h7xx_hal_fdcan.o(i.HAL_FDCAN_TimeoutOccurredCallback)
    HAL_FDCAN_TimestampWraparoundCallback    0x08003dff   Thumb Code     2  stm32h7xx_hal_fdcan.o(i.HAL_FDCAN_TimestampWraparoundCallback)
    HAL_FDCAN_TxBufferAbortCallback          0x08003e01   Thumb Code     2  stm32h7xx_hal_fdcan.o(i.HAL_FDCAN_TxBufferAbortCallback)
    HAL_FDCAN_TxBufferCompleteCallback       0x08003e05   Thumb Code    86  co_drv.o(i.HAL_FDCAN_TxBufferCompleteCallback)
    HAL_FDCAN_TxEventFifoCallback            0x08003e61   Thumb Code     2  stm32h7xx_hal_fdcan.o(i.HAL_FDCAN_TxEventFifoCallback)
    HAL_FDCAN_TxFifoEmptyCallback            0x08003e63   Thumb Code     2  stm32h7xx_hal_fdcan.o(i.HAL_FDCAN_TxFifoEmptyCallback)
    HAL_GPIO_Init                            0x08003e65   Thumb Code   416  stm32h7xx_hal_gpio.o(i.HAL_GPIO_Init)
    HAL_GPIO_WritePin                        0x08004031   Thumb Code    10  stm32h7xx_hal_gpio.o(i.HAL_GPIO_WritePin)
    HAL_GetTick                              0x0800403d   Thumb Code     6  stm32h7xx_hal.o(i.HAL_GetTick)
    HAL_IncTick                              0x08004049   Thumb Code    12  stm32h7xx_hal.o(i.HAL_IncTick)
    HAL_Init                                 0x08004059   Thumb Code    74  stm32h7xx_hal.o(i.HAL_Init)
    HAL_InitTick                             0x080040b5   Thumb Code    56  stm32h7xx_hal.o(i.HAL_InitTick)
    HAL_MspInit                              0x080040f5   Thumb Code    22  stm32h7xx_hal_msp.o(i.HAL_MspInit)
    HAL_NVIC_EnableIRQ                       0x08004111   Thumb Code    26  stm32h7xx_hal_cortex.o(i.HAL_NVIC_EnableIRQ)
    HAL_NVIC_SetPriority                     0x0800412d   Thumb Code    60  stm32h7xx_hal_cortex.o(i.HAL_NVIC_SetPriority)
    HAL_NVIC_SetPriorityGrouping             0x0800416d   Thumb Code    26  stm32h7xx_hal_cortex.o(i.HAL_NVIC_SetPriorityGrouping)
    HAL_NVIC_SystemReset                     0x08004191   Thumb Code    26  stm32h7xx_hal_cortex.o(i.HAL_NVIC_SystemReset)
    HAL_PWREx_ConfigSupply                   0x080041b5   Thumb Code    76  stm32h7xx_hal_pwr_ex.o(i.HAL_PWREx_ConfigSupply)
    HAL_RCCEx_GetD3PCLK1Freq                 0x08004205   Thumb Code    26  stm32h7xx_hal_rcc_ex.o(i.HAL_RCCEx_GetD3PCLK1Freq)
    HAL_RCCEx_GetPLL2ClockFreq               0x08004229   Thumb Code   290  stm32h7xx_hal_rcc_ex.o(i.HAL_RCCEx_GetPLL2ClockFreq)
    HAL_RCCEx_GetPLL3ClockFreq               0x08004365   Thumb Code   290  stm32h7xx_hal_rcc_ex.o(i.HAL_RCCEx_GetPLL3ClockFreq)
    HAL_RCCEx_PeriphCLKConfig                0x080044a1   Thumb Code  2360  stm32h7xx_hal_rcc_ex.o(i.HAL_RCCEx_PeriphCLKConfig)
    HAL_RCC_ClockConfig                      0x08004ddd   Thumb Code   590  stm32h7xx_hal_rcc.o(i.HAL_RCC_ClockConfig)
    HAL_RCC_GetHCLKFreq                      0x0800504d   Thumb Code    52  stm32h7xx_hal_rcc.o(i.HAL_RCC_GetHCLKFreq)
    HAL_RCC_GetPCLK1Freq                     0x08005091   Thumb Code    26  stm32h7xx_hal_rcc.o(i.HAL_RCC_GetPCLK1Freq)
    HAL_RCC_GetPCLK2Freq                     0x080050b5   Thumb Code    26  stm32h7xx_hal_rcc.o(i.HAL_RCC_GetPCLK2Freq)
    HAL_RCC_GetSysClockFreq                  0x080050d9   Thumb Code   270  stm32h7xx_hal_rcc.o(i.HAL_RCC_GetSysClockFreq)
    HAL_RCC_OscConfig                        0x08005209   Thumb Code  1308  stm32h7xx_hal_rcc.o(i.HAL_RCC_OscConfig)
    HAL_SYSTICK_Config                       0x08005725   Thumb Code    40  stm32h7xx_hal_cortex.o(i.HAL_SYSTICK_Config)
    HAL_TIMEx_Break2Callback                 0x0800574d   Thumb Code     2  stm32h7xx_hal_tim_ex.o(i.HAL_TIMEx_Break2Callback)
    HAL_TIMEx_BreakCallback                  0x0800574f   Thumb Code     2  stm32h7xx_hal_tim_ex.o(i.HAL_TIMEx_BreakCallback)
    HAL_TIMEx_CommutCallback                 0x08005751   Thumb Code     2  stm32h7xx_hal_tim_ex.o(i.HAL_TIMEx_CommutCallback)
    HAL_TIMEx_MasterConfigSynchronization    0x08005755   Thumb Code   148  stm32h7xx_hal_tim_ex.o(i.HAL_TIMEx_MasterConfigSynchronization)
    HAL_TIM_Base_Init                        0x0800580d   Thumb Code    98  stm32h7xx_hal_tim.o(i.HAL_TIM_Base_Init)
    HAL_TIM_Base_MspInit                     0x08005871   Thumb Code    86  tim.o(i.HAL_TIM_Base_MspInit)
    HAL_TIM_Base_Start_IT                    0x080058d5   Thumb Code   118  stm32h7xx_hal_tim.o(i.HAL_TIM_Base_Start_IT)
    HAL_TIM_ConfigClockSource                0x08005975   Thumb Code   248  stm32h7xx_hal_tim.o(i.HAL_TIM_ConfigClockSource)
    HAL_TIM_IC_CaptureCallback               0x08005a71   Thumb Code     2  stm32h7xx_hal_tim.o(i.HAL_TIM_IC_CaptureCallback)
    HAL_TIM_IRQHandler                       0x08005a73   Thumb Code   330  stm32h7xx_hal_tim.o(i.HAL_TIM_IRQHandler)
    HAL_TIM_OC_DelayElapsedCallback          0x08005bbd   Thumb Code     2  stm32h7xx_hal_tim.o(i.HAL_TIM_OC_DelayElapsedCallback)
    HAL_TIM_PWM_PulseFinishedCallback        0x08005bbf   Thumb Code     2  stm32h7xx_hal_tim.o(i.HAL_TIM_PWM_PulseFinishedCallback)
    HAL_TIM_PeriodElapsedCallback            0x08005bc1   Thumb Code    42  co_app.o(i.HAL_TIM_PeriodElapsedCallback)
    HAL_TIM_TriggerCallback                  0x08005bf9   Thumb Code     2  stm32h7xx_hal_tim.o(i.HAL_TIM_TriggerCallback)
    HAL_UARTEx_DisableFifoMode               0x08005bfb   Thumb Code    62  stm32h7xx_hal_uart_ex.o(i.HAL_UARTEx_DisableFifoMode)
    HAL_UARTEx_SetRxFifoThreshold            0x08005c39   Thumb Code    76  stm32h7xx_hal_uart_ex.o(i.HAL_UARTEx_SetRxFifoThreshold)
    HAL_UARTEx_SetTxFifoThreshold            0x08005c85   Thumb Code    76  stm32h7xx_hal_uart_ex.o(i.HAL_UARTEx_SetTxFifoThreshold)
    HAL_UART_Init                            0x08005cd1   Thumb Code   106  stm32h7xx_hal_uart.o(i.HAL_UART_Init)
    HAL_UART_MspInit                         0x08005d3d   Thumb Code   122  usart.o(i.HAL_UART_MspInit)
    HAL_UART_Transmit                        0x08005dc5   Thumb Code   174  stm32h7xx_hal_uart.o(i.HAL_UART_Transmit)
    HardFault_Handler                        0x08005e73   Thumb Code     2  stm32h7xx_it.o(i.HardFault_Handler)
    MX_FDCAN1_Init                           0x08005e75   Thumb Code   100  fdcan.o(i.MX_FDCAN1_Init)
    MX_GPIO_Init                             0x08005ee1   Thumb Code   118  gpio.o(i.MX_GPIO_Init)
    MX_TIM3_Init                             0x08005f61   Thumb Code    96  tim.o(i.MX_TIM3_Init)
    MX_TIM4_Init                             0x08005fc9   Thumb Code    96  tim.o(i.MX_TIM4_Init)
    MX_USART1_UART_Init                      0x08006031   Thumb Code    94  usart.o(i.MX_USART1_UART_Init)
    MemManage_Handler                        0x08006099   Thumb Code     2  stm32h7xx_it.o(i.MemManage_Handler)
    NMI_Handler                              0x0800609b   Thumb Code     2  stm32h7xx_it.o(i.NMI_Handler)
    OD_find                                  0x080060a9   Thumb Code    82  co_odinterface.o(i.OD_find)
    OD_getPtr                                0x0800612b   Thumb Code    54  co_odinterface.o(i.OD_getPtr)
    OD_getSDOabCode                          0x08006161   Thumb Code    16  co_odinterface.o(i.OD_getSDOabCode)
    OD_getSub                                0x08006179   Thumb Code   206  co_odinterface.o(i.OD_getSub)
    OD_get_value                             0x080062a1   Thumb Code    58  co_odinterface.o(i.OD_get_value)
    OD_readOriginal                          0x080062df   Thumb Code    86  co_odinterface.o(i.OD_readOriginal)
    OD_set_value                             0x08006471   Thumb Code    56  co_odinterface.o(i.OD_set_value)
    OD_writeOriginal                         0x080064ad   Thumb Code    92  co_odinterface.o(i.OD_writeOriginal)
    PendSV_Handler                           0x08006e4d   Thumb Code     2  stm32h7xx_it.o(i.PendSV_Handler)
    SVC_Handler                              0x08007079   Thumb Code     2  stm32h7xx_it.o(i.SVC_Handler)
    SysTick_Handler                          0x0800707b   Thumb Code     4  stm32h7xx_it.o(i.SysTick_Handler)
    SystemClock_Config                       0x08007081   Thumb Code   146  main.o(i.SystemClock_Config)
    SystemInit                               0x08007119   Thumb Code   158  system_stm32h7xx.o(i.SystemInit)
    TIM3_IRQHandler                          0x080071d9   Thumb Code     6  stm32h7xx_it.o(i.TIM3_IRQHandler)
    TIM4_IRQHandler                          0x080071e5   Thumb Code     6  stm32h7xx_it.o(i.TIM4_IRQHandler)
    TIM_Base_SetConfig                       0x080071f1   Thumb Code   186  stm32h7xx_hal_tim.o(i.TIM_Base_SetConfig)
    TIM_ETR_SetConfig                        0x080072d5   Thumb Code    20  stm32h7xx_hal_tim.o(i.TIM_ETR_SetConfig)
    UART_AdvFeatureConfig                    0x08007389   Thumb Code   200  stm32h7xx_hal_uart.o(i.UART_AdvFeatureConfig)
    UART_CheckIdleState                      0x08007451   Thumb Code   172  stm32h7xx_hal_uart.o(i.UART_CheckIdleState)
    UART_SetConfig                           0x08007551   Thumb Code   936  stm32h7xx_hal_uart.o(i.UART_SetConfig)
    UART_WaitOnFlagUntilTimeout              0x0800793d   Thumb Code   146  stm32h7xx_hal_uart.o(i.UART_WaitOnFlagUntilTimeout)
    UsageFault_Handler                       0x080079cf   Thumb Code     2  stm32h7xx_it.o(i.UsageFault_Handler)
    __0printf$5                              0x080079d1   Thumb Code    22  printf5.o(i.__0printf$5)
    __1printf$5                              0x080079d1   Thumb Code     0  printf5.o(i.__0printf$5)
    __2printf                                0x080079d1   Thumb Code     0  printf5.o(i.__0printf$5)
    __scatterload_copy                       0x08007a11   Thumb Code    14  handlers.o(i.__scatterload_copy)
    __scatterload_null                       0x08007a1f   Thumb Code     2  handlers.o(i.__scatterload_null)
    __scatterload_zeroinit                   0x08007a21   Thumb Code    14  handlers.o(i.__scatterload_zeroinit)
    canopen_app_init                         0x08007cf1   Thumb Code    50  co_bsp.o(i.canopen_app_init)
    canopen_app_interrupt                    0x08007d71   Thumb Code    76  co_bsp.o(i.canopen_app_interrupt)
    canopen_app_process                      0x08007dc1   Thumb Code   106  co_bsp.o(i.canopen_app_process)
    canopen_app_resetCommunication           0x08007e79   Thumb Code   292  co_bsp.o(i.canopen_app_resetCommunication)
    canopen_init                             0x080080e9   Thumb Code    76  co_app.o(i.canopen_init)
    delay_ms                                 0x08008155   Thumb Code    24  delay.o(i.delay_ms)
    delay_us                                 0x0800816d   Thumb Code    48  delay.o(i.delay_us)
    dm4310_ctrl_send                         0x080081a1   Thumb Code    90  dm4310_drv.o(i.dm4310_ctrl_send)
    dm4310_fbdata                            0x08008201   Thumb Code    64  dm4310_drv.o(i.dm4310_fbdata)
    fputc                                    0x08008241   Thumb Code    20  usart.o(i.fputc)
    free                                     0x08008259   Thumb Code    76  malloc.o(i.free)
    get_od_16addr                            0x080082a9   Thumb Code    48  dm4310_drv.o(i.get_od_16addr)
    get_od_addr                              0x080082e1   Thumb Code    60  dm4310_drv.o(i.get_od_addr)
    main                                     0x08008325   Thumb Code    68  main.o(i.main)
    malloc                                   0x08008371   Thumb Code    92  malloc.o(i.malloc)
    open_tpdo                                0x080083dd   Thumb Code    52  dm4310_drv.o(i.open_tpdo)
    read_od_16                               0x08008611   Thumb Code    12  dm4310_drv.o(i.read_od_16)
    read_od_f                                0x0800861d   Thumb Code    12  dm4310_drv.o(i.read_od_f)
    write_od_16                              0x08008719   Thumb Code    12  dm4310_drv.o(i.write_od_16)
    write_od_f                               0x08008725   Thumb Code    12  dm4310_drv.o(i.write_od_f)
    write_sdo                                0x08008731   Thumb Code   146  co_app.o(i.write_sdo)
    UARTPrescTable                           0x08008824   Data          24  stm32h7xx_hal_uart.o(.constdata)
    D1CorePrescTable                         0x0800884c   Data          16  system_stm32h7xx.o(.constdata)
    Region$$Table$$Base                      0x08008ff4   Number         0  anon$$obj.o(Region$$Table)
    Region$$Table$$Limit                     0x08009014   Number         0  anon$$obj.o(Region$$Table)
    uwTickFreq                               0x24000000   Data           1  stm32h7xx_hal.o(.data)
    uwTickPrio                               0x24000004   Data           4  stm32h7xx_hal.o(.data)
    uwTick                                   0x24000008   Data           4  stm32h7xx_hal.o(.data)
    SystemCoreClock                          0x2400000c   Data           4  system_stm32h7xx.o(.data)
    SystemD2Clock                            0x24000010   Data           4  system_stm32h7xx.o(.data)
    err                                      0x24000014   Data           1  co_bsp.o(.data)
    CO                                       0x24000018   Data           4  co_bsp.o(.data)
    canopenNodeSTM32                         0x2400001c   Data           4  co_bsp.o(.data)
    time_old                                 0x24000020   Data           4  co_bsp.o(.data)
    time_current                             0x24000024   Data           4  co_bsp.o(.data)
    OD_PERSIST_COMM                          0x2400002c   Data         508  od.o(.data)
    OD_RAM                                   0x24000228   Data          88  od.o(.data)
    OD                                       0x2400042c   Data           4  od.o(.data)
    __stdout                                 0x2400043c   Data           4  stdout.o(.data)
    __microlib_freelist                      0x24000440   Data           4  mvars.o(.data)
    __microlib_freelist_initialised          0x24000444   Data           4  mvars.o(.data)
    hfdcan1                                  0x24000448   Data         160  fdcan.o(.bss)
    htim3                                    0x240004e8   Data          76  tim.o(.bss)
    htim4                                    0x24000534   Data          76  tim.o(.bss)
    huart1                                   0x24000580   Data         148  usart.o(.bss)
    canopen_node                             0x24000614   Data          24  co_app.o(.bss)
    motor                                    0x24000678   Data         240  dm4310_drv.o(.bss)
    __heap_base                              0x24000768   Data           0  startup_stm32h723xx.o(HEAP)
    __heap_limit                             0x24002768   Data           0  startup_stm32h723xx.o(HEAP)
    __initial_sp                             0x24002b68   Data           0  startup_stm32h723xx.o(STACK)



==============================================================================

Memory Map of the image

  Image Entry point : 0x080002cd

  Load Region LR_IROM1 (Base: 0x08000000, Size: 0x0000945c, Max: 0x00200000, ABSOLUTE, COMPRESSED[0x00009194])

    Execution Region ER_IROM1 (Exec base: 0x08000000, Load base: 0x08000000, Size: 0x00009014, Max: 0x00200000, ABSOLUTE)

    Exec Addr    Load Addr    Size         Type   Attr      Idx    E Section Name        Object

    0x08000000   0x08000000   0x000002cc   Data   RO            3    RESET               startup_stm32h723xx.o
    0x080002cc   0x080002cc   0x00000000   Code   RO         6889  * .ARM.Collect$$$$00000000  mc_w.l(entry.o)
    0x080002cc   0x080002cc   0x00000004   Code   RO         7200    .ARM.Collect$$$$00000001  mc_w.l(entry2.o)
    0x080002d0   0x080002d0   0x00000004   Code   RO         7203    .ARM.Collect$$$$00000004  mc_w.l(entry5.o)
    0x080002d4   0x080002d4   0x00000000   Code   RO         7205    .ARM.Collect$$$$00000008  mc_w.l(entry7b.o)
    0x080002d4   0x080002d4   0x00000000   Code   RO         7207    .ARM.Collect$$$$0000000A  mc_w.l(entry8b.o)
    0x080002d4   0x080002d4   0x00000008   Code   RO         7208    .ARM.Collect$$$$0000000B  mc_w.l(entry9a.o)
    0x080002dc   0x080002dc   0x00000000   Code   RO         7210    .ARM.Collect$$$$0000000D  mc_w.l(entry10a.o)
    0x080002dc   0x080002dc   0x00000000   Code   RO         7212    .ARM.Collect$$$$0000000F  mc_w.l(entry11a.o)
    0x080002dc   0x080002dc   0x00000004   Code   RO         7201    .ARM.Collect$$$$00002712  mc_w.l(entry2.o)
    0x080002e0   0x080002e0   0x00000024   Code   RO            4    .text               startup_stm32h723xx.o
    0x08000304   0x08000304   0x00000062   Code   RO         6895    .text               mc_w.l(uldiv.o)
    0x08000366   0x08000366   0x00000040   Code   RO         6899    .text               mc_w.l(memmovea.o)
    0x080003a6   0x080003a6   0x00000024   Code   RO         6901    .text               mc_w.l(memseta.o)
    0x080003ca   0x080003ca   0x0000000e   Code   RO         6903    .text               mc_w.l(strlen.o)
    0x080003d8   0x080003d8   0x0000001c   Code   RO         7198    .text               mc_w.l(calloc.o)
    0x080003f4   0x080003f4   0x0000001e   Code   RO         7216    .text               mc_w.l(llshl.o)
    0x08000412   0x08000412   0x00000020   Code   RO         7218    .text               mc_w.l(llushr.o)
    0x08000432   0x08000432   0x00000002   PAD
    0x08000434   0x08000434   0x00000024   Code   RO         7233    .text               mc_w.l(init.o)
    0x08000458   0x08000458   0x00000056   Code   RO         7247    .text               mc_w.l(__dczerorl2.o)
    0x080004ae   0x080004ae   0x00000002   Code   RO          445    i.BusFault_Handler  stm32h7xx_it.o
    0x080004b0   0x080004b0   0x00000066   Code   RO         6554    i.CO_CANclearPendingSyncPDOs  co_drv.o
    0x08000516   0x08000516   0x00000032   Code   RO         6234    i.CO_CANinit        canopen.o
    0x08000548   0x08000548   0x00000012   Code   RO         6555    i.CO_CANmodule_disable  co_drv.o
    0x0800055a   0x0800055a   0x00000002   PAD
    0x0800055c   0x0800055c   0x000000a4   Code   RO         6556    i.CO_CANmodule_init  co_drv.o
    0x08000600   0x08000600   0x0000003e   Code   RO         6557    i.CO_CANmodule_process  co_drv.o
    0x0800063e   0x0800063e   0x00000002   PAD
    0x08000640   0x08000640   0x000001c0   Code   RO         6235    i.CO_CANopenInit    canopen.o
    0x08000800   0x08000800   0x000000f8   Code   RO         6236    i.CO_CANopenInitPDO  canopen.o
    0x080008f8   0x080008f8   0x00000054   Code   RO         6558    i.CO_CANrxBufferInit  co_drv.o
    0x0800094c   0x0800094c   0x00000046   Code   RO         6559    i.CO_CANsend        co_drv.o
    0x08000992   0x08000992   0x0000000c   Code   RO         6560    i.CO_CANsetConfigurationMode  co_drv.o
    0x0800099e   0x0800099e   0x0000001a   Code   RO         6561    i.CO_CANsetNormalMode  co_drv.o
    0x080009b8   0x080009b8   0x0000003a   Code   RO         6562    i.CO_CANtxBufferInit  co_drv.o
    0x080009f2   0x080009f2   0x00000002   PAD
    0x080009f4   0x080009f4   0x00000120   Code   RO         5195    i.CO_EM_init        co_emergency.o
    0x08000b14   0x08000b14   0x00000154   Code   RO         5196    i.CO_EM_process     co_emergency.o
    0x08000c68   0x08000c68   0x00000012   Code   RO         5323    i.CO_HBcons_receive  co_hbconsumer.o
    0x08000c7a   0x08000c7a   0x00000002   PAD
    0x08000c7c   0x08000c7c   0x000000d8   Code   RO         5324    i.CO_HBconsumer_init  co_hbconsumer.o
    0x08000d54   0x08000d54   0x0000009c   Code   RO         5325    i.CO_HBconsumer_initEntry  co_hbconsumer.o
    0x08000df0   0x08000df0   0x0000010c   Code   RO         5326    i.CO_HBconsumer_process  co_hbconsumer.o
    0x08000efc   0x08000efc   0x00000014   Code   RO         6008    i.CO_LEDs_init      co_leds.o
    0x08000f10   0x08000f10   0x000001a8   Code   RO         6009    i.CO_LEDs_process   co_leds.o
    0x080010b8   0x080010b8   0x00000034   Code   RO         6237    i.CO_LSSinit        canopen.o
    0x080010ec   0x080010ec   0x0000009c   Code   RO         6104    i.CO_LSSslave_init  co_lssslave.o
    0x08001188   0x08001188   0x00000170   Code   RO         6108    i.CO_LSSslave_process  co_lssslave.o
    0x080012f8   0x080012f8   0x00000128   Code   RO         6109    i.CO_LSSslave_receive  co_lssslave.o
    0x08001420   0x08001420   0x0000000a   Code   RO         6238    i.CO_NMT_getInternalState  canopen.o
    0x0800142a   0x0800142a   0x00000002   PAD
    0x0800142c   0x0800142c   0x00000114   Code   RO         5385    i.CO_NMT_init       co_nmt_heartbeat.o
    0x08001540   0x08001540   0x00000102   Code   RO         5386    i.CO_NMT_process    co_nmt_heartbeat.o
    0x08001642   0x08001642   0x00000016   Code   RO         5387    i.CO_NMT_receive    co_nmt_heartbeat.o
    0x08001658   0x08001658   0x0000005c   Code   RO         5533    i.CO_PDO_receive    co_pdo.o
    0x080016b4   0x080016b4   0x000001ac   Code   RO         5534    i.CO_RPDO_init      co_pdo.o
    0x08001860   0x08001860   0x0000016c   Code   RO         5535    i.CO_RPDO_process   co_pdo.o
    0x080019cc   0x080019cc   0x0000002c   Code   RO         5795    i.CO_SDO_receive    co_sdoserver.o
    0x080019f8   0x080019f8   0x000001e4   Code   RO         5681    i.CO_SDOclientDownload  co_sdoclient.o
    0x08001bdc   0x08001bdc   0x0000001e   Code   RO         5682    i.CO_SDOclientDownloadBufWrite  co_sdoclient.o
    0x08001bfa   0x08001bfa   0x0000003c   Code   RO         5683    i.CO_SDOclientDownloadInitiate  co_sdoclient.o
    0x08001c36   0x08001c36   0x000000ca   Code   RO         5688    i.CO_SDOclient_init  co_sdoclient.o
    0x08001d00   0x08001d00   0x00000028   Code   RO         5689    i.CO_SDOclient_receive  co_sdoclient.o
    0x08001d28   0x08001d28   0x00000080   Code   RO         5690    i.CO_SDOclient_setup  co_sdoclient.o
    0x08001da8   0x08001da8   0x00000148   Code   RO         5796    i.CO_SDOserver_init  co_sdoserver.o
    0x08001ef0   0x08001ef0   0x00000088   Code   RO         5797    i.CO_SDOserver_init_canRxTx  co_sdoserver.o
    0x08001f78   0x08001f78   0x000004e8   Code   RO         5798    i.CO_SDOserver_process  co_sdoserver.o
    0x08002460   0x08002460   0x00000170   Code   RO         5877    i.CO_SYNC_init      co_sync.o
    0x080025d0   0x080025d0   0x0000012e   Code   RO         5878    i.CO_SYNC_process   co_sync.o
    0x080026fe   0x080026fe   0x00000030   Code   RO         5879    i.CO_SYNC_receive   co_sync.o
    0x0800272e   0x0800272e   0x00000002   PAD
    0x08002730   0x08002730   0x000000c0   Code   RO         5936    i.CO_TIME_init      co_time.o
    0x080027f0   0x080027f0   0x000000d0   Code   RO         5937    i.CO_TIME_process   co_time.o
    0x080028c0   0x080028c0   0x00000016   Code   RO         5938    i.CO_TIME_receive   co_time.o
    0x080028d6   0x080028d6   0x00000002   PAD
    0x080028d8   0x080028d8   0x00000200   Code   RO         5536    i.CO_TPDO_init      co_pdo.o
    0x08002ad8   0x08002ad8   0x00000104   Code   RO         5537    i.CO_TPDO_process   co_pdo.o
    0x08002bdc   0x08002bdc   0x000000bc   Code   RO         5538    i.CO_TPDOsend       co_pdo.o
    0x08002c98   0x08002c98   0x00000078   Code   RO         6239    i.CO_delete         canopen.o
    0x08002d10   0x08002d10   0x000000a6   Code   RO         5197    i.CO_error          co_emergency.o
    0x08002db6   0x08002db6   0x00000016   Code   RO         5275    i.CO_fifo_init      co_fifo.o
    0x08002dcc   0x08002dcc   0x0000004c   Code   RO         5276    i.CO_fifo_read      co_fifo.o
    0x08002e18   0x08002e18   0x0000000c   Code   RO         5691    i.CO_fifo_reset     co_sdoclient.o
    0x08002e24   0x08002e24   0x0000004e   Code   RO         5277    i.CO_fifo_write     co_fifo.o
    0x08002e72   0x08002e72   0x00000012   Code   RO         5539    i.CO_getUint16      co_pdo.o
    0x08002e84   0x08002e84   0x00000010   Code   RO         5540    i.CO_getUint32      co_pdo.o
    0x08002e94   0x08002e94   0x00000010   Code   RO         5799    i.CO_getUint32      co_sdoserver.o
    0x08002ea4   0x08002ea4   0x00000010   Code   RO         5939    i.CO_getUint32      co_time.o
    0x08002eb4   0x08002eb4   0x00000012   Code   RO         5541    i.CO_getUint8       co_pdo.o
    0x08002ec6   0x08002ec6   0x0000001c   Code   RO         5389    i.CO_isError        co_nmt_heartbeat.o
    0x08002ee2   0x08002ee2   0x0000001c   Code   RO         6240    i.CO_isError        canopen.o
    0x08002efe   0x08002efe   0x00000144   Code   RO         6242    i.CO_new            canopen.o
    0x08003042   0x08003042   0x00000136   Code   RO         6243    i.CO_process        canopen.o
    0x08003178   0x08003178   0x0000004a   Code   RO         6244    i.CO_process_RPDO   canopen.o
    0x080031c2   0x080031c2   0x0000004a   Code   RO         6245    i.CO_process_SYNC   canopen.o
    0x0800320c   0x0800320c   0x00000046   Code   RO         6246    i.CO_process_TPDO   canopen.o
    0x08003252   0x08003252   0x00000002   Code   RO          446    i.DebugMon_Handler  stm32h7xx_it.o
    0x08003254   0x08003254   0x00000004   Code   RO           13    i.Error_Handler     main.o
    0x08003258   0x08003258   0x0000000c   Code   RO          447    i.FDCAN1_IT0_IRQHandler  stm32h7xx_it.o
    0x08003264   0x08003264   0x0000000c   Code   RO          448    i.FDCAN1_IT1_IRQHandler  stm32h7xx_it.o
    0x08003270   0x08003270   0x000001c0   Code   RO         2983    i.FDCAN_CalcultateRamBlockAddresses  stm32h7xx_hal_fdcan.o
    0x08003430   0x08003430   0x00000068   Code   RO         2984    i.FDCAN_CopyMessageToRAM  stm32h7xx_hal_fdcan.o
    0x08003498   0x08003498   0x00000024   Code   RO         2044    i.HAL_Delay         stm32h7xx_hal.o
    0x080034bc   0x080034bc   0x00000084   Code   RO         2986    i.HAL_FDCAN_ActivateNotification  stm32h7xx_hal_fdcan.o
    0x08003540   0x08003540   0x00000066   Code   RO         2988    i.HAL_FDCAN_AddMessageToTxFifoQ  stm32h7xx_hal_fdcan.o
    0x080035a6   0x080035a6   0x00000002   Code   RO         2989    i.HAL_FDCAN_ClockCalibrationCallback  stm32h7xx_hal_fdcan.o
    0x080035a8   0x080035a8   0x00000032   Code   RO         2994    i.HAL_FDCAN_ConfigGlobalFilter  stm32h7xx_hal_fdcan.o
    0x080035da   0x080035da   0x00000002   Code   RO         3015    i.HAL_FDCAN_ErrorCallback  stm32h7xx_hal_fdcan.o
    0x080035dc   0x080035dc   0x00000002   Code   RO         3016    i.HAL_FDCAN_ErrorStatusCallback  stm32h7xx_hal_fdcan.o
    0x080035de   0x080035de   0x00000002   PAD
    0x080035e0   0x080035e0   0x0000016c   Code   RO         3027    i.HAL_FDCAN_GetRxMessage  stm32h7xx_hal_fdcan.o
    0x0800374c   0x0800374c   0x0000000c   Code   RO         3032    i.HAL_FDCAN_GetTxFifoFreeLevel  stm32h7xx_hal_fdcan.o
    0x08003758   0x08003758   0x00000002   Code   RO         3033    i.HAL_FDCAN_HighPriorityMessageCallback  stm32h7xx_hal_fdcan.o
    0x0800375a   0x0800375a   0x00000002   PAD
    0x0800375c   0x0800375c   0x000002e0   Code   RO         3034    i.HAL_FDCAN_IRQHandler  stm32h7xx_hal_fdcan.o
    0x08003a3c   0x08003a3c   0x00000244   Code   RO         3035    i.HAL_FDCAN_Init    stm32h7xx_hal_fdcan.o
    0x08003c80   0x08003c80   0x000000a8   Code   RO          304    i.HAL_FDCAN_MspInit  fdcan.o
    0x08003d28   0x08003d28   0x00000002   Code   RO         3044    i.HAL_FDCAN_RxBufferNewMessageCallback  stm32h7xx_hal_fdcan.o
    0x08003d2a   0x08003d2a   0x0000000e   Code   RO         6563    i.HAL_FDCAN_RxFifo0Callback  co_drv.o
    0x08003d38   0x08003d38   0x0000000e   Code   RO         6564    i.HAL_FDCAN_RxFifo1Callback  co_drv.o
    0x08003d46   0x08003d46   0x00000032   Code   RO         3047    i.HAL_FDCAN_Start   stm32h7xx_hal_fdcan.o
    0x08003d78   0x08003d78   0x0000007c   Code   RO         3048    i.HAL_FDCAN_Stop    stm32h7xx_hal_fdcan.o
    0x08003df4   0x08003df4   0x00000002   Code   RO         3069    i.HAL_FDCAN_TT_GlobalTimeCallback  stm32h7xx_hal_fdcan.o
    0x08003df6   0x08003df6   0x00000002   Code   RO         3070    i.HAL_FDCAN_TT_ScheduleSyncCallback  stm32h7xx_hal_fdcan.o
    0x08003df8   0x08003df8   0x00000002   Code   RO         3075    i.HAL_FDCAN_TT_StopWatchCallback  stm32h7xx_hal_fdcan.o
    0x08003dfa   0x08003dfa   0x00000002   Code   RO         3076    i.HAL_FDCAN_TT_TimeMarkCallback  stm32h7xx_hal_fdcan.o
    0x08003dfc   0x08003dfc   0x00000002   Code   RO         3077    i.HAL_FDCAN_TimeoutOccurredCallback  stm32h7xx_hal_fdcan.o
    0x08003dfe   0x08003dfe   0x00000002   Code   RO         3078    i.HAL_FDCAN_TimestampWraparoundCallback  stm32h7xx_hal_fdcan.o
    0x08003e00   0x08003e00   0x00000002   Code   RO         3079    i.HAL_FDCAN_TxBufferAbortCallback  stm32h7xx_hal_fdcan.o
    0x08003e02   0x08003e02   0x00000002   PAD
    0x08003e04   0x08003e04   0x0000005c   Code   RO         6565    i.HAL_FDCAN_TxBufferCompleteCallback  co_drv.o
    0x08003e60   0x08003e60   0x00000002   Code   RO         3081    i.HAL_FDCAN_TxEventFifoCallback  stm32h7xx_hal_fdcan.o
    0x08003e62   0x08003e62   0x00000002   Code   RO         3082    i.HAL_FDCAN_TxFifoEmptyCallback  stm32h7xx_hal_fdcan.o
    0x08003e64   0x08003e64   0x000001cc   Code   RO         1195    i.HAL_GPIO_Init     stm32h7xx_hal_gpio.o
    0x08004030   0x08004030   0x0000000a   Code   RO         1199    i.HAL_GPIO_WritePin  stm32h7xx_hal_gpio.o
    0x0800403a   0x0800403a   0x00000002   PAD
    0x0800403c   0x0800403c   0x0000000c   Code   RO         2060    i.HAL_GetTick       stm32h7xx_hal.o
    0x08004048   0x08004048   0x00000010   Code   RO         2066    i.HAL_IncTick       stm32h7xx_hal.o
    0x08004058   0x08004058   0x0000005c   Code   RO         2067    i.HAL_Init          stm32h7xx_hal.o
    0x080040b4   0x080040b4   0x00000040   Code   RO         2068    i.HAL_InitTick      stm32h7xx_hal.o
    0x080040f4   0x080040f4   0x0000001c   Code   RO          545    i.HAL_MspInit       stm32h7xx_hal_msp.o
    0x08004110   0x08004110   0x0000001a   Code   RO          577    i.HAL_NVIC_EnableIRQ  stm32h7xx_hal_cortex.o
    0x0800412a   0x0800412a   0x00000002   PAD
    0x0800412c   0x0800412c   0x00000040   Code   RO          583    i.HAL_NVIC_SetPriority  stm32h7xx_hal_cortex.o
    0x0800416c   0x0800416c   0x00000024   Code   RO          584    i.HAL_NVIC_SetPriorityGrouping  stm32h7xx_hal_cortex.o
    0x08004190   0x08004190   0x00000024   Code   RO          585    i.HAL_NVIC_SystemReset  stm32h7xx_hal_cortex.o
    0x080041b4   0x080041b4   0x00000050   Code   RO         1796    i.HAL_PWREx_ConfigSupply  stm32h7xx_hal_pwr_ex.o
    0x08004204   0x08004204   0x00000024   Code   RO          838    i.HAL_RCCEx_GetD3PCLK1Freq  stm32h7xx_hal_rcc_ex.o
    0x08004228   0x08004228   0x0000013c   Code   RO          840    i.HAL_RCCEx_GetPLL2ClockFreq  stm32h7xx_hal_rcc_ex.o
    0x08004364   0x08004364   0x0000013c   Code   RO          841    i.HAL_RCCEx_GetPLL3ClockFreq  stm32h7xx_hal_rcc_ex.o
    0x080044a0   0x080044a0   0x0000093c   Code   RO          847    i.HAL_RCCEx_PeriphCLKConfig  stm32h7xx_hal_rcc_ex.o
    0x08004ddc   0x08004ddc   0x00000270   Code   RO          723    i.HAL_RCC_ClockConfig  stm32h7xx_hal_rcc.o
    0x0800504c   0x0800504c   0x00000044   Code   RO          728    i.HAL_RCC_GetHCLKFreq  stm32h7xx_hal_rcc.o
    0x08005090   0x08005090   0x00000024   Code   RO          730    i.HAL_RCC_GetPCLK1Freq  stm32h7xx_hal_rcc.o
    0x080050b4   0x080050b4   0x00000024   Code   RO          731    i.HAL_RCC_GetPCLK2Freq  stm32h7xx_hal_rcc.o
    0x080050d8   0x080050d8   0x00000130   Code   RO          732    i.HAL_RCC_GetSysClockFreq  stm32h7xx_hal_rcc.o
    0x08005208   0x08005208   0x0000051c   Code   RO          735    i.HAL_RCC_OscConfig  stm32h7xx_hal_rcc.o
    0x08005724   0x08005724   0x00000028   Code   RO          588    i.HAL_SYSTICK_Config  stm32h7xx_hal_cortex.o
    0x0800574c   0x0800574c   0x00000002   Code   RO         4317    i.HAL_TIMEx_Break2Callback  stm32h7xx_hal_tim_ex.o
    0x0800574e   0x0800574e   0x00000002   Code   RO         4318    i.HAL_TIMEx_BreakCallback  stm32h7xx_hal_tim_ex.o
    0x08005750   0x08005750   0x00000002   Code   RO         4319    i.HAL_TIMEx_CommutCallback  stm32h7xx_hal_tim_ex.o
    0x08005752   0x08005752   0x00000002   PAD
    0x08005754   0x08005754   0x000000b8   Code   RO         4340    i.HAL_TIMEx_MasterConfigSynchronization  stm32h7xx_hal_tim_ex.o
    0x0800580c   0x0800580c   0x00000062   Code   RO         3603    i.HAL_TIM_Base_Init  stm32h7xx_hal_tim.o
    0x0800586e   0x0800586e   0x00000002   PAD
    0x08005870   0x08005870   0x00000064   Code   RO          346    i.HAL_TIM_Base_MspInit  tim.o
    0x080058d4   0x080058d4   0x000000a0   Code   RO         3608    i.HAL_TIM_Base_Start_IT  stm32h7xx_hal_tim.o
    0x08005974   0x08005974   0x000000fc   Code   RO         3612    i.HAL_TIM_ConfigClockSource  stm32h7xx_hal_tim.o
    0x08005a70   0x08005a70   0x00000002   Code   RO         3637    i.HAL_TIM_IC_CaptureCallback  stm32h7xx_hal_tim.o
    0x08005a72   0x08005a72   0x0000014a   Code   RO         3651    i.HAL_TIM_IRQHandler  stm32h7xx_hal_tim.o
    0x08005bbc   0x08005bbc   0x00000002   Code   RO         3654    i.HAL_TIM_OC_DelayElapsedCallback  stm32h7xx_hal_tim.o
    0x08005bbe   0x08005bbe   0x00000002   Code   RO         3681    i.HAL_TIM_PWM_PulseFinishedCallback  stm32h7xx_hal_tim.o
    0x08005bc0   0x08005bc0   0x00000038   Code   RO         6392    i.HAL_TIM_PeriodElapsedCallback  co_app.o
    0x08005bf8   0x08005bf8   0x00000002   Code   RO         3694    i.HAL_TIM_TriggerCallback  stm32h7xx_hal_tim.o
    0x08005bfa   0x08005bfa   0x0000003e   Code   RO         5040    i.HAL_UARTEx_DisableFifoMode  stm32h7xx_hal_uart_ex.o
    0x08005c38   0x08005c38   0x0000004c   Code   RO         5049    i.HAL_UARTEx_SetRxFifoThreshold  stm32h7xx_hal_uart_ex.o
    0x08005c84   0x08005c84   0x0000004c   Code   RO         5050    i.HAL_UARTEx_SetTxFifoThreshold  stm32h7xx_hal_uart_ex.o
    0x08005cd0   0x08005cd0   0x0000006a   Code   RO         4649    i.HAL_UART_Init     stm32h7xx_hal_uart.o
    0x08005d3a   0x08005d3a   0x00000002   PAD
    0x08005d3c   0x08005d3c   0x00000088   Code   RO          394    i.HAL_UART_MspInit  usart.o
    0x08005dc4   0x08005dc4   0x000000ae   Code   RO         4658    i.HAL_UART_Transmit  stm32h7xx_hal_uart.o
    0x08005e72   0x08005e72   0x00000002   Code   RO          449    i.HardFault_Handler  stm32h7xx_it.o
    0x08005e74   0x08005e74   0x0000006c   Code   RO          305    i.MX_FDCAN1_Init    fdcan.o
    0x08005ee0   0x08005ee0   0x00000080   Code   RO          279    i.MX_GPIO_Init      gpio.o
    0x08005f60   0x08005f60   0x00000068   Code   RO          347    i.MX_TIM3_Init      tim.o
    0x08005fc8   0x08005fc8   0x00000068   Code   RO          348    i.MX_TIM4_Init      tim.o
    0x08006030   0x08006030   0x00000068   Code   RO          395    i.MX_USART1_UART_Init  usart.o
    0x08006098   0x08006098   0x00000002   Code   RO          450    i.MemManage_Handler  stm32h7xx_it.o
    0x0800609a   0x0800609a   0x00000002   Code   RO          451    i.NMI_Handler       stm32h7xx_it.o
    0x0800609c   0x0800609c   0x0000000c   Code   RO         5542    i.OD_extension_init  co_pdo.o
    0x080060a8   0x080060a8   0x00000052   Code   RO         5453    i.OD_find           co_odinterface.o
    0x080060fa   0x080060fa   0x00000008   Code   RO         5198    i.OD_getIndex       co_emergency.o
    0x08006102   0x08006102   0x00000008   Code   RO         5327    i.OD_getIndex       co_hbconsumer.o
    0x0800610a   0x0800610a   0x00000008   Code   RO         5390    i.OD_getIndex       co_nmt_heartbeat.o
    0x08006112   0x08006112   0x00000008   Code   RO         5543    i.OD_getIndex       co_pdo.o
    0x0800611a   0x0800611a   0x00000008   Code   RO         5692    i.OD_getIndex       co_sdoclient.o
    0x08006122   0x08006122   0x00000008   Code   RO         5880    i.OD_getIndex       co_sync.o
    0x0800612a   0x0800612a   0x00000036   Code   RO         5454    i.OD_getPtr         co_odinterface.o
    0x08006160   0x08006160   0x00000018   Code   RO         5455    i.OD_getSDOabCode   co_odinterface.o
    0x08006178   0x08006178   0x000000e0   Code   RO         5456    i.OD_getSub         co_odinterface.o
    0x08006258   0x08006258   0x0000000c   Code   RO         5544    i.OD_get_u16        co_pdo.o
    0x08006264   0x08006264   0x0000000c   Code   RO         5545    i.OD_get_u32        co_pdo.o
    0x08006270   0x08006270   0x0000000c   Code   RO         5693    i.OD_get_u32        co_sdoclient.o
    0x0800627c   0x0800627c   0x0000000c   Code   RO         5800    i.OD_get_u32        co_sdoserver.o
    0x08006288   0x08006288   0x0000000c   Code   RO         5546    i.OD_get_u8         co_pdo.o
    0x08006294   0x08006294   0x0000000c   Code   RO         5694    i.OD_get_u8         co_sdoclient.o
    0x080062a0   0x080062a0   0x0000003a   Code   RO         5457    i.OD_get_value      co_odinterface.o
    0x080062da   0x080062da   0x00000004   Code   RO         5458    i.OD_readDisabled   co_odinterface.o
    0x080062de   0x080062de   0x00000056   Code   RO         5459    i.OD_readOriginal   co_odinterface.o
    0x08006334   0x08006334   0x0000006e   Code   RO         5199    i.OD_read_1003      co_emergency.o
    0x080063a2   0x080063a2   0x00000040   Code   RO         5200    i.OD_read_1014_default  co_emergency.o
    0x080063e2   0x080063e2   0x00000054   Code   RO         5547    i.OD_read_PDO_commParam  co_pdo.o
    0x08006436   0x08006436   0x00000028   Code   RO         5548    i.OD_read_dummy     co_pdo.o
    0x0800645e   0x0800645e   0x00000012   Code   RO         5801    i.OD_set_u32        co_sdoserver.o
    0x08006470   0x08006470   0x00000038   Code   RO         5460    i.OD_set_value      co_odinterface.o
    0x080064a8   0x080064a8   0x00000004   Code   RO         5461    i.OD_writeDisabled  co_odinterface.o
    0x080064ac   0x080064ac   0x0000005c   Code   RO         5462    i.OD_writeOriginal  co_odinterface.o
    0x08006508   0x08006508   0x00000038   Code   RO         5201    i.OD_write_1003     co_emergency.o
    0x08006540   0x08006540   0x000000f4   Code   RO         5881    i.OD_write_1005     co_sync.o
    0x08006634   0x08006634   0x00000080   Code   RO         5940    i.OD_write_1012     co_time.o
    0x080066b4   0x080066b4   0x00000060   Code   RO         5328    i.OD_write_1016     co_hbconsumer.o
    0x08006714   0x08006714   0x0000004e   Code   RO         5391    i.OD_write_1017     co_nmt_heartbeat.o
    0x08006762   0x08006762   0x00000088   Code   RO         5882    i.OD_write_1019     co_sync.o
    0x080067ea   0x080067ea   0x00000002   PAD
    0x080067ec   0x080067ec   0x00000130   Code   RO         5802    i.OD_write_1201_additional  co_sdoserver.o
    0x0800691c   0x0800691c   0x0000014c   Code   RO         5549    i.OD_write_14xx     co_pdo.o
    0x08006a68   0x08006a68   0x0000017c   Code   RO         5550    i.OD_write_18xx     co_pdo.o
    0x08006be4   0x08006be4   0x000000aa   Code   RO         5551    i.OD_write_PDO_mapping  co_pdo.o
    0x08006c8e   0x08006c8e   0x00000008   Code   RO         5552    i.OD_write_dummy    co_pdo.o
    0x08006c96   0x08006c96   0x000000d8   Code   RO         5553    i.PDO_initMapping   co_pdo.o
    0x08006d6e   0x08006d6e   0x00000002   PAD
    0x08006d70   0x08006d70   0x000000dc   Code   RO         5554    i.PDOconfigMap      co_pdo.o
    0x08006e4c   0x08006e4c   0x00000002   Code   RO          452    i.PendSV_Handler    stm32h7xx_it.o
    0x08006e4e   0x08006e4e   0x00000002   PAD
    0x08006e50   0x08006e50   0x00000114   Code   RO          850    i.RCCEx_PLL2_Config  stm32h7xx_hal_rcc_ex.o
    0x08006f64   0x08006f64   0x00000114   Code   RO          851    i.RCCEx_PLL3_Config  stm32h7xx_hal_rcc_ex.o
    0x08007078   0x08007078   0x00000002   Code   RO          453    i.SVC_Handler       stm32h7xx_it.o
    0x0800707a   0x0800707a   0x00000004   Code   RO          454    i.SysTick_Handler   stm32h7xx_it.o
    0x0800707e   0x0800707e   0x00000002   PAD
    0x08007080   0x08007080   0x00000098   Code   RO           14    i.SystemClock_Config  main.o
    0x08007118   0x08007118   0x000000c0   Code   RO         5159    i.SystemInit        system_stm32h7xx.o
    0x080071d8   0x080071d8   0x0000000c   Code   RO          455    i.TIM3_IRQHandler   stm32h7xx_it.o
    0x080071e4   0x080071e4   0x0000000c   Code   RO          456    i.TIM4_IRQHandler   stm32h7xx_it.o
    0x080071f0   0x080071f0   0x000000e4   Code   RO         3696    i.TIM_Base_SetConfig  stm32h7xx_hal_tim.o
    0x080072d4   0x080072d4   0x00000014   Code   RO         3707    i.TIM_ETR_SetConfig  stm32h7xx_hal_tim.o
    0x080072e8   0x080072e8   0x00000014   Code   RO         3708    i.TIM_ITRx_SetConfig  stm32h7xx_hal_tim.o
    0x080072fc   0x080072fc   0x00000022   Code   RO         3716    i.TIM_TI1_ConfigInputStage  stm32h7xx_hal_tim.o
    0x0800731e   0x0800731e   0x00000024   Code   RO         3718    i.TIM_TI2_ConfigInputStage  stm32h7xx_hal_tim.o
    0x08007342   0x08007342   0x00000002   PAD
    0x08007344   0x08007344   0x00000044   Code   RO         5054    i.UARTEx_SetNbDataToProcess  stm32h7xx_hal_uart_ex.o
    0x08007388   0x08007388   0x000000c8   Code   RO         4663    i.UART_AdvFeatureConfig  stm32h7xx_hal_uart.o
    0x08007450   0x08007450   0x000000ac   Code   RO         4664    i.UART_CheckIdleState  stm32h7xx_hal_uart.o
    0x080074fc   0x080074fc   0x00000054   Code   RO         4675    i.UART_EndRxTransfer  stm32h7xx_hal_uart.o
    0x08007550   0x08007550   0x000003ec   Code   RO         4681    i.UART_SetConfig    stm32h7xx_hal_uart.o
    0x0800793c   0x0800793c   0x00000092   Code   RO         4688    i.UART_WaitOnFlagUntilTimeout  stm32h7xx_hal_uart.o
    0x080079ce   0x080079ce   0x00000002   Code   RO          457    i.UsageFault_Handler  stm32h7xx_it.o
    0x080079d0   0x080079d0   0x00000020   Code   RO         7042    i.__0printf$5       mc_w.l(printf5.o)
    0x080079f0   0x080079f0   0x00000020   Code   RO          590    i.__NVIC_SetPriority  stm32h7xx_hal_cortex.o
    0x08007a10   0x08007a10   0x0000000e   Code   RO         7241    i.__scatterload_copy  mc_w.l(handlers.o)
    0x08007a1e   0x08007a1e   0x00000002   Code   RO         7242    i.__scatterload_null  mc_w.l(handlers.o)
    0x08007a20   0x08007a20   0x0000000e   Code   RO         7243    i.__scatterload_zeroinit  mc_w.l(handlers.o)
    0x08007a2e   0x08007a2e   0x00000002   PAD
    0x08007a30   0x08007a30   0x000002c0   Code   RO         7049    i._printf_core      mc_w.l(printf5.o)
    0x08007cf0   0x08007cf0   0x00000080   Code   RO         6474    i.canopen_app_init  co_bsp.o
    0x08007d70   0x08007d70   0x00000050   Code   RO         6475    i.canopen_app_interrupt  co_bsp.o
    0x08007dc0   0x08007dc0   0x000000b8   Code   RO         6476    i.canopen_app_process  co_bsp.o
    0x08007e78   0x08007e78   0x00000270   Code   RO         6477    i.canopen_app_resetCommunication  co_bsp.o
    0x080080e8   0x080080e8   0x0000006c   Code   RO         6393    i.canopen_init      co_app.o
    0x08008154   0x08008154   0x00000018   Code   RO         6760    i.delay_ms          delay.o
    0x0800816c   0x0800816c   0x00000034   Code   RO         6761    i.delay_us          delay.o
    0x080081a0   0x080081a0   0x00000060   Code   RO         6800    i.dm4310_ctrl_send  dm4310_drv.o
    0x08008200   0x08008200   0x00000040   Code   RO         6801    i.dm4310_fbdata     dm4310_drv.o
    0x08008240   0x08008240   0x00000018   Code   RO          396    i.fputc             usart.o
    0x08008258   0x08008258   0x00000050   Code   RO         7170    i.free              mc_w.l(malloc.o)
    0x080082a8   0x080082a8   0x00000038   Code   RO         6802    i.get_od_16addr     dm4310_drv.o
    0x080082e0   0x080082e0   0x00000044   Code   RO         6803    i.get_od_addr       dm4310_drv.o
    0x08008324   0x08008324   0x0000004c   Code   RO           15    i.main              main.o
    0x08008370   0x08008370   0x0000006c   Code   RO         7171    i.malloc            mc_w.l(malloc.o)
    0x080083dc   0x080083dc   0x00000034   Code   RO         6804    i.open_tpdo         dm4310_drv.o
    0x08008410   0x08008410   0x000000ac   Code   RO         6566    i.prv_read_can_received_msg  co_drv.o
    0x080084bc   0x080084bc   0x00000088   Code   RO         6567    i.prv_send_can_message  co_drv.o
    0x08008544   0x08008544   0x000000cc   Code   RO         5803    i.readFromOd        co_sdoserver.o
    0x08008610   0x08008610   0x0000000c   Code   RO         6805    i.read_od_16        dm4310_drv.o
    0x0800861c   0x0800861c   0x0000000c   Code   RO         6806    i.read_od_f         dm4310_drv.o
    0x08008628   0x08008628   0x000000f0   Code   RO         5804    i.validateAndWriteToOD  co_sdoserver.o
    0x08008718   0x08008718   0x0000000c   Code   RO         6807    i.write_od_16       dm4310_drv.o
    0x08008724   0x08008724   0x0000000c   Code   RO         6808    i.write_od_f        dm4310_drv.o
    0x08008730   0x08008730   0x00000098   Code   RO         6397    i.write_sdo         co_app.o
    0x080087c8   0x080087c8   0x0000005c   Data   RO         3083    .constdata          stm32h7xx_hal_fdcan.o
    0x08008824   0x08008824   0x00000018   Data   RO         4689    .constdata          stm32h7xx_hal_uart.o
    0x0800883c   0x0800883c   0x00000010   Data   RO         5055    .constdata          stm32h7xx_hal_uart_ex.o
    0x0800884c   0x0800884c   0x00000010   Data   RO         5160    .constdata          system_stm32h7xx.o
    0x0800885c   0x0800885c   0x00000068   Data   RO         5463    .constdata          co_odinterface.o
    0x080088c4   0x080088c4   0x00000014   Data   RO         6110    .constdata          co_lssslave.o
    0x080088d8   0x080088d8   0x0000071c   Data   RO         6685    .constdata          od.o
    0x08008ff4   0x08008ff4   0x00000020   Data   RO         7239    Region$$Table       anon$$obj.o


    Execution Region RW_IRAM1 (Exec base: 0x20000000, Load base: 0x08009014, Size: 0x00000000, Max: 0x00020000, ABSOLUTE)

    **** No section assigned to this execution region ****


    Execution Region RW_IRAM2 (Exec base: 0x24000000, Load base: 0x08009014, Size: 0x00002b68, Max: 0x00050000, ABSOLUTE, COMPRESSED[0x00000180])

    Exec Addr    Load Addr    Size         Type   Attr      Idx    E Section Name        Object

    0x24000000   COMPRESSED   0x0000000c   Data   RW         2091    .data               stm32h7xx_hal.o
    0x2400000c   COMPRESSED   0x00000008   Data   RW         5161    .data               system_stm32h7xx.o
    0x24000014   COMPRESSED   0x00000014   Data   RW         6478    .data               co_bsp.o
    0x24000028   COMPRESSED   0x00000004   Data   RW         6569    .data               co_drv.o
    0x2400002c   COMPRESSED   0x000001fc   Data   RW         6686    .data               od.o
    0x24000228   COMPRESSED   0x00000058   Data   RW         6687    .data               od.o
    0x24000280   COMPRESSED   0x000001a4   Data   RW         6688    .data               od.o
    0x24000424   COMPRESSED   0x00000008   Data   RW         6689    .data               od.o
    0x2400042c   COMPRESSED   0x00000004   Data   RW         6690    .data               od.o
    0x24000430   COMPRESSED   0x00000004   Data   RW         6762    .data               delay.o
    0x24000434   COMPRESSED   0x00000008   Data   RW         6811    .data               dm4310_drv.o
    0x2400043c   COMPRESSED   0x00000004   Data   RW         6894    .data               mc_w.l(stdout.o)
    0x24000440   COMPRESSED   0x00000004   Data   RW         7220    .data               mc_w.l(mvars.o)
    0x24000444   COMPRESSED   0x00000004   Data   RW         7221    .data               mc_w.l(mvars.o)
    0x24000448        -       0x000000a0   Zero   RW          306    .bss                fdcan.o
    0x240004e8        -       0x00000098   Zero   RW          349    .bss                tim.o
    0x24000580        -       0x00000094   Zero   RW          397    .bss                usart.o
    0x24000614        -       0x00000018   Zero   RW         6398    .bss                co_app.o
    0x2400062c        -       0x0000004c   Zero   RW         6568    .bss                co_drv.o
    0x24000678        -       0x000000f0   Zero   RW         6810    .bss                dm4310_drv.o
    0x24000768        -       0x00002000   Zero   RW            2    HEAP                startup_stm32h723xx.o
    0x24002768        -       0x00000400   Zero   RW            1    STACK               startup_stm32h723xx.o


==============================================================================

Image component sizes


      Code (inc. data)   RO Data    RW Data    ZI Data      Debug   Object Name

      1808          8          0          0          0      43067   canopen.o
       316         52          0          0         24       6324   co_app.o
      1016        492          0         20          0      15382   co_bsp.o
      1024         48          0          4         76      12602   co_drv.o
      1032         22          0          0          0      28768   co_emergency.o
       176          0          0          0          0       4274   co_fifo.o
         0          0          0          0          0       1860   co_gateway_ascii.o
       762         12          0          0          0      17177   co_hbconsumer.o
       444         36          0          0          0      13969   co_leds.o
       820         18         20          0          0       8941   co_lssslave.o
       670         12          0          0          0      20439   co_nmt_heartbeat.o
       684         26        104          0          0      16039   co_odinterface.o
      3402         66          0          0          0      40546   co_pdo.o
       988         24          0          0          0      20478   co_sdoclient.o
      2558         52          0          0          0      25595   co_sdoserver.o
         0          0          0          0          0       3376   co_srdo.o
      1106         28          0          0          0      18949   co_sync.o
       566         26          0          0          0       9197   co_time.o
        76          4          0          4          0       1478   delay.o
       384         28          0          8        240      10934   dm4310_drv.o
       276         20          0          0        160       2043   fdcan.o
       128         10          0          0          0       1139   gpio.o
       232         14          0          0          0    1250764   main.o
         0          0       1820       1028          0      11248   od.o
        36          8        716          0       9216        860   startup_stm32h723xx.o
       220         40          0         12          0      23913   stm32h7xx_hal.o
       234         24          0          0          0      40330   stm32h7xx_hal_cortex.o
      2730         52         92          0          0      23426   stm32h7xx_hal_fdcan.o
       470         44          0          0          0       2460   stm32h7xx_hal_gpio.o
        28          6          0          0          0        998   stm32h7xx_hal_msp.o
        80          4          0          0          0        817   stm32h7xx_hal_pwr_ex.o
      2376        124          0          0          0       7512   stm32h7xx_hal_rcc.o
      3584        128          0          0          0       8177   stm32h7xx_hal_rcc_ex.o
      1186        100          0          0          0      11213   stm32h7xx_hal_tim.o
       190         36          0          0          0       3560   stm32h7xx_hal_tim_ex.o
      1886        116         24          0          0      27354   stm32h7xx_hal_uart.o
       282          6         16          0          0       3941   stm32h7xx_hal_uart_ex.o
        68         24          0          0          0       6426   stm32h7xx_it.o
       192         34         16          8          0       1530   system_stm32h7xx.o
       308         30          0          0        152       2703   tim.o
       264         28          0          0        148       3930   usart.o

    ----------------------------------------------------------------------
     32642       1802       2840       1084      10016    1753739   Object Totals
         0          0         32          0          0          0   (incl. Generated)
        40          0          0          0          0          0   (incl. Padding)

    ----------------------------------------------------------------------

      Code (inc. data)   RO Data    RW Data    ZI Data      Debug   Library Member Name

        86          0          0          0          0          0   __dczerorl2.o
        28          0          0          0          0         76   calloc.o
         0          0          0          0          0          0   entry.o
         0          0          0          0          0          0   entry10a.o
         0          0          0          0          0          0   entry11a.o
         8          4          0          0          0          0   entry2.o
         4          0          0          0          0          0   entry5.o
         0          0          0          0          0          0   entry7b.o
         0          0          0          0          0          0   entry8b.o
         8          4          0          0          0          0   entry9a.o
        30          0          0          0          0          0   handlers.o
        36          8          0          0          0         68   init.o
        30          0          0          0          0         68   llshl.o
        32          0          0          0          0         68   llushr.o
       188         20          0          0          0        160   malloc.o
        64          0          0          0          0         76   memmovea.o
        36          0          0          0          0        108   memseta.o
         0          0          0          8          0          0   mvars.o
       736         56          0          0          0        184   printf5.o
         0          0          0          4          0          0   stdout.o
        14          0          0          0          0         68   strlen.o
        98          0          0          0          0         92   uldiv.o

    ----------------------------------------------------------------------
      1402         92          0         12          0        968   Library Totals
         4          0          0          0          0          0   (incl. Padding)

    ----------------------------------------------------------------------

      Code (inc. data)   RO Data    RW Data    ZI Data      Debug   Library Name

      1398         92          0         12          0        968   mc_w.l

    ----------------------------------------------------------------------
      1402         92          0         12          0        968   Library Totals

    ----------------------------------------------------------------------

==============================================================================


      Code (inc. data)   RO Data    RW Data    ZI Data      Debug   

     34044       1894       2840       1096      10016    1731875   Grand Totals
     34044       1894       2840        384      10016    1731875   ELF Image Totals (compressed)
     34044       1894       2840        384          0          0   ROM Totals

==============================================================================

    Total RO  Size (Code + RO Data)                36884 (  36.02kB)
    Total RW  Size (RW Data + ZI Data)             11112 (  10.85kB)
    Total ROM Size (Code + RO Data + RW Data)      37268 (  36.39kB)

==============================================================================

